Archive member included to satisfy reference by file (symbol)

C:\Program Files (x86)\FreeBASIC\lib\win32/libfbgfx.a(gfx_access.o)
                              c64dvd-glsl.o (fb_GfxLock@0)
C:\Program Files (x86)\FreeBASIC\lib\win32/libfbgfx.a(gfx_bload.o)
                              c64dvd-glsl.o (fb_GfxBload@12)
C:\Program Files (x86)\FreeBASIC\lib\win32/libfbgfx.a(gfx_circle.o)
                              c64dvd-glsl.o (fb_GfxEllipse@40)
C:\Program Files (x86)\FreeBASIC\lib\win32/libfbgfx.a(gfx_control.o)
                              c64dvd-glsl.o (fb_GfxControl_i@20)
C:\Program Files (x86)\FreeBASIC\lib\win32/libfbgfx.a(gfx_core.o)
                              C:\Program Files (x86)\FreeBASIC\lib\win32/libfbgfx.a(gfx_access.o) (fb_hSetPixelTransfer)
C:\Program Files (x86)\FreeBASIC\lib\win32/libfbgfx.a(gfx_drawstring.o)
                              c64dvd-glsl.o (fb_GfxDrawString@44)
C:\Program Files (x86)\FreeBASIC\lib\win32/libfbgfx.a(gfx_image.o)
                              c64dvd-glsl.o (fb_GfxImageCreate@20)
C:\Program Files (x86)\FreeBASIC\lib\win32/libfbgfx.a(gfx_image_convert.o)
                              C:\Program Files (x86)\FreeBASIC\lib\win32/libfbgfx.a(gfx_bload.o) (fb_image_convert_8to8)
C:\Program Files (x86)\FreeBASIC\lib\win32/libfbgfx.a(gfx_image_info.o)
                              c64dvd-glsl.o (fb_GfxImageInfo@28)
C:\Program Files (x86)\FreeBASIC\lib\win32/libfbgfx.a(gfx_line.o)
                              c64dvd-glsl.o (fb_GfxLine@36)
C:\Program Files (x86)\FreeBASIC\lib\win32/libfbgfx.a(gfx_opengl.o)
                              c64dvd-glsl.o (fb_GfxGetGLProcAddress@4)
C:\Program Files (x86)\FreeBASIC\lib\win32/libfbgfx.a(gfx_page.o)
                              c64dvd-glsl.o (fb_GfxFlip@8)
C:\Program Files (x86)\FreeBASIC\lib\win32/libfbgfx.a(gfx_paint.o)
                              c64dvd-glsl.o (fb_GfxPaint@32)
C:\Program Files (x86)\FreeBASIC\lib\win32/libfbgfx.a(gfx_palette.o)
                              C:\Program Files (x86)\FreeBASIC\lib\win32/libfbgfx.a(gfx_circle.o) (fb_hFixColor)
C:\Program Files (x86)\FreeBASIC\lib\win32/libfbgfx.a(gfx_pset.o)
                              c64dvd-glsl.o (fb_GfxPset@24)
C:\Program Files (x86)\FreeBASIC\lib\win32/libfbgfx.a(gfx_put.o)
                              c64dvd-glsl.o (fb_GfxPut@56)
C:\Program Files (x86)\FreeBASIC\lib\win32/libfbgfx.a(gfx_put_alpha.o)
                              c64dvd-glsl.o (fb_hPutAlpha)
C:\Program Files (x86)\FreeBASIC\lib\win32/libfbgfx.a(gfx_put_pset.o)
                              C:\Program Files (x86)\FreeBASIC\lib\win32/libfbgfx.a(gfx_put_alpha.o) (fb_hPutPSetC)
C:\Program Files (x86)\FreeBASIC\lib\win32/libfbgfx.a(gfx_screen.o)
                              c64dvd-glsl.o (fb_GfxScreen@20)
C:\Program Files (x86)\FreeBASIC\lib\win32/libfbgfx.a(gfx_screeninfo.o)
                              c64dvd-glsl.o (fb_GfxScreenInfo@28)
C:\Program Files (x86)\FreeBASIC\lib\win32/libfbgfx.a(gfx_screenlist.o)
                              c64dvd-glsl.o (fb_GfxScreenList@4)
C:\Program Files (x86)\FreeBASIC\lib\win32/libfbgfx.a(gfx_setmouse.o)
                              C:\Program Files (x86)\FreeBASIC\lib\win32/libfbgfx.a(gfx_screen.o) (fb_GfxSetMouse)
C:\Program Files (x86)\FreeBASIC\lib\win32/libfbgfx.a(gfx_sleep.o)
                              C:\Program Files (x86)\FreeBASIC\lib\win32/libfbgfx.a(gfx_screen.o) (fb_GfxSleep)
C:\Program Files (x86)\FreeBASIC\lib\win32/libfbgfx.a(gfx_vars.o)
                              C:\Program Files (x86)\FreeBASIC\lib\win32/libfbgfx.a(gfx_control.o) (__fb_gfx_driver_name)
C:\Program Files (x86)\FreeBASIC\lib\win32/libfbgfx.a(gfx_vgaemu.o)
                              C:\Program Files (x86)\FreeBASIC\lib\win32/libfbgfx.a(gfx_screen.o) (fb_GfxIn)
C:\Program Files (x86)\FreeBASIC\lib\win32/libfbgfx.a(gfx_width.o)
                              C:\Program Files (x86)\FreeBASIC\lib\win32/libfbgfx.a(gfx_screen.o) (fb_GfxWidth)
C:\Program Files (x86)\FreeBASIC\lib\win32/libfbgfx.a(gfx_win32.o)
                              C:\Program Files (x86)\FreeBASIC\lib\win32/libfbgfx.a(gfx_control.o) (fb_hScreenInfo)
C:\Program Files (x86)\FreeBASIC\lib\win32/libfbgfx.a(gfx_mmx.o)
                              C:\Program Files (x86)\FreeBASIC\lib\win32/libfbgfx.a(gfx_core.o) (fb_hMemCpyMMX)
C:\Program Files (x86)\FreeBASIC\lib\win32/libfbgfx.a(gfx_put_alpha_mmx.o)
                              C:\Program Files (x86)\FreeBASIC\lib\win32/libfbgfx.a(gfx_put_alpha.o) (fb_hPutAlpha4MMX)
C:\Program Files (x86)\FreeBASIC\lib\win32/libfbgfx.a(gfx_put_pset_mmx.o)
                              C:\Program Files (x86)\FreeBASIC\lib\win32/libfbgfx.a(gfx_put_alpha.o) (fb_hPutPSetMMX)
C:\Program Files (x86)\FreeBASIC\lib\win32/libfbgfx.a(gfx_box.o)
                              C:\Program Files (x86)\FreeBASIC\lib\win32/libfbgfx.a(gfx_line.o) (fb_hGfxBox)
[...]
Memory Configuration

Name             Origin             Length             Attributes
*default*        0x0000000000000000 0xffffffffffffffff

Linker script and memory map

                0x0000000000400000                __image_base__ = 0x400000
                0x0000000000000000                __dll__ = 0x0
                0x0000000000400000                ___ImageBase = 0x400000
                0x0000000000001000                __section_alignment__ = 0x1000
                0x0000000000000200                __file_alignment__ = 0x200
                0x0000000000000004                __major_os_version__ = 0x4
                0x0000000000000000                __minor_os_version__ = 0x0
                0x0000000000000001                __major_image_version__ = 0x1
                0x0000000000000000                __minor_image_version__ = 0x0
                0x0000000000000004                __major_subsystem_version__ = 0x4
                0x0000000000000000                __minor_subsystem_version__ = 0x0
                0x0000000000000003                __subsystem__ = 0x3
                0x0000000000100000                __size_of_stack_reserve__ = 0x100000
                0x0000000000100000                __size_of_stack_commit__ = 0x100000
                0x0000000000100000                __size_of_heap_reserve__ = 0x100000
                0x0000000000001000                __size_of_heap_commit__ = 0x1000
                0x0000000000000000                __loader_flags__ = 0x0
                0x0000000000000000                __dll_characteristics__ = 0x0
LOAD C:\Program Files (x86)\FreeBASIC\lib\win32\fbextra.x
LOAD C:\Program Files (x86)\FreeBASIC\lib\win32\crt2.o
LOAD C:\Program Files (x86)\FreeBASIC\lib\win32\crtbegin.o
LOAD C:\Program Files (x86)\FreeBASIC\lib\win32\fbrt0.o
LOAD c64dvd-glsl.o
START GROUP
LOAD C:\Program Files (x86)\FreeBASIC\lib\win32/libfbgfx.a
LOAD C:\Program Files (x86)\FreeBASIC\lib\win32/libgdi32.dll.a
LOAD C:\Program Files (x86)\FreeBASIC\lib\win32/libwinmm.dll.a
LOAD C:\Program Files (x86)\FreeBASIC\lib\win32/libuser32.dll.a
LOAD C:\Program Files (x86)\FreeBASIC\lib\win32/libopengl32.dll.a
LOAD C:\Program Files (x86)\FreeBASIC\lib\win32/libadvapi32.dll.a
LOAD C:\Program Files (x86)\FreeBASIC\lib\win32/libfb.a
LOAD C:\Program Files (x86)\FreeBASIC\lib\win32/libgcc.a
LOAD C:\Program Files (x86)\FreeBASIC\lib\win32/libmsvcrt.dll.a
LOAD C:\Program Files (x86)\FreeBASIC\lib\win32/libkernel32.dll.a
LOAD C:\Program Files (x86)\FreeBASIC\lib\win32/libmingw32.a
LOAD C:\Program Files (x86)\FreeBASIC\lib\win32/libmingwex.a
LOAD C:\Program Files (x86)\FreeBASIC\lib\win32/libmoldname.a
LOAD C:\Program Files (x86)\FreeBASIC\lib\win32/libgcc_eh.a
END GROUP
LOAD C:\Program Files (x86)\FreeBASIC\lib\win32\crtend.o
                0x0000000000000290                . = SIZEOF_HEADERS
                0x0000000000001000                . = ALIGN (__section_alignment__)

.text           0x0000000000401000    0x63200
 *(.init)
 *(.text)
 .text          0x0000000000401000      0x500 C:\Program Files (x86)\FreeBASIC\lib\win32\crt2.o
                0x00000000004014c0                WinMainCRTStartup
                0x00000000004014e0                mainCRTStartup
 .text          0x0000000000401500       0x70 C:\Program Files (x86)\FreeBASIC\lib\win32\crtbegin.o
                0x0000000000401500                __gcc_register_frame
                0x0000000000401560                __gcc_deregister_frame
 .text          0x0000000000401570       0x20 C:\Program Files (x86)\FreeBASIC\lib\win32\fbrt0.o
 .text          0x0000000000401590    0x3df70 c64dvd-glsl.o
                0x0000000000401590                ERROREXIT@4
                0x0000000000401600                GLSCREEN@20
                0x0000000000402270                SHADERTOY::~SHADERTOY()
                0x00000000004022d0                SHADERTOY::COMPILEFILE(FBSTRING&)@8
                0x0000000000402450                SHADERTOY::COMPILECODE(FBSTRING&)@8
                0x0000000000402b40                C64_T::C64_T()
                0x0000000000403010                C64_T::~C64_T()
                0x00000000004030c0                MEMORY_T::MEMORY_T()
                0x0000000000405c00                MEMORY_T::~MEMORY_T()
                0x0000000000405c10                MEMORY_T::SCREENCODE(double)@12
                0x0000000000406b20                MEMORY_T::PEEKB(double)@12
                0x0000000000406b60                MEMORY_T::PEEKW(double)@12
                0x0000000000406bd0                MEMORY_T::POKEB(double, double)@20
                0x00000000004095f0                MEMORY_T::POKEW(double, double)@20
                0x00000000004096a0                MEMORY_T::ISSYMBOL(FBSTRING, double)@24
                0x0000000000409710                MEMORY_T::ISNUMBER(FBSTRING, double)@24
                0x0000000000409810                MEMORY_T::GETXYZ()@4
                0x0000000000409c80                MEMORY_T::PEEK64(double)@12
                0x0000000000409de0                MEMORY_T::POKE64(double, double)@20
                0x000000000043ab90                MEMORY_T::READUBYTE(double)@12
                0x000000000043abc0                MEMORY_T::READBYTE(double)@12
                0x000000000043abf0                MEMORY_T::READUSHORT(double)@12
                0x000000000043ac60                MEMORY_T::WRITEBYTE(double, double)@20
                0x000000000043ac80                MEMORY_T::WRITEUBYTE(double, double)@20
                0x000000000043aca0                MEMORY_T::WRITEUSHORT(double, double)@20
                0x000000000043ad50                CPU6510::CPU6510(MEMORY_T*)
                0x000000000043aeb0                CPU6510::~CPU6510()
                0x000000000043af10                CPU6510::operator FBSTRING()@4
                0x000000000043b480                CPU6510::TICK(double)@12
                0x000000000043b770                CPU6510::ADR_UNK()@4
                0x000000000043b7b0                CPU6510::ADR_IMM()@4
                0x000000000043b800                CPU6510::ADR_REL()@4
                0x000000000043b850                CPU6510::ADR_ABS()@4
                0x000000000043b8b0                CPU6510::ADR_ZERO()@4
                0x000000000043b930                CPU6510::ADR_ZEROX()@4
                0x000000000043b9c0                CPU6510::ADR_ZEROY()@4
                0x000000000043ba50                CPU6510::ADR_ABSX()@4
                0x000000000043bac0                CPU6510::ADR_ABSY()@4
                0x000000000043bb30                CPU6510::ADR_INDX()@4
                0x000000000043bc00                CPU6510::ADR_INDY()@4
                0x000000000043bca0                CPU6510::ADR_IND()@4
                0x000000000043bd30                CPU6510::PUSH(double)@12
                0x000000000043bd80                CPU6510::PULL()@4
                0x000000000043bdf0                INS_UNK@4
                0x000000000043be00                INS_ADC@4
                0x000000000043bff0                INS_AND@4
                0x000000000043c0c0                INS_ASL@4
                0x000000000043c210                INS_ASLA@4
                0x000000000043c310                INS_BCC@4
                0x000000000043c3a0                INS_BCS@4
                0x000000000043c430                INS_BEQ@4
                0x000000000043c4c0                INS_BIT@4
                0x000000000043c5d0                INS_BMI@4
                0x000000000043c660                INS_BNE@4
                0x000000000043c6f0                INS_BPL@4
                0x000000000043c780                INS_BRK@4
                0x000000000043c850                INS_BVC@4
                0x000000000043c8f0                INS_BVS@4
                0x000000000043c980                INS_CLC@4
                0x000000000043c9b0                INS_CLD@4
                0x000000000043c9e0                INS_CLI@4
                0x000000000043ca10                INS_CLV@4
                0x000000000043ca40                INS_CMP@4
                0x000000000043cb60                INS_CPX@4
                0x000000000043cc80                INS_CPY@4
                0x000000000043cda0                INS_DEC@4
                0x000000000043ceb0                INS_DEX@4
                0x000000000043cf70                INS_DEY@4
                0x000000000043d020                INS_EOR@4
                0x000000000043d0f0                INS_INC@4
                0x000000000043d1f0                INS_INX@4
                0x000000000043d2c0                INS_INY@4
                0x000000000043d390                INS_JMP@4
                0x000000000043d3b0                INS_JSR@4
                0x000000000043d420                INS_LDA@4
                0x000000000043d4e0                INS_LDX@4
                0x000000000043d5a0                INS_LDY@4
                0x000000000043d660                INS_LSR@4
                0x000000000043d7b0                INS_LSRA@4
                0x000000000043d8b0                INS_NOP@4
                0x000000000043d8c0                INS_ORA@4
                0x000000000043d990                INS_PHA@4
                0x000000000043d9c0                INS_PHP@4
                0x000000000043d9f0                INS_PLA@4
                0x000000000043daa0                INS_PLP@4
                0x000000000043dac0                INS_ROL@4
                0x000000000043dc60                INS_ROLA@4
                0x000000000043ddb0                INS_ROR@4
                0x000000000043df50                INS_RORA@4
                0x000000000043e0a0                INS_RTI@4
                0x000000000043e110                INS_RTS@4
                0x000000000043e170                INS_SBC@4
                0x000000000043e360                INS_SEC@4
                0x000000000043e390                INS_SED@4
                0x000000000043e3c0                INS_SEI@4
                0x000000000043e3f0                INS_STA@4
                0x000000000043e430                INS_STX@4
                0x000000000043e470                INS_STY@4
                0x000000000043e4b0                INS_TAX@4
                0x000000000043e560                INS_TAY@4
                0x000000000043e610                INS_TSX@4
                0x000000000043e6c0                INS_TXA@4
                0x000000000043e770                INS_TXS@4
                0x000000000043e790                INS_TYA@4
                0x000000000043e840                INS_R32@4
                0x000000000043e8a0                INS_W32@4
                0x000000000043e900                INS_R64@4
                0x000000000043e960                INS_W64@4
                0x000000000043e9c0                INTERRUPTSERVICE@4
                0x000000000043f0a0                main
 .text          0x000000000043f500      0x150 C:\Program Files (x86)\FreeBASIC\lib\win32/libfbgfx.a(gfx_access.o)
                0x000000000043f500                fb_GfxLock@0
                0x000000000043f550                fb_GfxUnlock@8
                0x000000000043f600                fb_GfxScreenPtr@0
 .text          0x000000000043f650     0x18d0 C:\Program Files (x86)\FreeBASIC\lib\win32/libfbgfx.a(gfx_bload.o)
                0x0000000000440ec0                fb_GfxBload@12
                0x0000000000440ef0                fb_GfxBloadQB@12
 .text          0x0000000000440f20      0xa40 C:\Program Files (x86)\FreeBASIC\lib\win32/libfbgfx.a(gfx_circle.o)
                0x0000000000441120                fb_GfxEllipse@40
 .text          0x0000000000441960      0x6c0 C:\Program Files (x86)\FreeBASIC\lib\win32/libfbgfx.a(gfx_control.o)
                0x0000000000441960                fb_GfxControl_s@8
                0x0000000000441ae0                fb_GfxControl_i@20
 .text          0x0000000000442020      0x9e0 C:\Program Files (x86)\FreeBASIC\lib\win32/libfbgfx.a(gfx_core.o)
                0x00000000004421b0                fb_hPixelSetAlpha4
                0x0000000000442260                fb_hPostEvent_code_start
                0x0000000000442270                fb_hPostEvent
                0x00000000004422f0                fb_hPostEvent_code_end
                0x0000000000442300                fb_hSetPixelTransfer
                0x0000000000442370                fb_hTranslateCoord
                0x0000000000442490                fb_hFixRelative
                0x0000000000442520                fb_hFixCoordsOrder
                0x0000000000442560                fb_hSetupFuncs
                0x0000000000442760                fb_hPrepareTarget
                0x0000000000442900                fb_hGetContext
 .text          0x0000000000442a00      0x720 C:\Program Files (x86)\FreeBASIC\lib\win32/libfbgfx.a(gfx_drawstring.o)
                0x0000000000442a00                fb_GfxDrawString@44
 .text          0x0000000000443120      0x330 C:\Program Files (x86)\FreeBASIC\lib\win32/libfbgfx.a(gfx_image.o)
                0x00000000004433b0                fb_GfxImageCreate@20
                0x00000000004433f0                fb_GfxImageCreateQB@20
                0x0000000000443430                fb_GfxImageDestroy@4
 .text          0x0000000000443450      0x450 C:\Program Files (x86)\FreeBASIC\lib\win32/libfbgfx.a(gfx_image_convert.o)
                0x0000000000443450                fb_image_convert_8to8
                0x0000000000443480                fb_image_convert_8to16
                0x00000000004434e0                fb_image_convert_8to32
                0x0000000000443540                fb_image_convert_24to16
                0x00000000004435a0                fb_image_convert_24to32
                0x00000000004435f0                fb_image_convert_32to16
                0x0000000000443650                fb_image_convert_32to32
                0x0000000000443690                fb_image_convert_24bgrto16
                0x00000000004436f0                fb_image_convert_24bgrto32
                0x0000000000443730                fb_image_convert_32bgrto16
                0x0000000000443780                fb_image_convert_32bgrto32
                0x00000000004437a0                fb_GfxImageConvertRow@24
 .text          0x00000000004438a0      0x110 C:\Program Files (x86)\FreeBASIC\lib\win32/libfbgfx.a(gfx_image_info.o)
                0x00000000004438a0                fb_GfxImageInfo@28
 .text          0x00000000004439b0      0x920 C:\Program Files (x86)\FreeBASIC\lib\win32/libfbgfx.a(gfx_line.o)
                0x0000000000443a00                fb_GfxDrawLine
                0x0000000000444120                fb_GfxLine@36
 .text          0x00000000004442d0      0xb60 C:\Program Files (x86)\FreeBASIC\lib\win32/libfbgfx.a(gfx_opengl.o)
                0x00000000004442d0                fb_GfxGetGLProcAddress@4
                0x0000000000444310                fb_hGL_ExtensionSupported
                0x0000000000444360                fb_hGL_SetState
                0x00000000004443a0                fb_hGL_ImageCreate
                0x00000000004444c0                fb_hGL_ScreenCreate
                0x00000000004446e0                fb_hGL_ImageDestroy
                0x0000000000444700                fb_hGL_NormalizeParameters
                0x0000000000444920                fb_hGL_Init
                0x0000000000444a40                fb_hGL_SetPalette
                0x0000000000444a80                fb_hGL_SetupProjection
 .text          0x0000000000444e30      0x3d0 C:\Program Files (x86)\FreeBASIC\lib\win32/libfbgfx.a(gfx_page.o)
                0x0000000000444e30                fb_GfxFlip@8
                0x0000000000445070                fb_GfxPageCopy
                0x0000000000445090                fb_GfxPageSet
 .text          0x0000000000445200      0x620 C:\Program Files (x86)\FreeBASIC\lib\win32/libfbgfx.a(gfx_paint.o)
                0x0000000000445320                fb_GfxPaint@32
 .text          0x0000000000445820      0x4b0 C:\Program Files (x86)\FreeBASIC\lib\win32/libfbgfx.a(gfx_palette.o)
                0x0000000000445820                fb_hMakeColor
                0x0000000000445860                fb_hFixColor
                0x00000000004458b0                fb_hRestorePalette
                0x0000000000445920                fb_hSetPaletteColorRgb
                0x0000000000445980                fb_hSetPaletteColor
                0x0000000000445a80                fb_GfxPalette@16
 .text          0x0000000000445cd0      0x160 C:\Program Files (x86)\FreeBASIC\lib\win32/libfbgfx.a(gfx_pset.o)
                0x0000000000445cd0                fb_GfxPset@24
 .text          0x0000000000445e30      0x550 C:\Program Files (x86)\FreeBASIC\lib\win32/libfbgfx.a(gfx_put.o)
                0x0000000000445f00                fb_GfxPut@56
 .text          0x0000000000446380      0x1a0 C:\Program Files (x86)\FreeBASIC\lib\win32/libfbgfx.a(gfx_put_alpha.o)
                0x0000000000446440                fb_hPutAlpha
 .text          0x0000000000446520      0x120 C:\Program Files (x86)\FreeBASIC\lib\win32/libfbgfx.a(gfx_put_pset.o)
                0x0000000000446520                fb_hPutPSetC
                0x0000000000446570                fb_hPutPSet
 .text          0x0000000000446640      0xdf0 C:\Program Files (x86)\FreeBASIC\lib\win32/libfbgfx.a(gfx_screen.o)
                0x0000000000446640                fb_GfxViewUpdate
                0x0000000000446650                fb_hClearCharCells
                0x0000000000446700                fb_hResetCharCells
                0x00000000004470f0                fb_GfxScreen@20
                0x0000000000447220                fb_GfxScreenQB@12
                0x00000000004472b0                fb_GfxScreenRes@24
                0x00000000004473a0                fb_GfxSetWindowTitle@4
 .text          0x0000000000447430       0xe0 C:\Program Files (x86)\FreeBASIC\lib\win32/libfbgfx.a(gfx_screeninfo.o)
                0x0000000000447430                fb_GfxScreenInfo@28
 .text          0x0000000000447510      0x1d0 C:\Program Files (x86)\FreeBASIC\lib\win32/libfbgfx.a(gfx_screenlist.o)
                0x0000000000447550                fb_GfxScreenList@4
 .text          0x00000000004476e0       0x90 C:\Program Files (x86)\FreeBASIC\lib\win32/libfbgfx.a(gfx_setmouse.o)
                0x00000000004476e0                fb_GfxSetMouse
 .text          0x0000000000447770       0x70 C:\Program Files (x86)\FreeBASIC\lib\win32/libfbgfx.a(gfx_sleep.o)
                0x0000000000447770                fb_GfxSleep
 .text          0x00000000004477e0        0x0 C:\Program Files (x86)\FreeBASIC\lib\win32/libfbgfx.a(gfx_vars.o)
 .text          0x00000000004477e0      0x2d0 C:\Program Files (x86)\FreeBASIC\lib\win32/libfbgfx.a(gfx_vgaemu.o)
                0x00000000004477e0                fb_GfxIn
                0x0000000000447890                fb_GfxOut
 .text          0x0000000000447ab0      0x120 C:\Program Files (x86)\FreeBASIC\lib\win32/libfbgfx.a(gfx_width.o)
                0x0000000000447ab0                fb_GfxWidth
 .text          0x0000000000447bd0     0x1d20 C:\Program Files (x86)\FreeBASIC\lib\win32/libfbgfx.a(gfx_win32.o)
                0x0000000000447ea0                fb_hWin32WinProc@16
                0x0000000000448d70                fb_hHandleMessages
                0x0000000000448de0                fb_hInitWindow
                0x0000000000448ed0                fb_hWin32Init
                0x0000000000449310                fb_hWin32Exit
                0x0000000000449480                fb_hWin32Lock
                0x00000000004494a0                fb_hWin32Unlock
                0x00000000004494c0                fb_hWin32SetPalette
                0x0000000000449500                fb_hWin32WaitVSync
                0x0000000000449530                fb_hWin32GetMouse
                0x0000000000449590                fb_hWin32SetMouse
                0x0000000000449720                fb_hWin32SetWindowTitle
                0x00000000004497a0                fb_hWin32SetWindowPos
                0x0000000000449860                fb_hScreenInfo
                0x00000000004498d0                fb_hGetWindowHandle
                0x00000000004498e0                fb_hGetDisplayHandle
 .text          0x00000000004498f0      0x3c8 C:\Program Files (x86)\FreeBASIC\lib\win32/libfbgfx.a(gfx_mmx.o)
                0x00000000004498f0                fb_MMX_code_start
                0x00000000004498f0                fb_hMemCpyMMX
                0x0000000000449930                fb_hMemSetMMX
                0x0000000000449980                fb_hPixelSet2MMX
                0x00000000004499d0                fb_hPixelSet4MMX
                0x0000000000449a28                fb_hPixelSetAlpha4MMX
                0x0000000000449b10                fb_hPutPixelAlpha4MMX
                0x0000000000449b68                fb_hPutAlphaMaskMMX
                0x0000000000449cb8                fb_MMX_code_end
 .text          0x0000000000449cb8      0x110 C:\Program Files (x86)\FreeBASIC\lib\win32/libfbgfx.a(gfx_put_alpha_mmx.o)
                0x0000000000449cb8                fb_hPutAlpha4MMX
 .text          0x0000000000449dc8       0x90 C:\Program Files (x86)\FreeBASIC\lib\win32/libfbgfx.a(gfx_put_pset_mmx.o)
                0x0000000000449dc8                fb_hPutPSetMMX
 *fill*         0x0000000000449e58        0x8 
 .text          0x0000000000449e60      0x3e0 C:\Program Files (x86)\FreeBASIC\lib\win32/libfbgfx.a(gfx_box.o)
                0x0000000000449e60                fb_hGfxBox
 .text          0x000000000044a240      0x2b0 C:\Program Files (x86)\FreeBASIC\lib\win32/libfbgfx.a(gfx_cls.o)
                0x000000000044a240                fb_GfxClear
 .text          0x000000000044a4f0      0x280 C:\Program Files (x86)\FreeBASIC\lib\win32/libfbgfx.a(gfx_color.o)
                0x000000000044a4f0                fb_GfxColor
 .text          0x000000000044a770       0x50 C:\Program Files (x86)\FreeBASIC\lib\win32/libfbgfx.a(gfx_data.o)
                0x000000000044a770                fb_hSetupData
 .text          0x000000000044a7c0     0x12d0 C:\Program Files (x86)\FreeBASIC\lib\win32/libfbgfx.a(gfx_driver_ddraw.o)
 .text          0x000000000044ba90      0xc40 C:\Program Files (x86)\FreeBASIC\lib\win32/libfbgfx.a(gfx_driver_gdi.o)
 .text          0x000000000044c6d0       0x10 C:\Program Files (x86)\FreeBASIC\lib\win32/libfbgfx.a(gfx_driver_null.o)
 .text          0x000000000044c6e0     0x11a0 C:\Program Files (x86)\FreeBASIC\lib\win32/libfbgfx.a(gfx_driver_opengl.o)
                0x000000000044d860                fb_hGL_GetProcAddress
 .text          0x000000000044d880       0xe0 C:\Program Files (x86)\FreeBASIC\lib\win32/libfbgfx.a(gfx_getmouse.o)
                0x000000000044d880                fb_GfxGetMouse
 .text          0x000000000044d960      0x1b0 C:\Program Files (x86)\FreeBASIC\lib\win32/libfbgfx.a(gfx_inkey.o)
                0x000000000044d960                fb_hGfxInputBufferChanged
                0x000000000044da00                fb_hPostKey
                0x000000000044da40                fb_GfxGetkey
                0x000000000044da80                fb_GfxKeyHit
                0x000000000044dac0                fb_GfxInkey
                0x000000000044db00                fb_GfxIsRedir
 .text          0x000000000044db10      0x120 C:\Program Files (x86)\FreeBASIC\lib\win32/libfbgfx.a(gfx_lineinp.o)
                0x000000000044db10                fb_GfxLineInput
 .text          0x000000000044dc30      0x100 C:\Program Files (x86)\FreeBASIC\lib\win32/libfbgfx.a(gfx_lineinp_wstr.o)
                0x000000000044dc30                fb_GfxLineInputWstr
 .text          0x000000000044dd30      0x280 C:\Program Files (x86)\FreeBASIC\lib\win32/libfbgfx.a(gfx_lzw.o)
                0x000000000044dd30                fb_hDecode@16
 .text          0x000000000044dfb0       0x60 C:\Program Files (x86)\FreeBASIC\lib\win32/libfbgfx.a(gfx_multikey.o)
                0x000000000044dfb0                fb_GfxMultikey
 .text          0x000000000044e010      0x8f0 C:\Program Files (x86)\FreeBASIC\lib\win32/libfbgfx.a(gfx_print.o)
                0x000000000044e760                fb_GfxPrintBufferEx
                0x000000000044e780                fb_GfxPrintBuffer
                0x000000000044e7c0                fb_GfxLocateRaw
                0x000000000044e810                fb_GfxLocate
                0x000000000044e880                fb_GfxGetX
                0x000000000044e890                fb_GfxGetY
                0x000000000044e8a0                fb_GfxGetXY
                0x000000000044e8d0                fb_GfxGetSize
 .text          0x000000000044e900       0x90 C:\Program Files (x86)\FreeBASIC\lib\win32/libfbgfx.a(gfx_print_wstr.o)
                0x000000000044e900                fb_GfxPrintBufferWstrEx
                0x000000000044e960                fb_GfxPrintBufferWstr
 .text          0x000000000044e990      0x200 C:\Program Files (x86)\FreeBASIC\lib\win32/libfbgfx.a(gfx_readstr.o)
                0x000000000044e990                fb_GfxReadStr
 .text          0x000000000044eb90      0x100 C:\Program Files (x86)\FreeBASIC\lib\win32/libfbgfx.a(gfx_readxy.o)
                0x000000000044eb90                fb_GfxReadXY
 .text          0x000000000044ec90      0x280 C:\Program Files (x86)\FreeBASIC\lib\win32/libfbgfx.a(gfx_view.o)
                0x000000000044ec90                fb_GfxView@28
 .text          0x000000000044ef10     0x18d0 C:\Program Files (x86)\FreeBASIC\lib\win32/libfbgfx.a(gfx_blitter.o)
                0x0000000000450620                fb_hBlit_code_start
                0x0000000000450630                fb_hGetBlitter
                0x00000000004507d0                fb_hBlit_code_end
 .text          0x00000000004507e0      0xec8 C:\Program Files (x86)\FreeBASIC\lib\win32/libfbgfx.a(gfx_blitter_mmx.o)
                0x00000000004507e0                fb_hBlit8to15RGBMMX
                0x00000000004507e0                fb_hBlitMMX_code_start
                0x00000000004508c0                fb_hBlit8to15BGRMMX
                0x00000000004509a0                fb_hBlit8to16RGBMMX
                0x0000000000450a88                fb_hBlit8to16BGRMMX
                0x0000000000450b70                fb_hBlit8to24RGBMMX
                0x0000000000450c20                fb_hBlit8to24BGRMMX
                0x0000000000450cd8                fb_hBlit8to32RGBMMX
                0x0000000000450d70                fb_hBlit8to32BGRMMX
                0x0000000000450e18                fb_hBlit16to15RGBMMX
                0x0000000000450ec0                fb_hBlit16to15BGRMMX
                0x0000000000450f58                fb_hBlit16to16RGBMMX
                0x0000000000450ff8                fb_hBlit16to24MMX
                0x00000000004510e8                fb_hBlit16to32MMX
                0x00000000004511c8                fb_hBlit32to15RGBMMX
                0x0000000000451278                fb_hBlit32to15BGRMMX
                0x0000000000451328                fb_hBlit32to16RGBMMX
                0x00000000004513e8                fb_hBlit32to16BGRMMX
                0x00000000004514a8                fb_hBlit32to24RGBMMX
                0x0000000000451550                fb_hBlit32to24BGRMMX
                0x00000000004515f8                fb_hBlit32to32RGBMMX
                0x00000000004516a8                fb_hBlitMMX_code_end
 .text          0x00000000004516a8        0x0 C:\Program Files (x86)\FreeBASIC\lib\win32/libgdi32.dll.a(daybh.o)
 .text          0x00000000004516a8        0x0 C:\Program Files (x86)\FreeBASIC\lib\win32/libgdi32.dll.a(daybt.o)
 .text          0x00000000004516a8        0x0 C:\Program Files (x86)\FreeBASIC\lib\win32/libuser32.dll.a(dukbh.o)
 .text          0x00000000004516a8        0x0 C:\Program Files (x86)\FreeBASIC\lib\win32/libuser32.dll.a(dukbt.o)
 .text          0x00000000004516a8        0x8 C:\Program Files (x86)\FreeBASIC\lib\win32/libopengl32.dll.a(dgves00311.o)
                0x00000000004516a8                glTexParameteri@12
 .text          0x00000000004516b0        0x8 C:\Program Files (x86)\FreeBASIC\lib\win32/libopengl32.dll.a(dgves00308.o)
                0x00000000004516b0                glTexImage2D@36
 .text          0x00000000004516b8        0x8 C:\Program Files (x86)\FreeBASIC\lib\win32/libopengl32.dll.a(dgves00247.o)
                0x00000000004516b8                glRectf@16
 .text          0x00000000004516c0        0x8 C:\Program Files (x86)\FreeBASIC\lib\win32/libopengl32.dll.a(dgves00105.o)
                0x00000000004516c0                glGenTextures@8
 .text          0x00000000004516c8        0x8 C:\Program Files (x86)\FreeBASIC\lib\win32/libopengl32.dll.a(dgves00011.o)
                0x00000000004516c8                glBindTexture@8
 .text          0x00000000004516d0        0x0 C:\Program Files (x86)\FreeBASIC\lib\win32/libopengl32.dll.a(dgveh.o)
 .text          0x00000000004516d0        0x0 C:\Program Files (x86)\FreeBASIC\lib\win32/libopengl32.dll.a(dgvet.o)
 .text          0x00000000004516d0       0xa0 C:\Program Files (x86)\FreeBASIC\lib\win32/libfb.a(array_destructstr.o)
                0x00000000004516d0                fb_hArrayDtorStr
                0x0000000000451740                fb_ArrayDestructStr@4
 .text          0x0000000000451770       0xc0 C:\Program Files (x86)\FreeBASIC\lib\win32/libfb.a(con_input.o)
                0x0000000000451770                fb_ConsoleInput@12
 .text          0x0000000000451830       0x60 C:\Program Files (x86)\FreeBASIC\lib\win32/libfb.a(con_locate.o)
                0x0000000000451830                fb_Locate@20
 .text          0x0000000000451890      0x2a0 C:\Program Files (x86)\FreeBASIC\lib\win32/libfb.a(con_print_tty.o)
                0x0000000000451890                fb_ConPrintTTY
 .text          0x0000000000451b30      0xaa0 C:\Program Files (x86)\FreeBASIC\lib\win32/libfb.a(con_readline.o)
                0x0000000000451c10                fb_ConReadLine@4
 .text          0x00000000004525d0       0x68 C:\Program Files (x86)\FreeBASIC\lib\win32/libfb.a(cpudetect.o)
                0x00000000004525d0                fb_CpuDetect
 *fill*         0x0000000000452638        0x8 
 .text          0x0000000000452640       0x90 C:\Program Files (x86)\FreeBASIC\lib\win32/libfb.a(data.o)
                0x0000000000452640                fb_DataRestore@4
                0x0000000000452680                fb_DataNext
 .text          0x00000000004526d0       0xa0 C:\Program Files (x86)\FreeBASIC\lib\win32/libfb.a(data_readint.o)
                0x00000000004526d0                fb_DataReadInt@4
 .text          0x0000000000452770       0xa0 C:\Program Files (x86)\FreeBASIC\lib\win32/libfb.a(data_readstr.o)
                0x0000000000452770                fb_DataReadStr@12
 .text          0x0000000000452810       0xb0 C:\Program Files (x86)\FreeBASIC\lib\win32/libfb.a(data_readulong.o)
                0x0000000000452810                fb_DataReadULongint@4
 .text          0x00000000004528c0      0x120 C:\Program Files (x86)\FreeBASIC\lib\win32/libfb.a(dev_scrn_init.o)
                0x00000000004528c0                fb_DevScrnUpdateWidth
                0x0000000000452900                fb_DevScrnMaybeUpdateWidth
                0x0000000000452920                fb_DevScrnInit_Screen
                0x0000000000452950                fb_DevScrnEnd
                0x0000000000452980                fb_DevScrnInit_NoOpen
 .text          0x00000000004529e0      0x160 C:\Program Files (x86)\FreeBASIC\lib\win32/libfb.a(dev_scrn_read.o)
                0x00000000004529e0                fb_DevScrnRead
                0x0000000000452af0                fb_DevScrnInit_Read
 .text          0x0000000000452b40      0x150 C:\Program Files (x86)\FreeBASIC\lib\win32/libfb.a(error_getset.o)
                0x0000000000452b40                fb_ErrorGetNum@0
                0x0000000000452b70                fb_ErrorSetNum@4
                0x0000000000452ba0                fb_ErrorGetLineNum@0
                0x0000000000452bd0                fb_ErrorGetModName@0
                0x0000000000452c00                fb_ErrorSetModName@4
                0x0000000000452c30                fb_ErrorGetFuncName@0
                0x0000000000452c60                fb_ErrorSetFuncName@4
 .text          0x0000000000452c90       0xf0 C:\Program Files (x86)\FreeBASIC\lib\win32/libfb.a(file_close.o)
                0x0000000000452c90                fb_FileCloseEx
                0x0000000000452d10                fb_FileClose@4
                0x0000000000452d60                fb_FileCloseAll@0
 .text          0x0000000000452d80       0x90 C:\Program Files (x86)\FreeBASIC\lib\win32/libfb.a(file_eof.o)
                0x0000000000452d80                fb_FileEofEx
                0x0000000000452db0                fb_FileEof@4
 .text          0x0000000000452e10       0x40 C:\Program Files (x86)\FreeBASIC\lib\win32/libfb.a(file_free.o)
                0x0000000000452e10                fb_FileFree@0
 .text          0x0000000000452e50      0x5a0 C:\Program Files (x86)\FreeBASIC\lib\win32/libfb.a(file_get.o)
                0x0000000000452e50                fb_FileGetDataEx
                0x0000000000453170                fb_FileGetData
                0x00000000004531f0                fb_FileGet@16
                0x0000000000453270                fb_FileGetLarge@20
                0x00000000004532f0                fb_FileGetIOB@20
                0x0000000000453370                fb_FileGetLargeIOB@24
 .text          0x00000000004533f0       0x40 C:\Program Files (x86)\FreeBASIC\lib\win32/libfb.a(file_hconvpath.o)
                0x00000000004533f0                fb_hConvertPath
 .text          0x0000000000453430       0xb0 C:\Program Files (x86)\FreeBASIC\lib\win32/libfb.a(file_input_file.o)
                0x0000000000453430                fb_FileInput@4
 .text          0x00000000004534e0       0x80 C:\Program Files (x86)\FreeBASIC\lib\win32/libfb.a(file_input_str.o)
                0x00000000004534e0                fb_InputString@12
 .text          0x0000000000453560      0x320 C:\Program Files (x86)\FreeBASIC\lib\win32/libfb.a(file_input_tok.o)
                0x0000000000453650                fb_FileInputNextToken
 .text          0x0000000000453880      0x340 C:\Program Files (x86)\FreeBASIC\lib\win32/libfb.a(file_lineinp.o)
                0x0000000000453b70                fb_FileLineInput@16
 .text          0x0000000000453bc0       0xd0 C:\Program Files (x86)\FreeBASIC\lib\win32/libfb.a(file_open.o)
                0x0000000000453bc0                fb_FileOpenEx
                0x0000000000453c10                fb_FileOpen@24
 .text          0x0000000000453c90      0x3b0 C:\Program Files (x86)\FreeBASIC\lib\win32/libfb.a(file_put.o)
                0x0000000000453c90                fb_FilePutDataEx
                0x0000000000453f20                fb_FilePutData
                0x0000000000453fa0                fb_FilePut@16
                0x0000000000453ff0                fb_FilePutLarge@20
 .text          0x0000000000454040      0x170 C:\Program Files (x86)\FreeBASIC\lib\win32/libfb.a(file_putback.o)
                0x0000000000454040                fb_FilePutBackEx
                0x0000000000454150                fb_FilePutBack@12
 .text          0x00000000004541b0       0x60 C:\Program Files (x86)\FreeBASIC\lib\win32/libfb.a(file_reset.o)
                0x00000000004541b0                fb_FileReset@0
 .text          0x0000000000454210      0x160 C:\Program Files (x86)\FreeBASIC\lib\win32/libfb.a(file_seek.o)
                0x0000000000454210                fb_FileSeekEx
                0x00000000004542b0                fb_FileSeek@8
                0x0000000000454310                fb_FileSeekLarge@12
 .text          0x0000000000454370      0x120 C:\Program Files (x86)\FreeBASIC\lib\win32/libfb.a(file_size.o)
                0x0000000000454370                fb_FileSizeEx
                0x0000000000454430                fb_FileSize@4
 .text          0x0000000000454490      0x120 C:\Program Files (x86)\FreeBASIC\lib\win32/libfb.a(hdynload.o)
                0x0000000000454490                fb_hDynLoad
                0x0000000000454520                fb_hDynLoadAlso
                0x0000000000454580                fb_hDynUnload
 .text          0x00000000004545b0       0x50 C:\Program Files (x86)\FreeBASIC\lib\win32/libfb.a(hook_cls.o)
                0x00000000004545b0                fb_Cls@4
 .text          0x0000000000454600       0x80 C:\Program Files (x86)\FreeBASIC\lib\win32/libfb.a(hook_getmouse.o)
                0x0000000000454600                fb_GetMouse@20
 .text          0x0000000000454680       0x30 C:\Program Files (x86)\FreeBASIC\lib\win32/libfb.a(hook_getsize.o)
                0x0000000000454680                fb_GetSize@8
 .text          0x00000000004546b0       0x20 C:\Program Files (x86)\FreeBASIC\lib\win32/libfb.a(hook_getx.o)
                0x00000000004546b0                fb_GetX@0
 .text          0x00000000004546d0       0x30 C:\Program Files (x86)\FreeBASIC\lib\win32/libfb.a(hook_getxy.o)
                0x00000000004546d0                fb_GetXY@8
 .text          0x0000000000454700       0x60 C:\Program Files (x86)\FreeBASIC\lib\win32/libfb.a(hook_inkey.o)
                0x0000000000454700                fb_Inkey@0
                0x0000000000454720                fb_Getkey@0
                0x0000000000454740                fb_KeyHit@0
 .text          0x0000000000454760       0x40 C:\Program Files (x86)\FreeBASIC\lib\win32/libfb.a(hook_isredir.o)
                0x0000000000454760                fb_IsRedirected@4
 .text          0x00000000004547a0       0x80 C:\Program Files (x86)\FreeBASIC\lib\win32/libfb.a(hook_lineinp.o)
                0x00000000004547a0                fb_LineInput@24
 .text          0x0000000000454820       0xe0 C:\Program Files (x86)\FreeBASIC\lib\win32/libfb.a(hook_locate_ex.o)
                0x0000000000454820                fb_LocateEx@16
 .text          0x0000000000454900       0x60 C:\Program Files (x86)\FreeBASIC\lib\win32/libfb.a(hook_pageset.o)
                0x0000000000454900                fb_PageSet@8
 .text          0x0000000000454960       0x70 C:\Program Files (x86)\FreeBASIC\lib\win32/libfb.a(hook_pcopy.o)
                0x0000000000454960                fb_PageCopy@8
 .text          0x00000000004549d0       0x90 C:\Program Files (x86)\FreeBASIC\lib\win32/libfb.a(hook_printstr.o)
                0x00000000004549d0                fb_PrintBufferEx@12
                0x0000000000454a30                fb_PrintBuffer@8
 .text          0x0000000000454a60       0x40 C:\Program Files (x86)\FreeBASIC\lib\win32/libfb.a(hook_sleep.o)
                0x0000000000454a60                fb_Sleep@4
 .text          0x0000000000454aa0       0x90 C:\Program Files (x86)\FreeBASIC\lib\win32/libfb.a(hook_width.o)
                0x0000000000454aa0                fb_Width@8
 .text          0x0000000000454b30       0xf0 C:\Program Files (x86)\FreeBASIC\lib\win32/libfb.a(init.o)
                0x0000000000454b30                fb_hRtInit
                0x0000000000454b80                fb_hRtExit
                0x0000000000454be0                fb_Init@12
                0x0000000000454c00                fb_End@4
 .text          0x0000000000454c20      0x1b0 C:\Program Files (x86)\FreeBASIC\lib\win32/libfb.a(io_cls.o)
                0x0000000000454c20                fb_ConsoleClearViewRawEx
                0x0000000000454d10                fb_ConsoleClear
 .text          0x0000000000454dd0      0x170 C:\Program Files (x86)\FreeBASIC\lib\win32/libfb.a(io_color.o)
                0x0000000000454dd0                fb_ConsoleColorEx
                0x0000000000454e50                fb_ConsoleColor
                0x0000000000454ed0                fb_ConsoleGetColorAttEx
                0x0000000000454f00                fb_ConsoleGetColorAtt
 .text          0x0000000000454f40      0x100 C:\Program Files (x86)\FreeBASIC\lib\win32/libfb.a(io_gethnd.o)
                0x0000000000454f40                fb_hConsoleGetHandle
                0x0000000000455030                fb_hConsoleResetHandles
 .text          0x0000000000455040       0x90 C:\Program Files (x86)\FreeBASIC\lib\win32/libfb.a(io_getsize.o)
                0x0000000000455040                fb_ConsoleGetSize@8
 .text          0x00000000004550d0       0xb0 C:\Program Files (x86)\FreeBASIC\lib\win32/libfb.a(io_getx.o)
                0x00000000004550d0                fb_ConsoleGetRawXEx
                0x0000000000455100                fb_ConsoleGetRawX
                0x0000000000455140                fb_ConsoleGetX
 .text          0x0000000000455180      0x120 C:\Program Files (x86)\FreeBASIC\lib\win32/libfb.a(io_getxy.o)
                0x0000000000455180                fb_ConsoleGetRawXYEx
                0x00000000004551e0                fb_ConsoleGetRawXY
                0x0000000000455210                fb_ConsoleGetXY@8
 .text          0x00000000004552a0       0x50 C:\Program Files (x86)\FreeBASIC\lib\win32/libfb.a(io_hinkey.o)
                0x00000000004552a0                fb_hMakeInkeyStr
 .text          0x00000000004552f0       0x80 C:\Program Files (x86)\FreeBASIC\lib\win32/libfb.a(io_inkey.o)
                0x00000000004552f0                fb_ConsoleInkey
                0x0000000000455320                fb_ConsoleGetkey
                0x0000000000455350                fb_ConsoleKeyHit
 .text          0x0000000000455370      0x710 C:\Program Files (x86)\FreeBASIC\lib\win32/libfb.a(io_input.o)
                0x00000000004554a0                fb_hConsoleTranslateKey
                0x00000000004557d0                fb_ConsoleProcessEvents
                0x0000000000455920                fb_hConsoleInputBufferChanged
                0x00000000004559c0                fb_hConsoleGetKey
                0x00000000004559d0                fb_hConsolePeekKey
                0x00000000004559e0                fb_hConsolePutBackEvents
 .text          0x0000000000455a80       0x50 C:\Program Files (x86)\FreeBASIC\lib\win32/libfb.a(io_isredir.o)
                0x0000000000455a80                fb_ConsoleIsRedirected
 .text          0x0000000000455ad0      0x1e0 C:\Program Files (x86)\FreeBASIC\lib\win32/libfb.a(io_locate.o)
                0x0000000000455ad0                fb_ConsoleLocateRawEx
                0x0000000000455b80                fb_ConsoleLocate
                0x0000000000455c70                fb_ConsoleLocateRaw@12
 .text          0x0000000000455cb0      0x240 C:\Program Files (x86)\FreeBASIC\lib\win32/libfb.a(io_mouse.o)
                0x0000000000455d00                fb_ConsoleGetMouse
                0x0000000000455ed0                fb_ConsoleSetMouse
 .text          0x0000000000455ef0      0x1a0 C:\Program Files (x86)\FreeBASIC\lib\win32/libfb.a(io_multikey.o)
                0x0000000000455f90                fb_hVirtualToScancode
                0x0000000000455fe0                fb_ConsoleMultikey
 .text          0x0000000000456090      0x1e0 C:\Program Files (x86)\FreeBASIC\lib\win32/libfb.a(io_pageset.o)
                0x0000000000456090                fb_hConsoleCreateBuffer
                0x0000000000456100                fb_ConsolePageSet
 .text          0x0000000000456270      0x170 C:\Program Files (x86)\FreeBASIC\lib\win32/libfb.a(io_pcopy.o)
                0x0000000000456270                fb_ConsolePageCopy
 .text          0x00000000004563e0       0xc0 C:\Program Files (x86)\FreeBASIC\lib\win32/libfb.a(io_print.o)
                0x00000000004563e0                fb_PrintStringEx
                0x0000000000456440                fb_PrintString@12
 .text          0x00000000004564a0       0xb0 C:\Program Files (x86)\FreeBASIC\lib\win32/libfb.a(io_print_fix.o)
                0x00000000004564a0                fb_PrintFixStringEx
                0x00000000004564f0                fb_PrintFixString@12
 .text          0x0000000000456550      0x2c0 C:\Program Files (x86)\FreeBASIC\lib\win32/libfb.a(io_print_int.o)
                0x0000000000456550                fb_PrintInt@12
                0x00000000004566b0                fb_PrintUInt@12
 .text          0x0000000000456810       0xb0 C:\Program Files (x86)\FreeBASIC\lib\win32/libfb.a(io_print_wstr.o)
                0x0000000000456810                fb_PrintWstrEx
                0x0000000000456860                fb_PrintWstr@12
 .text          0x00000000004568c0      0x6f0 C:\Program Files (x86)\FreeBASIC\lib\win32/libfb.a(io_printbuff.o)
                0x0000000000456b70                fb_ConsolePrintBufferEx
                0x0000000000456f80                fb_ConsolePrintBuffer
 .text          0x0000000000456fb0      0x120 C:\Program Files (x86)\FreeBASIC\lib\win32/libfb.a(io_printpad.o)
                0x0000000000456fb0                fb_PrintPadEx
                0x0000000000457080                fb_PrintPad@8
 .text          0x00000000004570d0       0xa0 C:\Program Files (x86)\FreeBASIC\lib\win32/libfb.a(io_printvoid.o)
                0x00000000004570d0                fb_PrintVoidEx
                0x0000000000457120                fb_PrintVoid@8
 .text          0x0000000000457170       0xa0 C:\Program Files (x86)\FreeBASIC\lib\win32/libfb.a(io_printvoid_wstr.o)
                0x0000000000457170                fb_PrintVoidWstrEx
                0x00000000004571c0                fb_PrintVoidWstr@8
 .text          0x0000000000457210       0x30 C:\Program Files (x86)\FreeBASIC\lib\win32/libfb.a(io_setpos.o)
                0x0000000000457210                fb_SetPos@8
 .text          0x0000000000457240      0x150 C:\Program Files (x86)\FreeBASIC\lib\win32/libfb.a(io_view.o)
                0x0000000000457240                fb_ConsoleViewEx
                0x0000000000457360                fb_ConsoleView@8
 .text          0x0000000000457390       0xf0 C:\Program Files (x86)\FreeBASIC\lib\win32/libfb.a(io_viewhlp.o)
                0x0000000000457390                fb_ConsoleGetTopRow
                0x00000000004573b0                fb_ConsoleGetBotRow
                0x0000000000457410                fb_ConsoleSetTopBotRows
                0x0000000000457430                fb_ConsoleGetView
 .text          0x0000000000457480      0x260 C:\Program Files (x86)\FreeBASIC\lib\win32/libfb.a(io_width.o)
                0x0000000000457480                fb_ConsoleWidth
 .text          0x00000000004576e0      0x4d0 C:\Program Files (x86)\FreeBASIC\lib\win32/libfb.a(io_window.o)
                0x00000000004577d0                fb_hUpdateConsoleWindow@0
                0x00000000004577f0                fb_InitConsoleWindow
                0x0000000000457810                fb_hRestoreConsoleWindow@0
                0x00000000004578f0                fb_ConsoleGetMaxWindowSize
                0x0000000000457950                fb_hConsoleGetWindow
                0x0000000000457a20                fb_hConvertToConsole@16
                0x0000000000457ae0                fb_hConvertFromConsole@16
 .text          0x0000000000457bb0      0x700 C:\Program Files (x86)\FreeBASIC\lib\win32/libfb.a(math_rnd.o)
                0x0000000000457cb0                fb_Rnd@4
                0x0000000000457cd0                fb_Randomize@12
 .text          0x00000000004582b0       0x70 C:\Program Files (x86)\FreeBASIC\lib\win32/libfb.a(str_asc.o)
                0x00000000004582b0                fb_ASC@8
 .text          0x0000000000458320      0x2b0 C:\Program Files (x86)\FreeBASIC\lib\win32/libfb.a(str_assign.o)
                0x0000000000458320                fb_StrAssignEx@24
                0x0000000000458550                fb_StrAssign@20
                0x0000000000458590                fb_StrInit@20
 .text          0x00000000004585d0       0x60 C:\Program Files (x86)\FreeBASIC\lib\win32/libfb.a(str_chr.o)
                0x00000000004585d0                fb_CHR
 .text          0x0000000000458630      0x1b0 C:\Program Files (x86)\FreeBASIC\lib\win32/libfb.a(str_comp.o)
                0x0000000000458630                fb_StrCompare@16
 .text          0x00000000004587e0      0x160 C:\Program Files (x86)\FreeBASIC\lib\win32/libfb.a(str_concat.o)
                0x00000000004587e0                fb_StrConcat@20
 .text          0x0000000000458940      0x170 C:\Program Files (x86)\FreeBASIC\lib\win32/libfb.a(str_concatassign.o)
                0x0000000000458940                fb_StrConcatAssign@20
 .text          0x0000000000458ab0      0x190 C:\Program Files (x86)\FreeBASIC\lib\win32/libfb.a(str_convfrom.o)
                0x0000000000458ab0                fb_hStr2Double@8
                0x0000000000458be0                fb_VAL@4
 .text          0x0000000000458c40      0x120 C:\Program Files (x86)\FreeBASIC\lib\win32/libfb.a(str_convfrom_int.o)
                0x0000000000458c40                fb_hStr2Int@8
                0x0000000000458d00                fb_VALINT@4
 .text          0x0000000000458d60      0x100 C:\Program Files (x86)\FreeBASIC\lib\win32/libfb.a(str_convfrom_rad.o)
                0x0000000000458d60                fb_hStrRadix2Int@12
 .text          0x0000000000458e60      0x140 C:\Program Files (x86)\FreeBASIC\lib\win32/libfb.a(str_convfrom_radlng.o)
                0x0000000000458e60                fb_hStrRadix2Longint@12
 .text          0x0000000000458fa0      0x140 C:\Program Files (x86)\FreeBASIC\lib\win32/libfb.a(str_convfrom_ulng.o)
                0x0000000000458fa0                fb_hStr2ULongint@8
                0x0000000000459070                fb_VALULNG@4
 .text          0x00000000004590e0       0xe0 C:\Program Files (x86)\FreeBASIC\lib\win32/libfb.a(str_convto.o)
                0x00000000004590e0                fb_IntToStr@4
                0x0000000000459150                fb_UIntToStr@4
 .text          0x00000000004591c0      0x120 C:\Program Files (x86)\FreeBASIC\lib\win32/libfb.a(str_convto_flt.o)
                0x00000000004591c0                fb_FloatToStr@4
                0x0000000000459250                fb_DoubleToStr@8
 .text          0x00000000004592e0      0x380 C:\Program Files (x86)\FreeBASIC\lib\win32/libfb.a(str_core.o)
                0x00000000004592e0                fb_hStrAllocTmpDesc@0
                0x0000000000459360                fb_hStrDelTempDesc@4
                0x00000000004593c0                fb_hStrAlloc@8
                0x0000000000459430                fb_hStrRealloc@12
                0x0000000000459510                fb_hStrAllocTemp_NoLock@8
                0x00000000004595a0                fb_hStrAllocTemp@8
                0x00000000004595b0                fb_hStrDelTemp_NoLock@4
                0x0000000000459620                fb_hStrDelTemp@4
                0x0000000000459630                fb_hStrCopy@12
 .text          0x0000000000459660       0x40 C:\Program Files (x86)\FreeBASIC\lib\win32/libfb.a(str_del.o)
                0x0000000000459660                fb_StrDelete@4
 .text          0x00000000004596a0       0xd0 C:\Program Files (x86)\FreeBASIC\lib\win32/libfb.a(str_fill.o)
                0x00000000004596f0                fb_StrFill1@8
                0x0000000000459710                fb_StrFill2@8
 .text          0x0000000000459770      0x120 C:\Program Files (x86)\FreeBASIC\lib\win32/libfb.a(str_hex.o)
                0x0000000000459770                fb_HEX_b@4
                0x00000000004597a0                fb_HEX_s@4
                0x00000000004597d0                fb_HEX_i@4
                0x0000000000459800                fb_HEXEx_b@8
                0x0000000000459830                fb_HEXEx_s@8
                0x0000000000459860                fb_HEXEx_i@8
 .text          0x0000000000459890       0xd0 C:\Program Files (x86)\FreeBASIC\lib\win32/libfb.a(str_hex_lng.o)
                0x0000000000459890                fb_HEXEx_l@12
                0x0000000000459930                fb_HEX_l@8
 .text          0x0000000000459960       0x90 C:\Program Files (x86)\FreeBASIC\lib\win32/libfb.a(str_hskip.o)
                0x0000000000459960                fb_hStrSkipChar@12
                0x00000000004599b0                fb_hStrSkipCharRev@12
 .text          0x00000000004599f0      0x110 C:\Program Files (x86)\FreeBASIC\lib\win32/libfb.a(str_lcase.o)
                0x00000000004599f0                fb_StrLcase2@8
 .text          0x0000000000459b00       0x50 C:\Program Files (x86)\FreeBASIC\lib\win32/libfb.a(str_len.o)
                0x0000000000459b00                fb_StrLen@8
 .text          0x0000000000459b50       0xb0 C:\Program Files (x86)\FreeBASIC\lib\win32/libfb.a(str_mid.o)
                0x0000000000459b50                fb_StrMid@12
 .text          0x0000000000459c00       0x60 C:\Program Files (x86)\FreeBASIC\lib\win32/libfb.a(str_misc.o)
                0x0000000000459c00                fb_SPACE@4
 .text          0x0000000000459c60       0x70 C:\Program Files (x86)\FreeBASIC\lib\win32/libfb.a(str_tempdescf.o)
                0x0000000000459c60                fb_StrAllocTempDescF@8
 .text          0x0000000000459cd0       0x80 C:\Program Files (x86)\FreeBASIC\lib\win32/libfb.a(str_tempdescz.o)
                0x0000000000459cd0                fb_StrAllocTempDescZEx@8
                0x0000000000459d00                fb_StrAllocTempDescZ@4
 .text          0x0000000000459d50       0x50 C:\Program Files (x86)\FreeBASIC\lib\win32/libfb.a(str_tempres.o)
                0x0000000000459d50                fb_StrAllocTempResult@4
 .text          0x0000000000459da0      0x2d0 C:\Program Files (x86)\FreeBASIC\lib\win32/libfb.a(strw_convassign.o)
                0x0000000000459da0                fb_WstrAssignFromA@16
                0x0000000000459e40                fb_WstrAssignToAEx@20
                0x0000000000459ff0                fb_WstrAssignToA@16
                0x000000000045a030                fb_WstrAssignToA_Init@16
 .text          0x000000000045a070      0x130 C:\Program Files (x86)\FreeBASIC\lib\win32/libfb.a(strw_convfrom_int.o)
                0x000000000045a070                fb_WstrToInt@8
                0x000000000045a160                fb_WstrValInt@4
 .text          0x000000000045a1a0      0x130 C:\Program Files (x86)\FreeBASIC\lib\win32/libfb.a(strw_convfrom_str.o)
                0x000000000045a1a0                fb_wstr_ConvFromA
                0x000000000045a260                fb_StrToWstr@4
 .text          0x000000000045a2d0      0x150 C:\Program Files (x86)\FreeBASIC\lib\win32/libfb.a(strw_convfrom_ulng.o)
                0x000000000045a2d0                fb_WstrToULongint@8
                0x000000000045a3e0                fb_WstrValULng@4
 .text          0x000000000045a420      0x160 C:\Program Files (x86)\FreeBASIC\lib\win32/libfb.a(strw_convto_str.o)
                0x000000000045a420                fb_wstr_ConvToA
                0x000000000045a500                fb_WstrToStr@4
 .text          0x000000000045a580       0x20 C:\Program Files (x86)\FreeBASIC\lib\win32/libfb.a(sys_beep.o)
                0x000000000045a580                fb_Beep@0
 .text          0x000000000045a5a0       0x30 C:\Program Files (x86)\FreeBASIC\lib\win32/libfb.a(sys_chain.o)
                0x000000000045a5a0                fb_Chain@4
 .text          0x000000000045a5d0       0x10 C:\Program Files (x86)\FreeBASIC\lib\win32/libfb.a(sys_delay.o)
                0x000000000045a5d0                fb_Delay@4
 .text          0x000000000045a5e0      0x180 C:\Program Files (x86)\FreeBASIC\lib\win32/libfb.a(sys_execex.o)
                0x000000000045a5e0                fb_ExecEx@12
 .text          0x000000000045a760       0x30 C:\Program Files (x86)\FreeBASIC\lib\win32/libfb.a(sys_fmem.o)
                0x000000000045a760                fb_GetMemAvail@4
 .text          0x000000000045a790       0x50 C:\Program Files (x86)\FreeBASIC\lib\win32/libfb.a(sys_getexename.o)
                0x000000000045a790                fb_hGetExeName
 .text          0x000000000045a7e0       0x60 C:\Program Files (x86)\FreeBASIC\lib\win32/libfb.a(sys_getshortpath.o)
                0x000000000045a7e0                fb_hGetShortPath
 .text          0x000000000045a840       0x40 C:\Program Files (x86)\FreeBASIC\lib\win32/libfb.a(sys_shell.o)
                0x000000000045a840                fb_Shell@4
 .text          0x000000000045a880       0xc0 C:\Program Files (x86)\FreeBASIC\lib\win32/libfb.a(thread_ctx.o)
                0x000000000045a880                fb_TlsGetCtx@8
                0x000000000045a8d0                fb_TlsDelCtx@4
                0x000000000045a920                fb_TlsFreeCtxTb@0
 .text          0x000000000045a940       0xe0 C:\Program Files (x86)\FreeBASIC\lib\win32/libfb.a(thread_mutex.o)
                0x000000000045a940                fb_MutexCreate@0
                0x000000000045a990                fb_MutexDestroy@4
                0x000000000045a9c0                fb_MutexLock@4
                0x000000000045a9f0                fb_MutexUnlock@4
 .text          0x000000000045aa20       0x70 C:\Program Files (x86)\FreeBASIC\lib\win32/libfb.a(time_sleep.o)
                0x000000000045aa20                fb_ConsoleSleep
 .text          0x000000000045aa90       0x70 C:\Program Files (x86)\FreeBASIC\lib\win32/libfb.a(time_sleepex.o)
                0x000000000045aa90                fb_SleepEx@8
 .text          0x000000000045ab00       0x90 C:\Program Files (x86)\FreeBASIC\lib\win32/libfb.a(time_timer.o)
                0x000000000045ab00                fb_Timer@0
 .text          0x000000000045ab90      0x290 C:\Program Files (x86)\FreeBASIC\lib\win32/libfb.a(vfs_open.o)
                0x000000000045ab90                fb_FileOpenVfsRawEx
                0x000000000045ad80                fb_FileOpenVfsEx
 .text          0x000000000045ae20      0x140 C:\Program Files (x86)\FreeBASIC\lib\win32/libfb.a(con_lineinp.o)
                0x000000000045ae20                fb_ConsoleLineInput
 .text          0x000000000045af60       0xa0 C:\Program Files (x86)\FreeBASIC\lib\win32/libfb.a(con_print_raw.o)
                0x000000000045af60                fb_ConPrintRaw
 .text          0x000000000045b000      0x390 C:\Program Files (x86)\FreeBASIC\lib\win32/libfb.a(dev_file_open.o)
                0x000000000045b000                fb_hSetFileBufSize
                0x000000000045b030                fb_DevFileOpen
 .text          0x000000000045b390       0xc0 C:\Program Files (x86)\FreeBASIC\lib\win32/libfb.a(dev_file_read.o)
                0x000000000045b390                fb_DevFileRead
 .text          0x000000000045b450      0x140 C:\Program Files (x86)\FreeBASIC\lib\win32/libfb.a(dev_file_read_wstr.o)
                0x000000000045b450                fb_DevFileReadWstr
 .text          0x000000000045b590      0x250 C:\Program Files (x86)\FreeBASIC\lib\win32/libfb.a(dev_file_readline.o)
                0x000000000045b5a0                fb_DevFileReadLineDumb
                0x000000000045b780                fb_DevFileReadLine
 .text          0x000000000045b7e0       0xc0 C:\Program Files (x86)\FreeBASIC\lib\win32/libfb.a(dev_file_readline_wstr.o)
                0x000000000045b7e0                fb_DevFileReadLineWstr
 .text          0x000000000045b8a0       0x70 C:\Program Files (x86)\FreeBASIC\lib\win32/libfb.a(dev_file_seek.o)
                0x000000000045b8a0                fb_DevFileSeek
 .text          0x000000000045b910      0x140 C:\Program Files (x86)\FreeBASIC\lib\win32/libfb.a(dev_file_size.o)
                0x000000000045b910                fb_hDevFileSeekStart
                0x000000000045b990                fb_DevFileGetSize
 .text          0x000000000045ba50       0x50 C:\Program Files (x86)\FreeBASIC\lib\win32/libfb.a(dev_file_tell.o)
                0x000000000045ba50                fb_DevFileTell
 .text          0x000000000045baa0       0x50 C:\Program Files (x86)\FreeBASIC\lib\win32/libfb.a(dev_file_unlock.o)
                0x000000000045baa0                fb_DevFileUnlock
 .text          0x000000000045baf0       0x80 C:\Program Files (x86)\FreeBASIC\lib\win32/libfb.a(dev_file_write.o)
                0x000000000045baf0                fb_DevFileWrite
 .text          0x000000000045bb70       0xf0 C:\Program Files (x86)\FreeBASIC\lib\win32/libfb.a(dev_file_write_wstr.o)
                0x000000000045bb70                fb_DevFileWriteWstr
 .text          0x000000000045bc60       0xc0 C:\Program Files (x86)\FreeBASIC\lib\win32/libfb.a(dev_scrn_eof.o)
                0x000000000045bc60                fb_DevScrnFillInput
                0x000000000045bcd0                fb_DevScrnEof
 .text          0x000000000045bd20       0x70 C:\Program Files (x86)\FreeBASIC\lib\win32/libfb.a(dev_scrn_write.o)
                0x000000000045bd20                fb_DevScrnWrite
                0x000000000045bd60                fb_DevScrnInit_Write
 .text          0x000000000045bd90       0xe0 C:\Program Files (x86)\FreeBASIC\lib\win32/libfb.a(file_hlock.o)
                0x000000000045bd90                fb_hFileLock
                0x000000000045be00                fb_hFileUnlock
 .text          0x000000000045be70       0xb0 C:\Program Files (x86)\FreeBASIC\lib\win32/libfb.a(file_print.o)
                0x000000000045be70                fb_hFilePrintBufferEx
                0x000000000045bec0                fb_hFilePrintBuffer
 .text          0x000000000045bf20       0xb0 C:\Program Files (x86)\FreeBASIC\lib\win32/libfb.a(file_print_wstr.o)
                0x000000000045bf20                fb_hFilePrintBufferWstrEx
                0x000000000045bf70                fb_hFilePrintBufferWstr
 .text          0x000000000045bfd0       0x40 C:\Program Files (x86)\FreeBASIC\lib\win32/libfb.a(hinit.o)
                0x000000000045bfd0                fb_hInit
                0x000000000045c000                fb_hEnd
 .text          0x000000000045c010       0x20 C:\Program Files (x86)\FreeBASIC\lib\win32/libfb.a(hook_view_update.o)
                0x000000000045c010                fb_ViewUpdate@0
 .text          0x000000000045c030       0xb0 C:\Program Files (x86)\FreeBASIC\lib\win32/libfb.a(io_gety.o)
                0x000000000045c030                fb_ConsoleGetRawYEx
                0x000000000045c060                fb_ConsoleGetRawY
                0x000000000045c0a0                fb_ConsoleGetY
 .text          0x000000000045c0e0      0x120 C:\Program Files (x86)\FreeBASIC\lib\win32/libfb.a(io_printpad_wstr.o)
                0x000000000045c0e0                fb_PrintPadWstrEx
                0x000000000045c1b0                fb_PrintPadWstr@8
 .text          0x000000000045c200       0x10 C:\Program Files (x86)\FreeBASIC\lib\win32/libfb.a(io_viewupdate.o)
                0x000000000045c200                fb_ConsoleViewUpdate
 .text          0x000000000045c210       0xc0 C:\Program Files (x86)\FreeBASIC\lib\win32/libfb.a(list.o)
                0x000000000045c210                fb_hListInit
                0x000000000045c270                fb_hListAllocElem
                0x000000000045c2a0                fb_hListFreeElem
 .text          0x000000000045c2d0       0xa0 C:\Program Files (x86)\FreeBASIC\lib\win32/libfb.a(listdyn.o)
                0x000000000045c2d0                fb_hListDynInit
                0x000000000045c2f0                fb_hListDynElemAdd
                0x000000000045c330                fb_hListDynElemRemove
 .text          0x000000000045c370      0x140 C:\Program Files (x86)\FreeBASIC\lib\win32/libfb.a(strw_convfrom_radlng.o)
                0x000000000045c370                fb_WstrRadix2Longint@12
 .text          0x000000000045c4b0       0x10 C:\Program Files (x86)\FreeBASIC\lib\win32/libfb.a(sys_hshell.o)
                0x000000000045c4b0                fb_hShell
 .text          0x000000000045c4c0       0x40 C:\Program Files (x86)\FreeBASIC\lib\win32/libfb.a(dev_file_close.o)
                0x000000000045c4c0                fb_DevFileClose
 .text          0x000000000045c500       0x80 C:\Program Files (x86)\FreeBASIC\lib\win32/libfb.a(dev_file_eof.o)
                0x000000000045c500                fb_DevFileEof
 .text          0x000000000045c580       0x50 C:\Program Files (x86)\FreeBASIC\lib\win32/libfb.a(dev_file_flush.o)
                0x000000000045c580                fb_DevFileFlush
 .text          0x000000000045c5d0       0x50 C:\Program Files (x86)\FreeBASIC\lib\win32/libfb.a(dev_file_lock.o)
                0x000000000045c5d0                fb_DevFileLock
 .text          0x000000000045c620       0x70 C:\Program Files (x86)\FreeBASIC\lib\win32/libfb.a(dev_scrn_write_wstr.o)
                0x000000000045c620                fb_DevScrnWriteWstr
                0x000000000045c660                fb_DevScrnInit_WriteWstr
 .text          0x000000000045c690       0x90 C:\Program Files (x86)\FreeBASIC\lib\win32/libfb.a(hook_print_wstr.o)
                0x000000000045c690                fb_PrintBufferWstrEx@12
                0x000000000045c6f0                fb_PrintBufferWstr@8
 .text          0x000000000045c720      0x6f0 C:\Program Files (x86)\FreeBASIC\lib\win32/libfb.a(io_printbuff_wstr.o)
                0x000000000045c9d0                fb_ConsolePrintBufferWstrEx
                0x000000000045cde0                fb_ConsolePrintBufferWstr
 .text          0x000000000045ce10      0x2d0 C:\Program Files (x86)\FreeBASIC\lib\win32/libfb.a(con_print_tty_wstr.o)
                0x000000000045ce10                fb_ConPrintTTYWstr
 .text          0x000000000045d0e0       0xb0 C:\Program Files (x86)\FreeBASIC\lib\win32/libfb.a(con_print_raw_wstr.o)
                0x000000000045d0e0                fb_ConPrintRawWstr
 .text          0x000000000045d190       0x2c C:\Program Files (x86)\FreeBASIC\lib\win32/libgcc.a(_chkstk_ms.o)
                0x000000000045d190                __chkstk_ms
 *fill*         0x000000000045d1bc        0x4 
 .text          0x000000000045d1c0       0xa0 C:\Program Files (x86)\FreeBASIC\lib\win32/libgcc.a(__main.o)
                0x000000000045d1c0                __do_global_dtors
                0x000000000045d1f0                __do_global_ctors
                0x000000000045d240                __main
 .text          0x000000000045d260        0x0 C:\Program Files (x86)\FreeBASIC\lib\win32/libgcc.a(_ctors.o)
 .text          0x000000000045d260      0x150 C:\Program Files (x86)\FreeBASIC\lib\win32/libgcc.a(_umoddi3.o)
                0x000000000045d260                __umoddi3
 .text          0x000000000045d3b0        0x8 C:\Program Files (x86)\FreeBASIC\lib\win32/libmsvcrt.dll.a(dojds01289.o)
                0x000000000045d3b0                wcstoul
 .text          0x000000000045d3b8        0x8 C:\Program Files (x86)\FreeBASIC\lib\win32/libmsvcrt.dll.a(dojds01287.o)
                0x000000000045d3b8                wcstombs
 .text          0x000000000045d3c0        0x8 C:\Program Files (x86)\FreeBASIC\lib\win32/libmsvcrt.dll.a(dojds01271.o)
                0x000000000045d3c0                wcslen
 .text          0x000000000045d3c8        0x8 C:\Program Files (x86)\FreeBASIC\lib\win32/libmsvcrt.dll.a(dojds01247.o)
                0x000000000045d3c8                ungetc
 .text          0x000000000045d3d0        0x8 C:\Program Files (x86)\FreeBASIC\lib\win32/libmsvcrt.dll.a(dojds01233.o)
                0x000000000045d3d0                system
 .text          0x000000000045d3d8        0x8 C:\Program Files (x86)\FreeBASIC\lib\win32/libmsvcrt.dll.a(dojds01225.o)
                0x000000000045d3d8                strtoul
 .text          0x000000000045d3e0        0x8 C:\Program Files (x86)\FreeBASIC\lib\win32/libmsvcrt.dll.a(dojds01222.o)
                0x000000000045d3e0                strstr
 .text          0x000000000045d3e8        0x8 C:\Program Files (x86)\FreeBASIC\lib\win32/libmsvcrt.dll.a(dojds01220.o)
                0x000000000045d3e8                strrchr
 .text          0x000000000045d3f0        0x8 C:\Program Files (x86)\FreeBASIC\lib\win32/libmsvcrt.dll.a(dojds01217.o)
                0x000000000045d3f0                strncpy
 .text          0x000000000045d3f8        0x8 C:\Program Files (x86)\FreeBASIC\lib\win32/libmsvcrt.dll.a(dojds01214.o)
                0x000000000045d3f8                strncat
 .text          0x000000000045d400        0x8 C:\Program Files (x86)\FreeBASIC\lib\win32/libmsvcrt.dll.a(dojds01213.o)
                0x000000000045d400                strlen
 .text          0x000000000045d408        0x8 C:\Program Files (x86)\FreeBASIC\lib\win32/libmsvcrt.dll.a(dojds01208.o)
                0x000000000045d408                strcpy
 .text          0x000000000045d410        0x8 C:\Program Files (x86)\FreeBASIC\lib\win32/libmsvcrt.dll.a(dojds01205.o)
                0x000000000045d410                strchr
 .text          0x000000000045d418        0x8 C:\Program Files (x86)\FreeBASIC\lib\win32/libmsvcrt.dll.a(dojds01200.o)
                0x000000000045d418                srand
 .text          0x000000000045d420        0x0 C:\Program Files (x86)\FreeBASIC\lib\win32/libmsvcrt.dll.a(dojds01199.o)
 .text          0x000000000045d420        0x8 C:\Program Files (x86)\FreeBASIC\lib\win32/libmsvcrt.dll.a(dojds01198.o)
                0x000000000045d420                sprintf
 .text          0x000000000045d428        0x0 C:\Program Files (x86)\FreeBASIC\lib\win32/libmsvcrt.dll.a(dojds01196.o)
 .text          0x000000000045d428        0x8 C:\Program Files (x86)\FreeBASIC\lib\win32/libmsvcrt.dll.a(dojds01194.o)
                0x000000000045d428                setvbuf
 .text          0x000000000045d430        0x8 C:\Program Files (x86)\FreeBASIC\lib\win32/libmsvcrt.dll.a(dojds01193.o)
                0x000000000045d430                setlocale
 .text          0x000000000045d438        0x8 C:\Program Files (x86)\FreeBASIC\lib\win32/libmsvcrt.dll.a(dojds01189.o)
                0x000000000045d438                rewind
 .text          0x000000000045d440        0x8 C:\Program Files (x86)\FreeBASIC\lib\win32/libmsvcrt.dll.a(dojds01186.o)
                0x000000000045d440                realloc
 .text          0x000000000045d448        0x8 C:\Program Files (x86)\FreeBASIC\lib\win32/libmsvcrt.dll.a(dojds01185.o)
                0x000000000045d448                rand
 .text          0x000000000045d450        0x8 C:\Program Files (x86)\FreeBASIC\lib\win32/libmsvcrt.dll.a(dojds01182.o)
                0x000000000045d450                qsort
 .text          0x000000000045d458        0x0 C:\Program Files (x86)\FreeBASIC\lib\win32/libmsvcrt.dll.a(dojds01174.o)
 .text          0x000000000045d458        0x8 C:\Program Files (x86)\FreeBASIC\lib\win32/libmsvcrt.dll.a(dojds01170.o)
                0x000000000045d458                memcpy
 .text          0x000000000045d460        0x8 C:\Program Files (x86)\FreeBASIC\lib\win32/libmsvcrt.dll.a(dojds01167.o)
                0x000000000045d460                memset
 .text          0x000000000045d468        0x8 C:\Program Files (x86)\FreeBASIC\lib\win32/libmsvcrt.dll.a(dojds01166.o)
                0x000000000045d468                memmove
 .text          0x000000000045d470        0x8 C:\Program Files (x86)\FreeBASIC\lib\win32/libmsvcrt.dll.a(dojds01162.o)
                0x000000000045d470                mbstowcs
 .text          0x000000000045d478        0x8 C:\Program Files (x86)\FreeBASIC\lib\win32/libmsvcrt.dll.a(dojds01159.o)
                0x000000000045d478                malloc
 .text          0x000000000045d480        0x8 C:\Program Files (x86)\FreeBASIC\lib\win32/libmsvcrt.dll.a(dojds01135.o)
                0x000000000045d480                isupper
 .text          0x000000000045d488        0x8 C:\Program Files (x86)\FreeBASIC\lib\win32/libmsvcrt.dll.a(dojds01131.o)
                0x000000000045d488                islower
 .text          0x000000000045d490        0x8 C:\Program Files (x86)\FreeBASIC\lib\win32/libmsvcrt.dll.a(dojds01117.o)
                0x000000000045d490                getenv
 .text          0x000000000045d498        0x8 C:\Program Files (x86)\FreeBASIC\lib\win32/libmsvcrt.dll.a(dojds01115.o)
                0x000000000045d498                getc
 .text          0x000000000045d4a0        0x8 C:\Program Files (x86)\FreeBASIC\lib\win32/libmsvcrt.dll.a(dojds01112.o)
                0x000000000045d4a0                fwrite
 .text          0x000000000045d4a8        0x8 C:\Program Files (x86)\FreeBASIC\lib\win32/libmsvcrt.dll.a(dojds01107.o)
                0x000000000045d4a8                fseek
 .text          0x000000000045d4b0        0x8 C:\Program Files (x86)\FreeBASIC\lib\win32/libmsvcrt.dll.a(dojds01102.o)
                0x000000000045d4b0                freopen
 .text          0x000000000045d4b8        0x8 C:\Program Files (x86)\FreeBASIC\lib\win32/libmsvcrt.dll.a(dojds01101.o)
                0x000000000045d4b8                free
 .text          0x000000000045d4c0        0x8 C:\Program Files (x86)\FreeBASIC\lib\win32/libmsvcrt.dll.a(dojds01100.o)
                0x000000000045d4c0                fread
 .text          0x000000000045d4c8        0x8 C:\Program Files (x86)\FreeBASIC\lib\win32/libmsvcrt.dll.a(dojds01097.o)
                0x000000000045d4c8                fputs
 .text          0x000000000045d4d0        0x8 C:\Program Files (x86)\FreeBASIC\lib\win32/libmsvcrt.dll.a(dojds01092.o)
                0x000000000045d4d0                fopen
 .text          0x000000000045d4d8        0x8 C:\Program Files (x86)\FreeBASIC\lib\win32/libmsvcrt.dll.a(dojds01087.o)
                0x000000000045d4d8                fgets
 .text          0x000000000045d4e0        0x8 C:\Program Files (x86)\FreeBASIC\lib\win32/libmsvcrt.dll.a(dojds01085.o)
                0x000000000045d4e0                fgetc
 .text          0x000000000045d4e8        0x8 C:\Program Files (x86)\FreeBASIC\lib\win32/libmsvcrt.dll.a(dojds01084.o)
                0x000000000045d4e8                fflush
 .text          0x000000000045d4f0        0x8 C:\Program Files (x86)\FreeBASIC\lib\win32/libmsvcrt.dll.a(dojds01082.o)
                0x000000000045d4f0                feof
 .text          0x000000000045d4f8        0x8 C:\Program Files (x86)\FreeBASIC\lib\win32/libmsvcrt.dll.a(dojds01081.o)
                0x000000000045d4f8                fclose
 .text          0x000000000045d500        0x8 C:\Program Files (x86)\FreeBASIC\lib\win32/libmsvcrt.dll.a(dojds01078.o)
                0x000000000045d500                exit
 .text          0x000000000045d508        0x0 C:\Program Files (x86)\FreeBASIC\lib\win32/libmsvcrt.dll.a(dojds01070.o)
 .text          0x000000000045d508        0x8 C:\Program Files (x86)\FreeBASIC\lib\win32/libmsvcrt.dll.a(dojds01067.o)
                0x000000000045d508                calloc
 .text          0x000000000045d510        0x0 C:\Program Files (x86)\FreeBASIC\lib\win32/libmsvcrt.dll.a(dojds01061.o)
 .text          0x000000000045d510        0x0 C:\Program Files (x86)\FreeBASIC\lib\win32/libmsvcrt.dll.a(dojds00354.o)
 .text          0x000000000045d510        0x8 C:\Program Files (x86)\FreeBASIC\lib\win32/libmsvcrt.dll.a(dojds00350.o)
                0x000000000045d510                _initterm
 .text          0x000000000045d518        0x0 C:\Program Files (x86)\FreeBASIC\lib\win32/libmsvcrt.dll.a(dojds00279.o)
 .text          0x000000000045d518        0x0 C:\Program Files (x86)\FreeBASIC\lib\win32/libmsvcrt.dll.a(dojds00275.o)
 .text          0x000000000045d518        0x8 C:\Program Files (x86)\FreeBASIC\lib\win32/libmsvcrt.dll.a(dojds00259.o)
                0x000000000045d518                _fileno
 .text          0x000000000045d520        0x8 C:\Program Files (x86)\FreeBASIC\lib\win32/libmsvcrt.dll.a(dojds00163.o)
                0x000000000045d520                _cexit
 .text          0x000000000045d528        0x8 C:\Program Files (x86)\FreeBASIC\lib\win32/libmsvcrt.dll.a(dojds00145.o)
                0x000000000045d528                _amsg_exit
 .text          0x000000000045d530        0x0 C:\Program Files (x86)\FreeBASIC\lib\win32/libmsvcrt.dll.a(dojds00123.o)
 .text          0x000000000045d530        0x8 C:\Program Files (x86)\FreeBASIC\lib\win32/libmsvcrt.dll.a(dojds00105.o)
                0x000000000045d530                __set_app_type
 .text          0x000000000045d538        0x0 C:\Program Files (x86)\FreeBASIC\lib\win32/libmsvcrt.dll.a(dojds00059.o)
 .text          0x000000000045d538        0x8 C:\Program Files (x86)\FreeBASIC\lib\win32/libmsvcrt.dll.a(dojds00058.o)
                0x000000000045d538                __getmainargs
 .text          0x000000000045d540       0x20 C:\Program Files (x86)\FreeBASIC\lib\win32/libmsvcrt.dll.a(lib32_libmsvcrt_a-invalid_parameter_handler.o)
                0x000000000045d540                _get_invalid_parameter_handler
                0x000000000045d550                _set_invalid_parameter_handler
 .text          0x000000000045d560        0x0 C:\Program Files (x86)\FreeBASIC\lib\win32/libmsvcrt.dll.a(dojdh.o)
 .text          0x000000000045d560        0x0 C:\Program Files (x86)\FreeBASIC\lib\win32/libmsvcrt.dll.a(dojdt.o)
 .text          0x000000000045d560        0x0 C:\Program Files (x86)\FreeBASIC\lib\win32/libkernel32.dll.a(dgzdh.o)
 .text          0x000000000045d560        0x0 C:\Program Files (x86)\FreeBASIC\lib\win32/libkernel32.dll.a(dgzdt.o)
 .text          0x000000000045d560       0xe0 C:\Program Files (x86)\FreeBASIC\lib\win32/libmingw32.a(lib32_libmingw32_a-atonexit.o)
                0x000000000045d560                mingw_onexit
                0x000000000045d620                atexit
 .text          0x000000000045d640        0x0 C:\Program Files (x86)\FreeBASIC\lib\win32/libmingw32.a(lib32_libmingw32_a-natstart.o)
 .text          0x000000000045d640        0x0 C:\Program Files (x86)\FreeBASIC\lib\win32/libmingw32.a(lib32_libmingw32_a-wildcard.o)
 .text          0x000000000045d640       0x10 C:\Program Files (x86)\FreeBASIC\lib\win32/libmingw32.a(lib32_libmingw32_a-charmax.o)
 .text          0x000000000045d650       0x10 C:\Program Files (x86)\FreeBASIC\lib\win32/libmingw32.a(lib32_libmingw32_a-dllargv.o)
                0x000000000045d650                _setargv
 .text          0x000000000045d660      0x140 C:\Program Files (x86)\FreeBASIC\lib\win32/libmingw32.a(lib32_libmingw32_a-gs_support.o)
                0x000000000045d660                __security_init_cookie
                0x000000000045d710                __report_gsfailure
 .text          0x000000000045d7a0        0x0 C:\Program Files (x86)\FreeBASIC\lib\win32/libmingw32.a(lib32_libmingw32_a-_newmode.o)
 .text          0x000000000045d7a0       0xe0 C:\Program Files (x86)\FreeBASIC\lib\win32/libmingw32.a(lib32_libmingw32_a-tlssup.o)
                0x000000000045d7f0                __dyn_tls_init@12
                0x000000000045d870                __tlregdtor
 .text          0x000000000045d880        0x0 C:\Program Files (x86)\FreeBASIC\lib\win32/libmingw32.a(lib32_libmingw32_a-cinitexe.o)
 .text          0x000000000045d880       0xc0 C:\Program Files (x86)\FreeBASIC\lib\win32/libmingw32.a(lib32_libmingw32_a-merr.o)
                0x000000000045d880                __mingw_raise_matherr
                0x000000000045d8d0                __mingw_setusermatherr
                0x000000000045d8e0                _matherr
 .text          0x000000000045d940       0x10 C:\Program Files (x86)\FreeBASIC\lib\win32/libmingw32.a(lib32_libmingw32_a-CRT_fp10.o)
                0x000000000045d940                fpreset
                0x000000000045d940                _fpreset
 .text          0x000000000045d950       0x20 C:\Program Files (x86)\FreeBASIC\lib\win32/libmingw32.a(lib32_libmingw32_a-mingw_helpers.o)
                0x000000000045d950                _decode_pointer
                0x000000000045d960                _encode_pointer
 .text          0x000000000045d970      0x460 C:\Program Files (x86)\FreeBASIC\lib\win32/libmingw32.a(lib32_libmingw32_a-pseudo-reloc.o)
                0x000000000045db10                _pei386_runtime_relocator
 .text          0x000000000045ddd0        0x0 C:\Program Files (x86)\FreeBASIC\lib\win32/libmingw32.a(lib32_libmingw32_a-xtxtmode.o)
 .text          0x000000000045ddd0      0x1a0 C:\Program Files (x86)\FreeBASIC\lib\win32/libmingw32.a(lib32_libmingw32_a-crt_handler.o)
                0x000000000045ddd0                _gnu_exception_handler@4
 .text          0x000000000045df70      0x270 C:\Program Files (x86)\FreeBASIC\lib\win32/libmingw32.a(lib32_libmingw32_a-tlsthrd.o)
                0x000000000045dfe0                ___w64_mingwthr_add_key_dtor
                0x000000000045e060                ___w64_mingwthr_remove_key_dtor
                0x000000000045e100                __mingw_TLScallback
 .text          0x000000000045e1e0        0x0 C:\Program Files (x86)\FreeBASIC\lib\win32/libmingw32.a(lib32_libmingw32_a-tlsmcrt.o)
 .text          0x000000000045e1e0        0x0 C:\Program Files (x86)\FreeBASIC\lib\win32/libmingw32.a(lib32_libmingw32_a-pseudo-reloc-list.o)
 .text          0x000000000045e1e0      0x350 C:\Program Files (x86)\FreeBASIC\lib\win32/libmingw32.a(lib32_libmingw32_a-pesect.o)
                0x000000000045e200                _ValidateImageBase
                0x000000000045e220                _FindPESection
                0x000000000045e260                _FindPESectionByName
                0x000000000045e300                __mingw_GetSectionForAddress
                0x000000000045e350                __mingw_GetSectionCount
                0x000000000045e380                _FindPESectionExec
                0x000000000045e400                _GetPEImageBase
                0x000000000045e430                _IsNonwritableInCurrentImage
                0x000000000045e490                __mingw_enum_import_library_names
 .text          0x000000000045e530      0x100 C:\Program Files (x86)\FreeBASIC\lib\win32/libmingwex.a(lib32_libmingwex_a-strtodnrp.o)
                0x000000000045e530                __strtod
                0x000000000045e530                __mingw_strtod
 .text          0x000000000045e630      0x110 C:\Program Files (x86)\FreeBASIC\lib\win32/libmingwex.a(lib32_libmingwex_a-sqrt.o)
                0x000000000045e630                sqrt
 .text          0x000000000045e740        0x0 C:\Program Files (x86)\FreeBASIC\lib\win32/libmingwex.a(lib32_libmingwex_a-mingw_matherr.o)
 .text          0x000000000045e740      0x2e0 C:\Program Files (x86)\FreeBASIC\lib\win32/libmingwex.a(lib32_libmingwex_a-strtoumax.o)
                0x000000000045e740                strtoumax
                0x000000000045e740                strtoull
 .text          0x000000000045ea20      0x350 C:\Program Files (x86)\FreeBASIC\lib\win32/libmingwex.a(lib32_libmingwex_a-wcstoumax.o)
                0x000000000045ea20                wcstoull
                0x000000000045ea20                wcstoumax
 .text          0x000000000045ed70      0x580 C:\Program Files (x86)\FreeBASIC\lib\win32/libmingwex.a(lib32_libmingwex_a-fseeko64.o)
                0x000000000045ed70                _flush
                0x000000000045ee30                fseeko64
                0x000000000045eee0                _ftelli64
                0x000000000045f180                _fseeki64
                0x000000000045f260                mingw_dosmaperr
 .text          0x000000000045f2f0       0x40 C:\Program Files (x86)\FreeBASIC\lib\win32/libmingwex.a(lib32_libmingwex_a-ftello64.o)
                0x000000000045f2f0                ftello64
 .text          0x000000000045f330       0xc0 C:\Program Files (x86)\FreeBASIC\lib\win32/libmingwex.a(lib32_libmingwex_a-cos.o)
                0x000000000045f330                cos
 .text          0x000000000045f3f0       0x28 C:\Program Files (x86)\FreeBASIC\lib\win32/libmingwex.a(lib32_libmingwex_a-cosl_internal.o)
                0x000000000045f3f0                __cosl_internal
 *fill*         0x000000000045f418        0x8 
 .text          0x000000000045f420      0x690 C:\Program Files (x86)\FreeBASIC\lib\win32/libmingwex.a(lib32_libmingwex_a-pow.o)
                0x000000000045f480                pow
 .text          0x000000000045fab0       0xc0 C:\Program Files (x86)\FreeBASIC\lib\win32/libmingwex.a(lib32_libmingwex_a-sin.o)
                0x000000000045fab0                sin
 .text          0x000000000045fb70       0x28 C:\Program Files (x86)\FreeBASIC\lib\win32/libmingwex.a(lib32_libmingwex_a-sinl_internal.o)
                0x000000000045fb70                __sinl_internal
 *fill*         0x000000000045fb98        0x8 
 .text          0x000000000045fba0     0x20c0 C:\Program Files (x86)\FreeBASIC\lib\win32/libmingwex.a(lib32_libmingwex_a-strtodg.o)
                0x000000000045fba0                __increment_D2A
                0x0000000000460000                __decrement_D2A
                0x0000000000460040                __set_ones_D2A
                0x00000000004600d0                __strtodg
 .text          0x0000000000461c60      0x180 C:\Program Files (x86)\FreeBASIC\lib\win32/libmingwex.a(lib32_libmingwex_a-sum.o)
                0x0000000000461c60                __sum_D2A
 .text          0x0000000000461de0      0x250 C:\Program Files (x86)\FreeBASIC\lib\win32/libmingwex.a(lib32_libmingwex_a-powi.o)
                0x0000000000461de0                __powi
 .text          0x0000000000462030       0x50 C:\Program Files (x86)\FreeBASIC\lib\win32/libmingwex.a(lib32_libmingwex_a-exp2l.o)
                0x0000000000462030                exp2l
 .text          0x0000000000462080       0x90 C:\Program Files (x86)\FreeBASIC\lib\win32/libmingwex.a(lib32_libmingwex_a-ldexp.o)
                0x0000000000462080                ldexp
 .text          0x0000000000462110       0x48 C:\Program Files (x86)\FreeBASIC\lib\win32/libmingwex.a(lib32_libmingwex_a-log2l.o)
                0x0000000000462120                log2l
 *fill*         0x0000000000462158        0x8 
 .text          0x0000000000462160      0x980 C:\Program Files (x86)\FreeBASIC\lib\win32/libmingwex.a(lib32_libmingwex_a-gethex.o)
                0x0000000000462160                __gethex_D2A
 .text          0x0000000000462ae0      0x160 C:\Program Files (x86)\FreeBASIC\lib\win32/libmingwex.a(lib32_libmingwex_a-gmisc.o)
                0x0000000000462ae0                __rshift_D2A
                0x0000000000462c00                __trailz_D2A
 .text          0x0000000000462c40       0x70 C:\Program Files (x86)\FreeBASIC\lib\win32/libmingwex.a(lib32_libmingwex_a-hd_init.o)
                0x0000000000462c40                __mingw_hexdig_init_D2A
 .text          0x0000000000462cb0      0x3b0 C:\Program Files (x86)\FreeBASIC\lib\win32/libmingwex.a(lib32_libmingwex_a-hexnan.o)
                0x0000000000462cb0                __hexnan_D2A
 .text          0x0000000000463060      0xbd0 C:\Program Files (x86)\FreeBASIC\lib\win32/libmingwex.a(lib32_libmingwex_a-misc.o)
                0x0000000000463170                __Balloc_D2A
                0x0000000000463240                __Bfree_D2A
                0x00000000004632b0                __multadd_D2A
                0x00000000004633a0                __i2b_D2A
                0x00000000004633d0                __mult_D2A
                0x0000000000463550                __pow5mult_D2A
                0x00000000004636c0                __lshift_D2A
                0x00000000004637f0                __cmp_D2A
                0x0000000000463840                __diff_D2A
                0x00000000004639e0                __b2d_D2A
                0x0000000000463b00                __d2b_D2A
                0x0000000000463c00                __strcp_D2A
 .text          0x0000000000463c30      0x300 C:\Program Files (x86)\FreeBASIC\lib\win32/libmingwex.a(lib32_libmingwex_a-smisc.o)
                0x0000000000463c30                __s2b_D2A
                0x0000000000463d30                __ratio_D2A
                0x0000000000463df0                __match_D2A
                0x0000000000463e40                __copybits_D2A
                0x0000000000463eb0                __any_on_D2A
 .text          0x0000000000463f30        0x0 C:\Program Files (x86)\FreeBASIC\lib\win32/libadvapi32.dll.a(dsjdh.o)
 .text          0x0000000000463f30        0x0 C:\Program Files (x86)\FreeBASIC\lib\win32/libadvapi32.dll.a(dsjdt.o)
 .text          0x0000000000463f30      0x120 C:\Program Files (x86)\FreeBASIC\lib\win32/libgcc.a(_udivdi3.o)
                0x0000000000463f30                __udivdi3
 .text          0x0000000000464050        0x8 C:\Program Files (x86)\FreeBASIC\lib\win32/libmsvcrt.dll.a(dojds01249.o)
                0x0000000000464050                vfprintf
 .text          0x0000000000464058        0x8 C:\Program Files (x86)\FreeBASIC\lib\win32/libmsvcrt.dll.a(dojds01216.o)
                0x0000000000464058                strncmp
 .text          0x0000000000464060        0x8 C:\Program Files (x86)\FreeBASIC\lib\win32/libmsvcrt.dll.a(dojds01195.o)
                0x0000000000464060                signal
 .text          0x0000000000464068        0x8 C:\Program Files (x86)\FreeBASIC\lib\win32/libmsvcrt.dll.a(dojds01145.o)
                0x0000000000464068                localeconv
 .text          0x0000000000464070        0x8 C:\Program Files (x86)\FreeBASIC\lib\win32/libmsvcrt.dll.a(dojds01140.o)
                0x0000000000464070                iswctype
 .text          0x0000000000464078        0x8 C:\Program Files (x86)\FreeBASIC\lib\win32/libmsvcrt.dll.a(dojds01134.o)
                0x0000000000464078                isspace
 .text          0x0000000000464080        0x8 C:\Program Files (x86)\FreeBASIC\lib\win32/libmsvcrt.dll.a(dojds01108.o)
                0x0000000000464080                fsetpos
 .text          0x0000000000464088        0x8 C:\Program Files (x86)\FreeBASIC\lib\win32/libmsvcrt.dll.a(dojds01094.o)
                0x0000000000464088                fprintf
 .text          0x0000000000464090        0x8 C:\Program Files (x86)\FreeBASIC\lib\win32/libmsvcrt.dll.a(dojds01086.o)
                0x0000000000464090                fgetpos
 .text          0x0000000000464098        0x8 C:\Program Files (x86)\FreeBASIC\lib\win32/libmsvcrt.dll.a(dojds01055.o)
                0x0000000000464098                abort
 .text          0x00000000004640a0        0x8 C:\Program Files (x86)\FreeBASIC\lib\win32/libmsvcrt.dll.a(dojds01007.o)
                0x00000000004640a0                _write
 .text          0x00000000004640a8        0x8 C:\Program Files (x86)\FreeBASIC\lib\win32/libmsvcrt.dll.a(dojds00840.o)
                0x00000000004640a8                _unlock
 .text          0x00000000004640b0        0x0 C:\Program Files (x86)\FreeBASIC\lib\win32/libmsvcrt.dll.a(dojds00627.o)
 .text          0x00000000004640b0        0x8 C:\Program Files (x86)\FreeBASIC\lib\win32/libmsvcrt.dll.a(dojds00469.o)
                0x00000000004640b0                _lseeki64
 .text          0x00000000004640b8        0x8 C:\Program Files (x86)\FreeBASIC\lib\win32/libmsvcrt.dll.a(dojds00460.o)
                0x00000000004640b8                _lock
 .text          0x00000000004640c0        0x8 C:\Program Files (x86)\FreeBASIC\lib\win32/libmsvcrt.dll.a(dojds00258.o)
                0x00000000004640c0                _filelengthi64
 .text          0x00000000004640c8        0x8 C:\Program Files (x86)\FreeBASIC\lib\win32/libmsvcrt.dll.a(dojds00224.o)
                0x00000000004640c8                _errno
 .text          0x00000000004640d0        0x8 C:\Program Files (x86)\FreeBASIC\lib\win32/libmsvcrt.dll.a(dojds00108.o)
                0x00000000004640d0                __setusermatherr
 .text          0x00000000004640d8        0x0 C:\Program Files (x86)\FreeBASIC\lib\win32/libmsvcrt.dll.a(dojds00101.o)
 .text          0x00000000004640d8        0x8 C:\Program Files (x86)\FreeBASIC\lib\win32/libmsvcrt.dll.a(dojds00056.o)
                0x00000000004640d8                __doserrno
 .text          0x00000000004640e0        0x8 C:\Program Files (x86)\FreeBASIC\lib\win32/libmsvcrt.dll.a(dojds00055.o)
                0x00000000004640e0                __dllonexit
 .text          0x00000000004640e8        0x0 C:\Program Files (x86)\FreeBASIC\lib\win32\crtend.o
 *(SORT(.text$*))
 *(.text.*)
 .text.unlikely
                0x00000000004640e8        0x0 C:\Program Files (x86)\FreeBASIC\lib\win32\crt2.o
 .text.unlikely
                0x00000000004640e8        0x0 C:\Program Files (x86)\FreeBASIC\lib\win32\crtbegin.o
 .text.unlikely
                0x00000000004640e8        0x0 C:\Program Files (x86)\FreeBASIC\lib\win32\fbrt0.o
 .text.unlikely
                0x00000000004640e8        0x0 C:\Program Files (x86)\FreeBASIC\lib\win32/libfbgfx.a(gfx_access.o)
 .text.unlikely
                0x00000000004640e8        0x0 C:\Program Files (x86)\FreeBASIC\lib\win32/libfbgfx.a(gfx_bload.o)
 .text.unlikely
                0x00000000004640e8        0x0 C:\Program Files (x86)\FreeBASIC\lib\win32/libfbgfx.a(gfx_circle.o)
 .text.unlikely
                0x00000000004640e8        0x0 C:\Program Files (x86)\FreeBASIC\lib\win32/libfbgfx.a(gfx_control.o)
 .text.unlikely
                0x00000000004640e8        0x0 C:\Program Files (x86)\FreeBASIC\lib\win32/libfbgfx.a(gfx_core.o)
 .text.unlikely
                0x00000000004640e8        0x0 C:\Program Files (x86)\FreeBASIC\lib\win32/libfbgfx.a(gfx_drawstring.o)
 .text.unlikely
                0x00000000004640e8        0x0 C:\Program Files (x86)\FreeBASIC\lib\win32/libfbgfx.a(gfx_image.o)
 .text.unlikely
                0x00000000004640e8        0x0 C:\Program Files (x86)\FreeBASIC\lib\win32/libfbgfx.a(gfx_image_convert.o)