Archive member included to satisfy reference by file (symbol)

/usr/local/bin/../lib/freebasic/linux-x86_64/libfbgfx.a(gfx_access.o)
                              c64dvd-glsl.o (fb_GfxLock)
/usr/local/bin/../lib/freebasic/linux-x86_64/libfbgfx.a(gfx_bload.o)
                              c64dvd-glsl.o (fb_GfxBload)
/usr/local/bin/../lib/freebasic/linux-x86_64/libfbgfx.a(gfx_circle.o)
                              c64dvd-glsl.o (fb_GfxEllipse)
/usr/local/bin/../lib/freebasic/linux-x86_64/libfbgfx.a(gfx_control.o)
                              c64dvd-glsl.o (fb_GfxControl_i64)
/usr/local/bin/../lib/freebasic/linux-x86_64/libfbgfx.a(gfx_core.o)
                              /usr/local/bin/../lib/freebasic/linux-x86_64/libfbgfx.a(gfx_access.o) (fb_hSetPixelTransfer)
/usr/local/bin/../lib/freebasic/linux-x86_64/libfbgfx.a(gfx_draw.o)
                              c64dvd-glsl.o (fb_GfxDraw)
/usr/local/bin/../lib/freebasic/linux-x86_64/libfbgfx.a(gfx_drawstring.o)
                              c64dvd-glsl.o (fb_GfxDrawString)
/usr/local/bin/../lib/freebasic/linux-x86_64/libfbgfx.a(gfx_image.o)
                              c64dvd-glsl.o (fb_GfxImageCreate)
/usr/local/bin/../lib/freebasic/linux-x86_64/libfbgfx.a(gfx_image_convert.o)
                              /usr/local/bin/../lib/freebasic/linux-x86_64/libfbgfx.a(gfx_bload.o) (fb_image_convert_8to8)
/usr/local/bin/../lib/freebasic/linux-x86_64/libfbgfx.a(gfx_image_info.o)
                              c64dvd-glsl.o (fb_GfxImageInfo64)
/usr/local/bin/../lib/freebasic/linux-x86_64/libfbgfx.a(gfx_line.o)
                              /usr/local/bin/../lib/freebasic/linux-x86_64/libfbgfx.a(gfx_draw.o) (fb_GfxDrawLine)
/usr/local/bin/../lib/freebasic/linux-x86_64/libfbgfx.a(gfx_opengl.o)
                              c64dvd-glsl.o (fb_GfxGetGLProcAddress)
/usr/local/bin/../lib/freebasic/linux-x86_64/libfbgfx.a(gfx_page.o)
                              c64dvd-glsl.o (fb_GfxFlip)
/usr/local/bin/../lib/freebasic/linux-x86_64/libfbgfx.a(gfx_paint.o)
                              c64dvd-glsl.o (fb_GfxPaint)
/usr/local/bin/../lib/freebasic/linux-x86_64/libfbgfx.a(gfx_palette.o)
                              /usr/local/bin/../lib/freebasic/linux-x86_64/libfbgfx.a(gfx_circle.o) (fb_hFixColor)
/usr/local/bin/../lib/freebasic/linux-x86_64/libfbgfx.a(gfx_point.o)
                              c64dvd-glsl.o (fb_GfxPoint)
/usr/local/bin/../lib/freebasic/linux-x86_64/libfbgfx.a(gfx_pset.o)
                              c64dvd-glsl.o (fb_GfxPset)
/usr/local/bin/../lib/freebasic/linux-x86_64/libfbgfx.a(gfx_put.o)
                              c64dvd-glsl.o (fb_GfxPut)
/usr/local/bin/../lib/freebasic/linux-x86_64/libfbgfx.a(gfx_put_alpha.o)
                              c64dvd-glsl.o (fb_hPutAlpha)
/usr/local/bin/../lib/freebasic/linux-x86_64/libfbgfx.a(gfx_put_pset.o)
                              /usr/local/bin/../lib/freebasic/linux-x86_64/libfbgfx.a(gfx_put_alpha.o) (fb_hPutPSetC)
/usr/local/bin/../lib/freebasic/linux-x86_64/libfbgfx.a(gfx_screen.o)
                              c64dvd-glsl.o (fb_GfxScreen)
/usr/local/bin/../lib/freebasic/linux-x86_64/libfbgfx.a(gfx_screeninfo.o)
                              c64dvd-glsl.o (fb_GfxScreenInfo64)
/usr/local/bin/../lib/freebasic/linux-x86_64/libfbgfx.a(gfx_screenlist.o)
                              c64dvd-glsl.o (fb_GfxScreenList)
/usr/local/bin/../lib/freebasic/linux-x86_64/libfbgfx.a(gfx_setmouse.o)
                              /usr/local/bin/../lib/freebasic/linux-x86_64/libfbgfx.a(gfx_screen.o) (fb_GfxSetMouse)
/usr/local/bin/../lib/freebasic/linux-x86_64/libfbgfx.a(gfx_sleep.o)
                              /usr/local/bin/../lib/freebasic/linux-x86_64/libfbgfx.a(gfx_screen.o) (fb_GfxSleep)
/usr/local/bin/../lib/freebasic/linux-x86_64/libfbgfx.a(gfx_unix.o)
                              /usr/local/bin/../lib/freebasic/linux-x86_64/libfbgfx.a(gfx_control.o) (fb_hScreenInfo)
/usr/local/bin/../lib/freebasic/linux-x86_64/libfbgfx.a(gfx_vars.o)
                              /usr/local/bin/../lib/freebasic/linux-x86_64/libfbgfx.a(gfx_control.o) (__fb_gfx_driver_name)
/usr/local/bin/../lib/freebasic/linux-x86_64/libfbgfx.a(gfx_vgaemu.o)
                              /usr/local/bin/../lib/freebasic/linux-x86_64/libfbgfx.a(gfx_screen.o) (fb_GfxIn)
/usr/local/bin/../lib/freebasic/linux-x86_64/libfbgfx.a(gfx_vsync.o)
                              c64dvd-glsl.o (fb_GfxWaitVSync)
/usr/local/bin/../lib/freebasic/linux-x86_64/libfbgfx.a(gfx_width.o)
                              /usr/local/bin/../lib/freebasic/linux-x86_64/libfbgfx.a(gfx_screen.o) (fb_GfxWidth)
/usr/local/bin/../lib/freebasic/linux-x86_64/libfbgfx.a(gfx_x11.o)
                              /usr/local/bin/../lib/freebasic/linux-x86_64/libfbgfx.a(gfx_unix.o) (fb_hX11ScreenInfo)
/usr/local/bin/../lib/freebasic/linux-x86_64/libfbgfx.a(gfx_x11_icon_stub.o)
                              /usr/local/bin/../lib/freebasic/linux-x86_64/libfbgfx.a(gfx_x11.o) (fb_program_icon)
[...]
Memory Configuration

Name             Origin             Length             Attributes
*default*        0x0000000000000000 0xffffffffffffffff

Linker script and memory map

LOAD /usr/lib/gcc/x86_64-pc-linux-gnu/12.1.0/../../../../lib/crt1.o
LOAD /usr/lib/gcc/x86_64-pc-linux-gnu/12.1.0/../../../../lib/crti.o
LOAD /usr/lib/gcc/x86_64-pc-linux-gnu/12.1.0/crtbegin.o
LOAD /usr/local/bin/../lib/freebasic/linux-x86_64/fbrt0.o
LOAD c64dvd-glsl.o
START GROUP
LOAD /usr/local/bin/../lib/freebasic/linux-x86_64/libfbgfx.a
LOAD /usr/lib/libX11.so
LOAD /usr/lib/libXext.so
LOAD /usr/lib/libXpm.so
LOAD /usr/lib/libXrandr.so
LOAD /usr/lib/libXrender.so
LOAD /usr/lib/libpthread.a
LOAD /usr/lib/libGL.so
LOAD /usr/local/bin/../lib/freebasic/linux-x86_64/libfb.a
LOAD /usr/lib/libtinfo.so
LOAD /usr/lib/libncursesw.so.6
LOAD /usr/lib/libm.so
START GROUP
LOAD /usr/lib/libm.so.6
LOAD /usr/lib/libmvec.so.1
END GROUP
LOAD /usr/lib/libdl.a
LOAD /usr/lib/gcc/x86_64-pc-linux-gnu/12.1.0/libgcc.a
LOAD /usr/lib/gcc/x86_64-pc-linux-gnu/12.1.0/libgcc_eh.a
LOAD /usr/lib/libc.so
START GROUP
LOAD /usr/lib/libc.so.6
LOAD /usr/lib/libc_nonshared.a
LOAD /usr/lib/ld-linux-x86-64.so.2
END GROUP
END GROUP
LOAD /usr/lib/gcc/x86_64-pc-linux-gnu/12.1.0/crtend.o
LOAD /usr/lib/gcc/x86_64-pc-linux-gnu/12.1.0/../../../../lib/crtn.o
                [!provide]                        PROVIDE (__executable_start = SEGMENT_START ("text-segment", 0x400000))
                0x0000000000400318                . = (SEGMENT_START ("text-segment", 0x400000) + SIZEOF_HEADERS)

.interp         0x0000000000400318       0x1c
 *(.interp)
 .interp        0x0000000000400318       0x1c /usr/lib/gcc/x86_64-pc-linux-gnu/12.1.0/../../../../lib/crt1.o

.note.gnu.property
                0x0000000000400338       0x40
 .note.gnu.property
                0x0000000000400338       0x40 /usr/lib/gcc/x86_64-pc-linux-gnu/12.1.0/../../../../lib/crt1.o

.note.ABI-tag   0x0000000000400378       0x20
 .note.ABI-tag  0x0000000000400378       0x20 /usr/lib/gcc/x86_64-pc-linux-gnu/12.1.0/../../../../lib/crt1.o

.note.gnu.build-id
 *(.note.gnu.build-id)

.hash           0x0000000000400398      0x6d4
 *(.hash)
 .hash          0x0000000000400398      0x6d4 /usr/lib/gcc/x86_64-pc-linux-gnu/12.1.0/../../../../lib/crt1.o

.gnu.hash       0x0000000000400a70       0x60
 *(.gnu.hash)
 .gnu.hash      0x0000000000400a70       0x60 /usr/lib/gcc/x86_64-pc-linux-gnu/12.1.0/../../../../lib/crt1.o

.dynsym         0x0000000000400ad0     0x1650
 *(.dynsym)
 .dynsym        0x0000000000400ad0     0x1650 /usr/lib/gcc/x86_64-pc-linux-gnu/12.1.0/../../../../lib/crt1.o

.dynstr         0x0000000000402120      0xb12
 *(.dynstr)
 .dynstr        0x0000000000402120      0xb12 /usr/lib/gcc/x86_64-pc-linux-gnu/12.1.0/../../../../lib/crt1.o

.gnu.version    0x0000000000402c32      0x1dc
 *(.gnu.version)
 .gnu.version   0x0000000000402c32      0x1dc /usr/lib/gcc/x86_64-pc-linux-gnu/12.1.0/../../../../lib/crt1.o

.gnu.version_d  0x0000000000402e10        0x0
 *(.gnu.version_d)
 .gnu.version_d
                0x0000000000402e10        0x0 /usr/lib/gcc/x86_64-pc-linux-gnu/12.1.0/../../../../lib/crt1.o

.gnu.version_r  0x0000000000402e10      0x100
 *(.gnu.version_r)
 .gnu.version_r
                0x0000000000402e10      0x100 /usr/lib/gcc/x86_64-pc-linux-gnu/12.1.0/../../../../lib/crt1.o

.rela.dyn       0x0000000000402f10      0x1c8
 *(.rela.init)
 *(.rela.text .rela.text.* .rela.gnu.linkonce.t.*)
 .rela.text     0x0000000000402f10        0x0 /usr/lib/gcc/x86_64-pc-linux-gnu/12.1.0/../../../../lib/crt1.o
 *(.rela.fini)
 *(.rela.rodata .rela.rodata.* .rela.gnu.linkonce.r.*)
 *(.rela.data .rela.data.* .rela.gnu.linkonce.d.*)
 .rela.data.rel.ro
                0x0000000000402f10        0x0 /usr/lib/gcc/x86_64-pc-linux-gnu/12.1.0/../../../../lib/crt1.o
 .rela.data.rel
                0x0000000000402f10       0x30 /usr/lib/gcc/x86_64-pc-linux-gnu/12.1.0/../../../../lib/crt1.o
 *(.rela.tdata .rela.tdata.* .rela.gnu.linkonce.td.*)
 *(.rela.tbss .rela.tbss.* .rela.gnu.linkonce.tb.*)
 *(.rela.ctors)
 *(.rela.dtors)
 *(.rela.got)
 .rela.got      0x0000000000402f40       0xf0 /usr/lib/gcc/x86_64-pc-linux-gnu/12.1.0/../../../../lib/crt1.o
 *(.rela.bss .rela.bss.* .rela.gnu.linkonce.b.*)
 .rela.bss      0x0000000000403030       0xa8 /usr/lib/gcc/x86_64-pc-linux-gnu/12.1.0/../../../../lib/crt1.o
 *(.rela.ldata .rela.ldata.* .rela.gnu.linkonce.l.*)
 *(.rela.lbss .rela.lbss.* .rela.gnu.linkonce.lb.*)
 *(.rela.lrodata .rela.lrodata.* .rela.gnu.linkonce.lr.*)
 *(.rela.ifunc)

.rela.plt       0x00000000004030d8     0x1458
 *(.rela.plt)
 .rela.plt      0x00000000004030d8     0x1458 /usr/lib/gcc/x86_64-pc-linux-gnu/12.1.0/../../../../lib/crt1.o
                [!provide]                        PROVIDE (__rela_iplt_start = .)
 *(.rela.iplt)
 .rela.iplt     0x0000000000404530        0x0 /usr/lib/gcc/x86_64-pc-linux-gnu/12.1.0/../../../../lib/crt1.o
                [!provide]                        PROVIDE (__rela_iplt_end = .)

.relr.dyn
 *(.relr.dyn)
                0x0000000000405000                . = ALIGN (CONSTANT (MAXPAGESIZE))

.init           0x0000000000405000       0x1b
 *(SORT_NONE(.init))
 .init          0x0000000000405000       0x16 /usr/lib/gcc/x86_64-pc-linux-gnu/12.1.0/../../../../lib/crti.o
                0x0000000000405000                _init
 .init          0x0000000000405016        0x5 /usr/lib/gcc/x86_64-pc-linux-gnu/12.1.0/../../../../lib/crtn.o

.plt            0x0000000000405020      0xda0
 *(.plt)
 .plt           0x0000000000405020      0xda0 /usr/lib/gcc/x86_64-pc-linux-gnu/12.1.0/../../../../lib/crt1.o
                0x0000000000405030                tcsetattr@@GLIBC_2.2.5
                0x0000000000405040                XRRFreeScreenConfigInfo
                0x0000000000405050                fileno@@GLIBC_2.2.5
                0x0000000000405060                pthread_join@@GLIBC_2.34
                0x0000000000405070                XUnlockDisplay
                0x0000000000405080                XCreateFontCursor
                0x0000000000405090                pthread_cond_destroy@@GLIBC_2.3.2
                0x00000000004050a0                XMoveWindow
                0x00000000004050b0                sincosf@@GLIBC_2.2.5
                0x00000000004050c0                XFreeCursor
                0x00000000004050d0                powf@@GLIBC_2.27
                0x00000000004050e0                fseeko64@@GLIBC_2.2.5
                0x00000000004050f0                XClearWindow
                0x0000000000405100                snprintf@@GLIBC_2.2.5
                0x0000000000405110                mmap64@@GLIBC_2.2.5
                0x0000000000405120                wcslen@@GLIBC_2.2.5
                0x0000000000405130                close@@GLIBC_2.2.5
                0x0000000000405140                XListPixmapFormats
                0x0000000000405150                ioctl@@GLIBC_2.2.5
                0x0000000000405160                shmdt@@GLIBC_2.2.5
                0x0000000000405170                XRRSetScreenConfigAndRate
                0x0000000000405180                strncat@@GLIBC_2.2.5
                0x0000000000405190                tanf@@GLIBC_2.2.5
                0x00000000004051a0                XStoreName
                0x00000000004051b0                tan@@GLIBC_2.2.5
                0x00000000004051c0                get_avphys_pages@@GLIBC_2.2.5
                0x00000000004051d0                isatty@@GLIBC_2.2.5
                0x00000000004051e0                XFreeColormap
                0x00000000004051f0                XLookupString
                0x0000000000405200                fseek@@GLIBC_2.2.5
                0x0000000000405210                pthread_cond_signal@@GLIBC_2.3.2
                0x0000000000405220                select@@GLIBC_2.2.5
                0x0000000000405230                execvp@@GLIBC_2.2.5
                0x0000000000405240                exit@@GLIBC_2.2.5
                0x0000000000405250                XCreateImage
                0x0000000000405260                strcasecmp@@GLIBC_2.2.5
                0x0000000000405270                XRaiseWindow
                0x0000000000405280                gettimeofday@@GLIBC_2.2.5
                0x0000000000405290                setvbuf@@GLIBC_2.2.5
                0x00000000004052a0                XRRSetScreenConfig
                0x00000000004052b0                XUngrabPointer
                0x00000000004052c0                XDisplayWidth
                0x00000000004052d0                read@@GLIBC_2.2.5
                0x00000000004052e0                strncmp@@GLIBC_2.2.5
                0x00000000004052f0                malloc@@GLIBC_2.2.5
                0x0000000000405300                dup@@GLIBC_2.2.5
                0x0000000000405310                tputs@@NCURSES6_TINFO_5.0.19991023
                0x0000000000405320                system@@GLIBC_2.2.5
                0x0000000000405330                XpmCreatePixmapFromData
                0x0000000000405340                XRRQueryExtension
                0x0000000000405350                logf@@GLIBC_2.27
                0x0000000000405360                XSetWMNormalHints
                0x0000000000405370                XGrabPointer
                0x0000000000405380                XRRQueryVersion
                0x0000000000405390                XCreateWindow
                0x00000000004053a0                cos@@GLIBC_2.2.5
                0x00000000004053b0                nearbyint@@GLIBC_2.2.5
                0x00000000004053c0                XCreateColormap
                0x00000000004053d0                sysconf@@GLIBC_2.2.5
                0x00000000004053e0                getpid@@GLIBC_2.2.5
                0x00000000004053f0                XDefaultVisual
                0x0000000000405400                pthread_mutex_init@@GLIBC_2.2.5
                0x0000000000405410                fgets@@GLIBC_2.2.5
                0x0000000000405420                acosf@@GLIBC_2.2.5
                0x0000000000405430                freopen64@@GLIBC_2.2.5
                0x0000000000405440                XRRConfigRates
                0x0000000000405450                XOpenDisplay
                0x0000000000405460                ioperm@@GLIBC_2.2.5
                0x0000000000405470                atan2f@@GLIBC_2.2.5
                0x0000000000405480                ungetc@@GLIBC_2.2.5
                0x0000000000405490                __ctype_toupper_loc@@GLIBC_2.3
                0x00000000004054a0                pthread_create@@GLIBC_2.34
                0x00000000004054b0                fputc@@GLIBC_2.2.5
                0x00000000004054c0                XDrawPoint
                0x00000000004054d0                free@@GLIBC_2.2.5
                0x00000000004054e0                XDeleteProperty
                0x00000000004054f0                strlen@@GLIBC_2.2.5
                0x0000000000405500                XDestroyWindow
                0x0000000000405510                glActiveTexture
                0x0000000000405520                stat64@@GLIBC_2.33
                0x0000000000405530                XCloseDisplay
                0x0000000000405540                pthread_cond_init@@GLIBC_2.3.2
                0x0000000000405550                expf@@GLIBC_2.27
                0x0000000000405560                __ctype_b_loc@@GLIBC_2.3
                0x0000000000405570                XShmCreateImage
                0x0000000000405580                XRRConfigCurrentRate
                0x0000000000405590                wcstoull@@GLIBC_2.2.5
                0x00000000004055a0                XUnmapWindow
                0x00000000004055b0                tgoto@@NCURSES6_TINFO_5.0.19991023
                0x00000000004055c0                tgetflag@@NCURSES6_TINFO_5.0.19991023
                0x00000000004055d0                log2f@@GLIBC_2.27
                0x00000000004055e0                sprintf@@GLIBC_2.2.5
                0x00000000004055f0                pthread_mutexattr_init@@GLIBC_2.34
                0x0000000000405600                mbstowcs@@GLIBC_2.2.5
                0x0000000000405610                XCreatePixmapCursor
                0x0000000000405620                fgetc@@GLIBC_2.2.5
                0x0000000000405630                strrchr@@GLIBC_2.2.5
                0x0000000000405640                XFreeGC
                0x0000000000405650                glRectf
                0x0000000000405660                XDisplayName
                0x0000000000405670                glBindTexture
                0x0000000000405680                XMoveResizeWindow
                0x0000000000405690                XLockDisplay
                0x00000000004056a0                XNextEvent
                0x00000000004056b0                XDefaultRootWindow
                0x00000000004056c0                XSetWMProtocols
                0x00000000004056d0                kill@@GLIBC_2.2.5
                0x00000000004056e0                usleep@@GLIBC_2.2.5
                0x00000000004056f0                open64@@GLIBC_2.2.5
                0x0000000000405700                strstr@@GLIBC_2.2.5
                0x0000000000405710                XDefaultScreen
                0x0000000000405720                XDisplayHeight
                0x0000000000405730                rewind@@GLIBC_2.2.5
                0x0000000000405740                dlopen@@GLIBC_2.34
                0x0000000000405750                fputs@@GLIBC_2.2.5
                0x0000000000405760                readlink@@GLIBC_2.2.5
                0x0000000000405770                XResizeWindow
                0x0000000000405780                tgetstr@@NCURSES6_TINFO_5.0.19991023
                0x0000000000405790                XUngrabKeyboard
                0x00000000004057a0                getpgid@@GLIBC_2.2.5
                0x00000000004057b0                XCreateBitmapFromData
                0x00000000004057c0                tcgetattr@@GLIBC_2.2.5
                0x00000000004057d0                fcntl64@@GLIBC_2.28
                0x00000000004057e0                raise@@GLIBC_2.2.5
                0x00000000004057f0                _Exit@@GLIBC_2.2.5
                0x0000000000405800                signal@@GLIBC_2.2.5
                0x0000000000405810                memmove@@GLIBC_2.2.5
                0x0000000000405820                XShmQueryExtension
                0x0000000000405830                waitpid@@GLIBC_2.2.5
                0x0000000000405840                fread@@GLIBC_2.2.5
                0x0000000000405850                XCreateGC
                0x0000000000405860                getenv@@GLIBC_2.2.5
                0x0000000000405870                cfgetospeed@@GLIBC_2.2.5
                0x0000000000405880                qsort@@GLIBC_2.2.5
                0x0000000000405890                strdup@@GLIBC_2.2.5
                0x00000000004058a0                XBlackPixel
                0x00000000004058b0                glTexImage2D
                0x00000000004058c0                XSync
                0x00000000004058d0                sincos@@GLIBC_2.2.5
                0x00000000004058e0                XStoreColors
                0x00000000004058f0                XMaskEvent
                0x0000000000405900                strncasecmp@@GLIBC_2.2.5
                0x0000000000405910                XSendEvent
                0x0000000000405920                __stack_chk_fail@@GLIBC_2.4
                0x0000000000405930                XWarpPointer
                0x0000000000405940                cosf@@GLIBC_2.2.5
                0x0000000000405950                XRRConfigSizes
                0x0000000000405960                XPutImage
                0x0000000000405970                tgetent@@NCURSES6_TINFO_5.0.19991023
                0x0000000000405980                strcmp@@GLIBC_2.2.5
                0x0000000000405990                XShmAttach
                0x00000000004059a0                acos@@GLIBC_2.2.5
                0x00000000004059b0                XPeekEvent
                0x00000000004059c0                XShapeCombineMask
                0x00000000004059d0                XInitThreads
                0x00000000004059e0                strcpy@@GLIBC_2.2.5
                0x00000000004059f0                XRRConfigCurrentConfiguration
                0x0000000000405a00                pthread_cond_wait@@GLIBC_2.3.2
                0x0000000000405a10                exp2f@@GLIBC_2.27
                0x0000000000405a20                __isoc99_scanf@@GLIBC_2.7
                0x0000000000405a30                pthread_mutexattr_settype@@GLIBC_2.34
                0x0000000000405a40                __ctype_tolower_loc@@GLIBC_2.3
                0x0000000000405a50                memcmp@@GLIBC_2.2.5
                0x0000000000405a60                XDefineCursor
                0x0000000000405a70                calloc@@GLIBC_2.2.5
                0x0000000000405a80                munmap@@GLIBC_2.2.5
                0x0000000000405a90                shmget@@GLIBC_2.2.5
                0x0000000000405aa0                feof@@GLIBC_2.2.5
                0x0000000000405ab0                XInternAtom
                0x0000000000405ac0                XGrabKeyboard
                0x0000000000405ad0                fclose@@GLIBC_2.2.5
                0x0000000000405ae0                strncpy@@GLIBC_2.2.5
                0x0000000000405af0                XQueryPointer
                0x0000000000405b00                XUndefineCursor
                0x0000000000405b10                strtoull@@GLIBC_2.2.5
                0x0000000000405b20                XGetWindowAttributes
                0x0000000000405b30                XDefaultDepth
                0x0000000000405b40                XRRGetScreenInfo
                0x0000000000405b50                XChangeProperty
                0x0000000000405b60                asinf@@GLIBC_2.2.5
                0x0000000000405b70                XAllocSizeHints
                0x0000000000405b80                XCheckWindowEvent
                0x0000000000405b90                XShmPutImage
                0x0000000000405ba0                XFreePixmap
                0x0000000000405bb0                fork@@GLIBC_2.2.5
                0x0000000000405bc0                fopen64@@GLIBC_2.2.5
                0x0000000000405bd0                dlsym@@GLIBC_2.34
                0x0000000000405be0                fwrite@@GLIBC_2.2.5
                0x0000000000405bf0                pthread_mutex_lock@@GLIBC_2.2.5
                0x0000000000405c00                realloc@@GLIBC_2.2.5
                0x0000000000405c10                setlocale@@GLIBC_2.2.5
                0x0000000000405c20                XReparentWindow
                0x0000000000405c30                sinf@@GLIBC_2.2.5
                0x0000000000405c40                shmctl@@GLIBC_2.2.5
                0x0000000000405c50                XCreatePixmap
                0x0000000000405c60                XMapRaised
                0x0000000000405c70                fprintf@@GLIBC_2.2.5
                0x0000000000405c80                pthread_mutex_destroy@@GLIBC_2.2.5
                0x0000000000405c90                write@@GLIBC_2.2.5
                0x0000000000405ca0                ftello64@@GLIBC_2.2.5
                0x0000000000405cb0                tcgetpgrp@@GLIBC_2.2.5
                0x0000000000405cc0                pow@@GLIBC_2.29
                0x0000000000405cd0                sqrt@@GLIBC_2.2.5
                0x0000000000405ce0                XQueryTree
                0x0000000000405cf0                pthread_mutex_unlock@@GLIBC_2.2.5
                0x0000000000405d00                XShmDetach
                0x0000000000405d10                sin@@GLIBC_2.2.5
                0x0000000000405d20                XSetWMHints
                0x0000000000405d30                XSetWindowColormap
                0x0000000000405d40                glGenTextures
                0x0000000000405d50                strtod@@GLIBC_2.2.5
                0x0000000000405d60                XPending
                0x0000000000405d70                shmat@@GLIBC_2.2.5
                0x0000000000405d80                fflush@@GLIBC_2.2.5
                0x0000000000405d90                wcstombs@@GLIBC_2.2.5
                0x0000000000405da0                getc@@GLIBC_2.2.5
                0x0000000000405db0                dlclose@@GLIBC_2.34
 *(.iplt)
 .iplt          0x0000000000405dc0        0x0 /usr/lib/gcc/x86_64-pc-linux-gnu/12.1.0/../../../../lib/crt1.o

.plt.got        0x0000000000405dc0       0x18
 *(.plt.got)
 .plt.got       0x0000000000405dc0       0x18 /usr/lib/gcc/x86_64-pc-linux-gnu/12.1.0/../../../../lib/crt1.o
                0x0000000000405dc0                XFree
                0x0000000000405dc8                memset@@GLIBC_2.2.5
                0x0000000000405dd0                memcpy@@GLIBC_2.14

.plt.sec
 *(.plt.sec)

.text           0x0000000000405de0    0x83e04
 *(.text.unlikely .text.*_unlikely .text.unlikely.*)
 .text.unlikely
                0x0000000000405de0        0xa /usr/local/bin/../lib/freebasic/linux-x86_64/libfb.a(dev_scrn_read.o)
 .text.unlikely
                0x0000000000405dea        0x9 /usr/local/bin/../lib/freebasic/linux-x86_64/libfb.a(io_printpad.o)
 .text.unlikely
                0x0000000000405df3        0xa /usr/local/bin/../lib/freebasic/linux-x86_64/libfb.a(dev_scrn_eof.o)
 .text.unlikely
                0x0000000000405dfd        0x9 /usr/local/bin/../lib/freebasic/linux-x86_64/libfb.a(io_printpad_wstr.o)
 *(.text.exit .text.exit.*)
 *(.text.startup .text.startup.*)
 *fill*         0x0000000000405e06        0xa 
 .text.startup  0x0000000000405e10       0x38 c64dvd-glsl.o
                0x0000000000405e10                main
 *(.text.hot .text.hot.*)
 *(SORT_BY_NAME(.text.sorted.*))
 *(.text .stub .text.* .gnu.linkonce.t.*)
 *fill*         0x0000000000405e48        0x8 
 .text          0x0000000000405e50       0x35 /usr/lib/gcc/x86_64-pc-linux-gnu/12.1.0/../../../../lib/crt1.o
                0x0000000000405e50                _start
                0x0000000000405e80                _dl_relocate_static_pie
 .text          0x0000000000405e85        0x0 /usr/lib/gcc/x86_64-pc-linux-gnu/12.1.0/../../../../lib/crti.o
 *fill*         0x0000000000405e85        0xb 
 .text          0x0000000000405e90       0xa6 /usr/lib/gcc/x86_64-pc-linux-gnu/12.1.0/crtbegin.o
 *fill*         0x0000000000405f36        0xa 
 .text          0x0000000000405f40       0x15 /usr/local/bin/../lib/freebasic/linux-x86_64/fbrt0.o
 *fill*         0x0000000000405f55        0xb 
 .text          0x0000000000405f60    0x65735 c64dvd-glsl.o
                0x0000000000405f60                INS_UNK
                0x0000000000405f70                INS_ASLA
                0x0000000000406000                INS_CLC
                0x0000000000406020                INS_CLD
                0x0000000000406040                INS_CLI
                0x0000000000406060                INS_CLV
                0x0000000000406080                INS_DEX
                0x00000000004060f0                INS_DEY
                0x0000000000406150                INS_INX
                0x00000000004061c0                INS_INY
                0x0000000000406230                INS_JMP
                0x0000000000406240                INS_LSRA
                0x00000000004062c0                INS_ROLA
                0x0000000000406370                INS_RORA
                0x0000000000406420                INS_SEC
                0x0000000000406440                INS_SED
                0x0000000000406460                INS_SEI
                0x0000000000406480                INS_TAX
                0x00000000004064d0                INS_TAY
                0x0000000000406520                INS_TSX
                0x0000000000406570                INS_TXA
                0x00000000004065c0                INS_TXS
                0x00000000004065d0                INS_TYA
                0x0000000000406650                INS_NOP
                0x0000000000406820                ERROREXIT
                0x00000000004068a0                GLSCREEN
                0x0000000000407760                SHADERTOY::~SHADERTOY()
                0x00000000004077a0                SHADERTOY::COMPILECODE(FBSTRING&)
                0x0000000000407f80                SHADERTOY::COMPILEFILE(FBSTRING&)
                0x0000000000408170                VECTOR2::VECTOR2()
                0x0000000000408180                VECTOR2::VECTOR2(double)
                0x0000000000408190                VECTOR2::VECTOR2(double, double)
                0x00000000004081a0                VECTOR2::VECTOR2(VECTOR2&)
                0x0000000000408230                VECTOR2::operator+=(double)
                0x0000000000408240                VECTOR2::operator-=(double)
                0x0000000000408250                VECTOR2::operator*=(double)
                0x0000000000408260                VECTOR2::operator/=(double)
                0x0000000000408270                VECTOR2::operator+=(VECTOR2&)
                0x0000000000408290                VECTOR2::operator-=(VECTOR2&)
                0x00000000004082b0                VECTOR2::operator*=(VECTOR2&)
                0x00000000004082d0                VECTOR2::operator/=(VECTOR2&)
                0x00000000004082f0                VECTOR2::XX()
                0x0000000000408310                VECTOR2::XY()
                0x0000000000408330                VECTOR2::YX()
                0x0000000000408350                VECTOR2::YY()
                0x0000000000408370                operator-(VECTOR2&)
                0x00000000004083a0                operator+(VECTOR2&, VECTOR2&)
                0x00000000004083d0                operator+(VECTOR2&, double)
                0x0000000000408400                operator+(double, VECTOR2&)
                0x0000000000408430                operator-(VECTOR2&, VECTOR2&)
                0x0000000000408460                operator-(VECTOR2&, double)
                0x0000000000408490                operator-(double, VECTOR2&)
                0x00000000004084c0                operator*(VECTOR2&, VECTOR2&)
                0x00000000004084f0                operator*(VECTOR2&, double)
                0x0000000000408520                operator*(double, VECTOR2&)
                0x0000000000408550                operator/(VECTOR2&, VECTOR2&)
                0x0000000000408580                VECTOR3::VECTOR3()
                0x00000000004085a0                VECTOR3::VECTOR3(double)
                0x00000000004085c0                VECTOR3::VECTOR3(double, double, double)
                0x00000000004085d0                VECTOR3::VECTOR3(VECTOR2&, double)
                0x0000000000408600                VECTOR3::VECTOR3(double, VECTOR2&)
                0x0000000000408630                VECTOR3::VECTOR3(VECTOR3&)
                0x0000000000408670                VECTOR3::operator unsigned int()
                0x0000000000408760                VECTOR3::operator+=(double)
                0x0000000000408780                VECTOR3::operator-=(double)
                0x00000000004087b0                VECTOR3::operator/=(double)
                0x00000000004087e0                VECTOR3::operator+=(VECTOR3&)
                0x0000000000408810                VECTOR3::operator*=(VECTOR3&)
                0x0000000000408840                VECTOR3::operator/=(VECTOR3&)
                0x0000000000408870                VECTOR3::XX()
                0x0000000000408880                VECTOR3::XY()
                0x0000000000408890                VECTOR3::XZ()
                0x00000000004088b0                VECTOR3::YX()
                0x00000000004088c0                VECTOR3::YY()
                0x00000000004088d0                VECTOR3::YZ()
                0x00000000004088f0                VECTOR3::ZX()
                0x0000000000408910                VECTOR3::ZY()
                0x0000000000408930                VECTOR3::ZZ()
                0x0000000000408950                VECTOR3::XXX()
                0x0000000000408970                VECTOR3::XXY()
                0x0000000000408990                VECTOR3::XXZ()
                0x00000000004089b0                VECTOR3::XYX()
                0x00000000004089d0                VECTOR3::XYY()
                0x00000000004089f0                VECTOR3::XYZ()
                0x0000000000408a10                VECTOR3::XZX()
                0x0000000000408a30                VECTOR3::XZY()
                0x0000000000408a50                VECTOR3::XZZ()
                0x0000000000408a70                VECTOR3::YXX()
                0x0000000000408a90                VECTOR3::YXY()
                0x0000000000408ab0                VECTOR3::YXZ()
                0x0000000000408ad0                VECTOR3::YYX()
                0x0000000000408af0                VECTOR3::YYY()
                0x0000000000408b10                VECTOR3::YYZ()
                0x0000000000408b30                VECTOR3::YZX()
                0x0000000000408b50                VECTOR3::YZY()
                0x0000000000408b70                VECTOR3::YZZ()
                0x0000000000408b90                VECTOR3::ZXX()
                0x0000000000408bb0                VECTOR3::ZXY()
                0x0000000000408bd0                VECTOR3::ZXZ()
                0x0000000000408bf0                VECTOR3::ZYX()
                0x0000000000408c10                VECTOR3::ZYY()
                0x0000000000408c30                VECTOR3::ZYZ()
                0x0000000000408c50                VECTOR3::ZZX()
                0x0000000000408c70                VECTOR3::ZZY()
                0x0000000000408c90                VECTOR3::ZZZ()
                0x0000000000408cb0                VECTOR3::RGB()
                0x0000000000408cc0                operator-(VECTOR3&)
                0x0000000000408d00                operator+(VECTOR3&, double)
                0x0000000000408d30                operator+(double, VECTOR3&)
                0x0000000000408d60                operator-(VECTOR3&, double)
                0x0000000000408d90                operator-(double, VECTOR3&)
                0x0000000000408dc0                operator*(VECTOR3&, double)
                0x0000000000408df0                operator*(double, VECTOR3&)
                0x0000000000408e20                operator/(VECTOR3&, double)
                0x0000000000408e50                operator/(double, VECTOR3&)
                0x0000000000408e80                operator+(VECTOR3&, VECTOR3&)
                0x0000000000408eb0                operator-(VECTOR3&, VECTOR3&)
                0x0000000000408ee0                operator*(VECTOR3&, VECTOR3&)
                0x0000000000408f10                operator/(VECTOR3&, VECTOR3&)
                0x0000000000408f40                VECTOR4::VECTOR4()
                0x0000000000408f70                VECTOR4::VECTOR4(double, double)
                0x0000000000408f90                VECTOR4::VECTOR4(double, double, double, double)
                0x0000000000408fa0                VECTOR4::VECTOR4(VECTOR2&, double, double)
                0x0000000000408fe0                VECTOR4::VECTOR4(VECTOR2&, VECTOR2&)
                0x0000000000409030                VECTOR4::VECTOR4(VECTOR3&, double)
                0x0000000000409080                VECTOR4::VECTOR4(double, VECTOR3&)
                0x00000000004090c0                VECTOR4::VECTOR4(VECTOR4&)
                0x0000000000409110                VECTOR4::operator unsigned int()
                0x0000000000409260                VECTOR4::operator+=(double)
                0x0000000000409280                VECTOR4::operator-=(double)
                0x00000000004092a0                VECTOR4::operator*=(double)
                0x00000000004092c0                VECTOR4::operator/=(double)
                0x00000000004092e0                VECTOR4::operator+=(VECTOR3&)
                0x00000000004092f0                VECTOR4::operator*=(VECTOR3&)
                0x0000000000409300                VECTOR4::operator/=(VECTOR3&)
                0x0000000000409310                VECTOR4::operator+=(VECTOR4&)
                0x0000000000409350                VECTOR4::operator-=(VECTOR4&)
                0x0000000000409390                VECTOR4::operator*=(VECTOR4&)
                0x00000000004093d0                VECTOR4::operator/=(VECTOR4&)
                0x0000000000409410                VECTOR4::XX()
                0x0000000000409420                VECTOR4::XY()
                0x0000000000409430                VECTOR4::XZ()
                0x0000000000409440                VECTOR4::YX()
                0x0000000000409450                VECTOR4::YY()
                0x0000000000409460                VECTOR4::YZ()
                0x0000000000409470                VECTOR4::ZX()
                0x0000000000409480                VECTOR4::ZY()
                0x0000000000409490                VECTOR4::ZZ()
                0x00000000004094a0                VECTOR4::XXX()
                0x00000000004094b0                VECTOR4::XXY()
                0x00000000004094c0                VECTOR4::XXZ()
                0x00000000004094d0                VECTOR4::XYX()
                0x00000000004094e0                VECTOR4::XYY()
                0x00000000004094f0                VECTOR4::XYZ()
                0x0000000000409500                VECTOR4::XZX()
                0x0000000000409510                VECTOR4::XZY()
                0x0000000000409520                VECTOR4::XZZ()
                0x0000000000409530                VECTOR4::YXX()
                0x0000000000409540                VECTOR4::YXY()
                0x0000000000409550                VECTOR4::YXZ()
                0x0000000000409560                VECTOR4::YYX()
                0x0000000000409570                VECTOR4::YYY()
                0x0000000000409580                VECTOR4::YYZ()
                0x0000000000409590                VECTOR4::YZX()
                0x00000000004095a0                VECTOR4::YZY()
                0x00000000004095b0                VECTOR4::YZZ()
                0x00000000004095c0                VECTOR4::ZXX()
                0x00000000004095d0                VECTOR4::ZXY()
                0x00000000004095e0                VECTOR4::ZXZ()
                0x00000000004095f0                VECTOR4::ZYX()
                0x0000000000409600                VECTOR4::ZYY()
                0x0000000000409610                VECTOR4::ZYZ()
                0x0000000000409620                VECTOR4::ZZX()
                0x0000000000409630                VECTOR4::ZZY()
                0x0000000000409640                VECTOR4::ZZZ()
                0x0000000000409650                VECTOR4::RGB()
                0x0000000000409660                VECTOR4::RGBA()
                0x0000000000409690                operator-(VECTOR4&)
                0x00000000004096d0                operator+(VECTOR4&, VECTOR4&)
                0x0000000000409710                operator-(VECTOR4&, VECTOR4&)
                0x0000000000409750                operator*(VECTOR4&, VECTOR4&)
                0x0000000000409790                operator/(VECTOR4&, VECTOR4&)
                0x00000000004097d0                operator+(VECTOR4&, double)
                0x0000000000409810                operator+(double, VECTOR4&)
                0x0000000000409850                operator-(VECTOR4&, double)
                0x0000000000409890                operator-(double, VECTOR4&)
                0x00000000004098d0                operator*(VECTOR4&, double)
                0x0000000000409910                operator*(double, VECTOR4&)
                0x0000000000409950                operator/(VECTOR4&, double)
                0x0000000000409990                operator/(double, VECTOR4&)
                0x00000000004099d0                operator+(VECTOR4&, VECTOR3&)
                0x0000000000409a10                operator+(VECTOR3&, VECTOR4&)
                0x0000000000409a40                operator-(VECTOR4&, VECTOR3&)
                0x0000000000409a80                operator-(VECTOR3&, VECTOR4&)
                0x0000000000409ab0                operator*(VECTOR4&, VECTOR3&)
                0x0000000000409af0                operator*(VECTOR3&, VECTOR4&)
                0x0000000000409b20                operator/(VECTOR4&, VECTOR3&)
                0x0000000000409b60                operator/(VECTOR3&, VECTOR4&)
                0x0000000000409b90                BVECTOR2::BVECTOR2(bool)
                0x0000000000409ba0                BVECTOR2::BVECTOR2(bool, bool)
                0x0000000000409bb0                BVECTOR3::BVECTOR3(bool)
                0x0000000000409bc0                BVECTOR3::BVECTOR3(bool, bool, bool)
                0x0000000000409bd0                BVECTOR4::BVECTOR4(bool)
                0x0000000000409bf0                BVECTOR4::BVECTOR4(bool, bool, bool, bool)
                0x0000000000409c20                IVECTOR2::IVECTOR2(int)
                0x0000000000409c30                IVECTOR2::IVECTOR2(int, int)
                0x0000000000409c40                IVECTOR3::IVECTOR3(int)
                0x0000000000409c60                IVECTOR3::IVECTOR3(int, int, int)
                0x0000000000409c70                IVECTOR4::IVECTOR4(int)
                0x0000000000409c80                IVECTOR4::IVECTOR4(int, int, int, int)
                0x0000000000409cb0                UVECTOR2::UVECTOR2(unsigned int)
                0x0000000000409cc0                UVECTOR2::UVECTOR2(unsigned int, unsigned int)
                0x0000000000409cd0                UVECTOR3::UVECTOR3(unsigned int)
                0x0000000000409cf0                UVECTOR3::UVECTOR3(unsigned int, unsigned int, unsigned int)
                0x0000000000409d00                UVECTOR4::UVECTOR4(unsigned int)
                0x0000000000409d10                UVECTOR4::UVECTOR4(unsigned int, unsigned int, unsigned int, unsigned int)
                0x0000000000409d40                MAT2::MAT2(double, double, double, double)
                0x0000000000409d50                MAT2::MAT2(double)
                0x0000000000409d70                operator*(MAT2&, VECTOR2&)
                0x0000000000409db0                operator*(MAT2&, MAT2&)
                0x0000000000409e60                MAT3::MAT3(double)
                0x0000000000409ea0                MAT3::MAT3(double, double, double, double, double, double, double, double, double)
                0x0000000000409ed0                MAT3::MAT3(VECTOR3&, VECTOR3&, VECTOR3&)
                0x0000000000409f30                MAT3::SETZROTATIONR(double)
                0x0000000000409fb0                MAT3::SETZROTATIOND(double)
                0x0000000000409fc0                MAT3::SETROTATIONR(VECTOR3&, double)
                0x000000000040a110                MAT3::SETROTATIOND(VECTOR3&, double)
                0x000000000040a120                MAT3::SETSCALING(double, double)
                0x000000000040a170                MAT3::SETSCALING(VECTOR2&)
                0x000000000040a180                MAT3::SETSCALING(double)
                0x000000000040a190                operator*(MAT3&, VECTOR3&)
                0x000000000040a210                operator*(VECTOR3&, MAT3&)
                0x000000000040a290                operator*(MAT3&, MAT3&)
                0x000000000040a520                MAT4::MAT4(double, double, double, double, double, double, double, double, double, double, double, double, double, double, double, double)
                0x000000000040a580                MAT4::MAT4(double)
                0x000000000040a600                MAT4::SETPROJECTION(double, double, double, double)
                0x000000000040a6f0                MAT4::SETORTHO(double, double, double, double, double, double)
                0x000000000040a7d0                MAT4::SETORTHO2D(double, double, double, double)
                0x000000000040a800                MAT4::SETORTHO2D(double, double, double, double, double, double)
                0x000000000040a820                operator*(MAT4&, VECTOR3&)
                0x000000000040a8b0                operator*(MAT4&, VECTOR4&)
                0x000000000040a990                operator*(MAT4&, MAT4&)
                0x000000000040b050                PLANE::PLANE()
                0x000000000040b070                PLANE::PLANE(VECTOR3&, VECTOR3&)
                0x000000000040b0c0                PLANE::GETDISTANCE(VECTOR3&)
                0x000000000040b0f0                PLANE::GETSIDE(VECTOR3&)
                0x000000000040b150                PLANE::INTERSECT(VECTOR3&, VECTOR3&, double&)
                0x000000000040b240                RADIANCE(double)
                0x000000000040b250                RADIANCE(VECTOR2&)
                0x000000000040b280                RADIANCE(VECTOR3&)
                0x000000000040b2b0                RADIANCE(VECTOR4&)
                0x000000000040b2f0                DEGREES(double)
                0x000000000040b300                DEGREES(VECTOR2&)
                0x000000000040b330                DEGREES(VECTOR3&)
                0x000000000040b360                DEGREES(VECTOR4&)
                0x000000000040b3a0                operator sin(VECTOR2&)
                0x000000000040b3f0                operator sin(VECTOR3&)
                0x000000000040b460                operator sin(VECTOR4&)
                0x000000000040b4f0                operator cos(VECTOR2&)
                0x000000000040b540                operator cos(VECTOR3&)
                0x000000000040b5b0                operator cos(VECTOR4&)
                0x000000000040b640                operator tan(VECTOR2&)
                0x000000000040b690                operator tan(VECTOR3&)
                0x000000000040b700                operator tan(VECTOR4&)
                0x000000000040b790                operator asin(VECTOR2&)
                0x000000000040b7e0                operator asin(VECTOR3&)
                0x000000000040b850                operator asin(VECTOR4&)
                0x000000000040b8e0                operator acos(VECTOR2&)
                0x000000000040b930                operator acos(VECTOR3&)
                0x000000000040b9a0                operator acos(VECTOR4&)
                0x000000000040ba30                ATAN(double, double)
                0x000000000040ba50                ATAN(VECTOR2&, VECTOR2&)
                0x000000000040bac0                ATAN(VECTOR3&, VECTOR3&)
                0x000000000040bb60                ATAN(VECTOR4&, VECTOR4&)
                0x000000000040bc20                POW(double, double)
                0x000000000040bc40                POW(VECTOR2&, VECTOR2&)
                0x000000000040bcb0                POW(VECTOR3&, VECTOR3&)
                0x000000000040bd50                POW(VECTOR4&, VECTOR4&)
                0x000000000040be10                EXP(double)
                0x000000000040be30                EXP(VECTOR2&)
                0x000000000040be80                EXP(VECTOR3&)
                0x000000000040bef0                EXP(VECTOR4&)
                0x000000000040bf80                LOG(double)
                0x000000000040bfa0                LOG(VECTOR2&)
                0x000000000040bff0                LOG(VECTOR3&)
                0x000000000040c060                LOG(VECTOR4&)
                0x000000000040c0f0                EXP2(double)
                0x000000000040c110                EXP2(VECTOR2&)
                0x000000000040c160                EXP2(VECTOR3&)
                0x000000000040c1d0                EXP2(VECTOR4&)
                0x000000000040c260                LOG2(double)
                0x000000000040c280                LOG2(VECTOR2&)
                0x000000000040c2d0                LOG2(VECTOR3&)
                0x000000000040c340                LOG2(VECTOR4&)
                0x000000000040c3d0                SQRT(double)
                0x000000000040c3e0                SQRT(VECTOR2&)
                0x000000000040c420                SQRT(VECTOR3&)
                0x000000000040c470                SQRT(VECTOR4&)
                0x000000000040c4d0                INVERSESQRT(double)
                0x000000000040c4f0                INVERSESQRT(VECTOR2&)
                0x000000000040c540                INVERSESQRT(VECTOR3&)
                0x000000000040c5b0                INVERSESQRT(VECTOR4&)
                0x000000000040c640                operator abs(VECTOR2 const&)
                0x000000000040c690                operator abs(VECTOR3 const&)
                0x000000000040c6f0                operator abs(VECTOR4 const&)
                0x000000000040c760                SIGN(double)
                0x000000000040c7a0                SIGN(VECTOR2&)
                0x000000000040c850                SIGN(VECTOR3&)
                0x000000000040c930                SIGN(VECTOR4&)
                0x000000000040ca40                FLOOR(double)
                0x000000000040caa0                FLOOR(VECTOR2&)
                0x000000000040cb60                FLOOR(VECTOR3&)
                0x000000000040cc60                FLOOR(VECTOR4&)
                0x000000000040cdb0                CEIL(double)
                0x000000000040ce00                CEIL(VECTOR2&)
                0x000000000040ceb0                CEIL(VECTOR3&)
                0x000000000040cfb0                CEIL(VECTOR4&)
                0x000000000040d0f0                FRACT(double)
                0x000000000040d110                FRACT(VECTOR2&)
                0x000000000040d160                FRACT(VECTOR3&)
                0x000000000040d1d0                FRACT(VECTOR4&)
                0x000000000040d260                MOD_GLSL(long, long)
                0x000000000040d270                MOD_GLSL(double, double)
                0x000000000040d290                MOD_GLSL(VECTOR2&, VECTOR2&)
                0x000000000040d300                MOD_GLSL(VECTOR3&, VECTOR3&)
                0x000000000040d3a0                MOD_GLSL(VECTOR4&, VECTOR4&)
                0x000000000040d470                MIN(double, double)
                0x000000000040d490                MIN(VECTOR2&, VECTOR2&)
                0x000000000040d4f0                MIN(VECTOR3&, VECTOR3&)
                0x000000000040d570                MIN(VECTOR4&, VECTOR4&)
                0x000000000040d610                MIN(VECTOR2&, double)
                0x000000000040d660                MIN(VECTOR3&, double)
                0x000000000040d6d0                MIN(VECTOR4&, double)
                0x000000000040d760                MAX(double, double)
                0x000000000040d780                MAX(VECTOR2&, VECTOR2&)
                0x000000000040d7e0                MAX(VECTOR3&, VECTOR3&)
                0x000000000040d860                MAX(VECTOR4&, VECTOR4&)
                0x000000000040d900                MAX(VECTOR2&, double)
                0x000000000040d950                MAX(VECTOR3&, double)
                0x000000000040d9c0                MAX(VECTOR4&, double)
                0x000000000040da50                CLAMP(double, double, double)
                0x000000000040da70                CLAMP(VECTOR2&, VECTOR2&, VECTOR2&)
                0x000000000040dae0                CLAMP(VECTOR3&, VECTOR3&, VECTOR3&)
                0x000000000040db70                CLAMP(VECTOR4&, VECTOR4&, VECTOR4&)
                0x000000000040dc30                CLAMP(VECTOR2&, double, double)
                0x000000000040dca0                CLAMP(VECTOR3&, double, double)
                0x000000000040dd40                CLAMP(VECTOR4&, double, double)
                0x000000000040de10                MIX(double, double, double)
                0x000000000040de30                MIX(VECTOR2&, VECTOR2&, VECTOR2&)
                0x000000000040de80                MIX(VECTOR3&, VECTOR3&, VECTOR3&)
                0x000000000040def0                MIX(VECTOR4&, VECTOR4&, VECTOR4&)
                0x000000000040df80                MIX(VECTOR2&, VECTOR2&, double)
                0x000000000040dfd0                MIX(VECTOR3&, VECTOR3&, double)
                0x000000000040e030                MIX(VECTOR4&, VECTOR4&, double)
                0x000000000040e0a0                STEP_(double, double)
                0x000000000040e0c0                STEP_(VECTOR2&, VECTOR2&)
                0x000000000040e100                STEP_(VECTOR3&, VECTOR3&)
                0x000000000040e160                STEP_(VECTOR4&, VECTOR4&)
                0x000000000040e1e0                STEP_(double, VECTOR2&)
                0x000000000040e220                STEP_(double, VECTOR3&)
                0x000000000040e280                STEP_(double, VECTOR4&)
                0x000000000040e300                SMOOTHSTEP(double, double, double)
                0x000000000040e370                SMOOTHSTEP(VECTOR2&, VECTOR2&, VECTOR2&)
                0x000000000040e3b0                SMOOTHSTEP(VECTOR3&, VECTOR3&, VECTOR3&)
                0x000000000040e410                SMOOTHSTEP(VECTOR4&, VECTOR4&, VECTOR4&)
                0x000000000040e490                SMOOTHSTEP(double, double, VECTOR2&)
                0x000000000040e4d0                SMOOTHSTEP(double, double, VECTOR3&)
                0x000000000040e530                SMOOTHSTEP(double, double, VECTOR4&)
                0x000000000040e5b0                LENGTH(double)
                0x000000000040e5d0                LENGTH(VECTOR2 const&)
                0x000000000040e600                LENGTH(VECTOR3 const&)
                0x000000000040e650                LENGTH(VECTOR4 const&)
                0x000000000040e690                DISTANCE(double, double)
                0x000000000040e6b0                DISTANCE(VECTOR2&, VECTOR2&)
                0x000000000040e700                DISTANCE(VECTOR3&, VECTOR3&)
                0x000000000040e760                DISTANCE(VECTOR4&, VECTOR4&)
                0x000000000040e7d0                DOT(double, double)
                0x000000000040e7e0                DOT(VECTOR2&, VECTOR2&)
                0x000000000040e800                DOT(VECTOR3&, VECTOR3&)
                0x000000000040e830                DOT(VECTOR4&, VECTOR4&)
                0x000000000040e870                CROSS
                0x000000000040e8d0                NORMALIZE(double)
                0x000000000040e8e0                NORMALIZE(VECTOR2&)
                0x000000000040e950                NORMALIZE(VECTOR3&)
                0x000000000040e9d0                NORMALIZE(VECTOR4&)
                0x000000000040ea60                FACEFORWARD(double, double, double)
                0x000000000040ea80                FACEFORWARD(VECTOR2&, VECTOR2&, VECTOR2&)
                0x000000000040eb00                FACEFORWARD(VECTOR3&, VECTOR3&, VECTOR3&)
                0x000000000040eb80                FACEFORWARD(VECTOR4&, VECTOR4&, VECTOR4&)
                0x000000000040ec10                REFLECT(double, double)
                0x000000000040ec30                REFLECT(VECTOR2&, VECTOR2&)
                0x000000000040ec80                REFLECT(VECTOR3&, VECTOR3&)
                0x000000000040ecf0                REFLECT(VECTOR4&, VECTOR4&)
                0x000000000040ed90                REFRACT(VECTOR2&, VECTOR2&, double)
                0x000000000040eec0                REFRACT(VECTOR3&, VECTOR3&, double)
                0x000000000040f010                REFRACT(VECTOR4&, VECTOR4&, double)
                0x000000000040f170                MATRIXCOMPMULT(MAT2&, MAT2&)
                0x000000000040f1a0                MATRIXCOMPMULT(MAT3&, MAT3&)
                0x000000000040f250                MATRIXCOMPMULT(MAT4&, MAT4&)
                0x000000000040f330                LESSTHAN(VECTOR2&, VECTOR2&)
                0x000000000040f390                LESSTHAN(VECTOR3&, VECTOR3&)
                0x000000000040f410                LESSTHAN(VECTOR4&, VECTOR4&)
                0x000000000040f490                LESSTHAN(IVECTOR2&, IVECTOR2&)
                0x000000000040f4e0                LESSTHAN(IVECTOR3&, IVECTOR3&)
                0x000000000040f550                LESSTHAN(IVECTOR4&, IVECTOR4&)
                0x000000000040f5c0                LESSTHANEQUAL(VECTOR2&, VECTOR2&)
                0x000000000040f620                LESSTHANEQUAL(VECTOR3&, VECTOR3&)
                0x000000000040f6a0                LESSTHANEQUAL(VECTOR4&, VECTOR4&)
                0x000000000040f720                LESSTHANEQUAL(IVECTOR2&, IVECTOR2&)
                0x000000000040f770                LESSTHANEQUAL(IVECTOR3&, IVECTOR3&)
                0x000000000040f7e0                LESSTHANEQUAL(IVECTOR4&, IVECTOR4&)
                0x000000000040f850                GREATERTHAN(VECTOR2&, VECTOR2&)
                0x000000000040f8b0                GREATERTHAN(VECTOR3&, VECTOR3&)
                0x000000000040f930                GREATERTHAN(VECTOR4&, VECTOR4&)
                0x000000000040f9b0                LESSGREATERTHANTHAN
                0x000000000040fa00                GREATERTHAN(IVECTOR3&, IVECTOR3&)
                0x000000000040fa70                GREATERTHAN(IVECTOR4&, IVECTOR4&)
                0x000000000040fae0                GREATERTHANEQUAL(VECTOR2&, VECTOR2&)
                0x000000000040fb40                GREATERTHANEQUAL(VECTOR3&, VECTOR3&)
                0x000000000040fbc0                GREATERTHANEQUAL(VECTOR4&, VECTOR4&)
                0x000000000040fc40                GREATERTHANEQUAL(IVECTOR2&, IVECTOR2&)
                0x000000000040fc90                GREATERTHANEQUAL(IVECTOR3&, IVECTOR3&)
                0x000000000040fd00                GREATERTHANEQUAL(IVECTOR4&, IVECTOR4&)
                0x000000000040fd70                EQUAL(VECTOR2&, VECTOR2&)
                0x000000000040fde0                EQUAL(VECTOR3&, VECTOR3&)
                0x000000000040fe60                EQUAL(VECTOR4&, VECTOR4&)
                0x000000000040fef0                EQUAL(IVECTOR2&, IVECTOR2&)
                0x000000000040ff40                EQUAL(IVECTOR3&, IVECTOR3&)
                0x000000000040ffb0                EQUAL(IVECTOR4&, IVECTOR4&)
                0x0000000000410020                NOTEQUAL(VECTOR2&, VECTOR2&)
                0x0000000000410090                NOTEQUAL(VECTOR3&, VECTOR3&)
                0x0000000000410120                NOTEQUAL(VECTOR4&, VECTOR4&)
                0x00000000004101b0                NOTEQUAL(IVECTOR2&, IVECTOR2&)
                0x0000000000410200                NOTEQUAL(IVECTOR3&, IVECTOR3&)
                0x0000000000410270                NOTEQUAL(IVECTOR4&, IVECTOR4&)
                0x00000000004102e0                ANY_(BVECTOR2&)
                0x00000000004102f0                ANY_(BVECTOR3&)
                0x0000000000410310                ANY_(BVECTOR4&)
                0x0000000000410330                ALL(BVECTOR2&)
                0x0000000000410340                ALL(BVECTOR3&)
                0x0000000000410360                ALL(BVECTOR4&)
                0x0000000000410380                NOT_(BVECTOR2&)
                0x00000000004103d0                NOT_(BVECTOR3&)
                0x0000000000410440                NOT_(BVECTOR4&)
                0x00000000004104b0                VECTOR::operator+=(VECTOR&)
                0x00000000004104c0                VECTOR::operator-=(VECTOR&)
                0x00000000004104f0                VECTOR3::operator-=(VECTOR3&)
                0x0000000000410500                VECTOR4::operator-=(VECTOR3&)
                0x0000000000410510                VECTOR::operator*=(double)
                0x0000000000410530                VECTOR3::operator*=(double)
                0x0000000000410540                operator*(VECTOR&, VECTOR&)
                0x0000000000410550                VECTOR::VECTOR()
                0x0000000000410570                operator-(VECTOR&, VECTOR&)
                0x00000000004105e0                operator+(VECTOR&, VECTOR&)
                0x0000000000410650                operator*(VECTOR&, double)
                0x00000000004106c0                operator*(double, VECTOR&)
                0x0000000000410730                operator/(VECTOR&, double)
                0x00000000004107b0                operator/(double, VECTOR&)
                0x0000000000410830                operator idiv(VECTOR&, VECTOR&)
                0x00000000004108d0                VECTOR::VECTOR(VECTOR&)
                0x00000000004108e0                VECTOR::VECTOR(double, double, double, double)
                0x00000000004108f0                VECTOR::VECTOR(unsigned int)
                0x0000000000410960                VECTOR::LENGTHSQRD()
                0x0000000000410990                VECTOR::LENGTH()
                0x00000000004109d0                VECTOR::NORMALIZED()
                0x0000000000410a90                VECTOR::NORMALIZE()
                0x0000000000410b00                VECTOR::operator unsigned int()
                0x0000000000410c40                MIX(VECTOR&, VECTOR&, double)
                0x0000000000410ce0                REFLECT(VECTOR&, VECTOR&)
                0x0000000000410d50                REFRACT(VECTOR&, VECTOR&, double)
                0x0000000000410ed0                LATLONTOXYZ
                0x0000000000410f80                RAYTRACER::~RAYTRACER()
                0x0000000000411390                RAYTRACER::ADJUST(double*, double, double)
                0x00000000004113c0                RAYTRACER::ADDMAP2D(FBSTRING&, MAP2D_TYPES, double, double, double)
                0x0000000000411c00                RAYTRACER::GETMAPXY(long, long, VECTOR&, VECTOR&)
                0x0000000000411f40                RAYTRACER::GETHIGHTFIELDVALUE(long, long, long, BUMP_METHODES, bool)
                0x00000000004120a0                RAYTRACER::ISVISIBLEONSTAMPMAP(long, VECTOR&)
                0x00000000004121a0                RAYTRACER::DOBUMPMAP(long, long, VECTOR&, VECTOR&, VECTOR&)
                0x0000000000412310                RAYTRACER::SURFACECOLOR(long, VECTOR&, VECTOR&)
                0x0000000000412500                RAYTRACER::AV(double, double, double)
                0x0000000000412550                RAYTRACER::APV3(VECTOR**, long, long, long)
                0x00000000004125a0                RAYTRACER::APV4(VECTOR**, long, long, long, long)
                0x00000000004125f0                RAYTRACER::ADDMATERIAL(double, double, double, double, double, double, double, double, double, double, bool, bool, bool, long, long, long, long)
                0x0000000000412a40                RAYTRACER::INIT(long, long, long)
                0x0000000000412ba0                RAYTRACER::RAYTRACER()
                0x0000000000412d90                RAYTRACER::RAYTRACER(long, long, long)
                0x0000000000412ea0                RAYTRACER::CHANGEMATERIAL(long, double, double, double, double, double, double, double, double, double, double, bool, bool, bool, long, long, long, long)
                0x00000000004131f0                RAYTRACER::SETCOLORMAPFACTOR(long, double, double, double)
                0x0000000000413230                RAYTRACER::SETBUMPMAPFACTOR(long, double, double, double)
                0x0000000000413270                RAYTRACER::SETTRANSMAPFACTOR(long, double, double, double)
                0x00000000004132b0                RAYTRACER::SETSTAMPMAPFACTOR(long, double, double, double)
                0x00000000004132f0                RAYTRACER::ADDPOINTLIGHT(double, double, double, double, double, double, double, bool)
                0x00000000004134d0                RAYTRACER::SETLIGHTPOSITION(long, double, double, double)
                0x0000000000413520                RAYTRACER::GETPOLYSCREENREC(long, long)
                0x0000000000413710                RAYTRACER::GETOBJECTSCREENREC(long)
                0x0000000000413a10                RAYTRACER::ADDMATHSPHERE(double, double, double, double, long)
                0x0000000000413b60                RAYTRACER::SETOBJECTPOSITION(long, double, double, double)
                0x0000000000413ba0                RAYTRACER::POLYHELPER(long)
                0x0000000000413df0                RAYTRACER::ADDBOX(double, double, double, double, double, double, long)
                0x0000000000414550                RAYTRACER::ISPOLYONPIXEL(long, long, double, double)
                0x00000000004145c0                RAYTRACER::ISANYOBJECTONPIXEL(long, long)
                0x0000000000414660                RAYTRACER::BACKGROUNDCOLOR(VECTOR&, VECTOR&)
                0x0000000000414720                RAYTRACER::ISMATHSPHEREONRAY(VECTOR&, VECTOR&, long, VECTOR&, VECTOR&, VECTOR&)
                0x0000000000414f60                RAYTRACER::ISPOLYGONONRAY(VECTOR&, VECTOR&, long, long&, VECTOR&, VECTOR&, VECTOR&)
                0x00000000004157e0                RAYTRACER::ISOBJECTONRAY(VECTOR&, VECTOR&, long, long&, VECTOR&, VECTOR&, VECTOR&, VECTOR&)
                0x00000000004158b0                RAYTRACER::LINETRACE(VECTOR&, VECTOR&, long&, long&, VECTOR&, VECTOR&, VECTOR&, VECTOR&)
                0x0000000000415d30                RAYTRACER::LOCALCOLOR(long, long, VECTOR&, VECTOR&, VECTOR&, VECTOR&, VECTOR&, VECTOR&)
                0x00000000004163d0                RAYTRACER::VECMIRROR(VECTOR&, VECTOR&, VECTOR&, VECTOR&)
                0x00000000004164f0                RAYTRACER::VECBROKEN(long, VECTOR&, VECTOR&, VECTOR&, VECTOR&)
                0x00000000004166a0                RAYTRACER::RAYTRACE(VECTOR const&, VECTOR const&, long, VECTOR&)
                0x0000000000416a50                RAYTRACER::SHOWPOINT(long, long)
                0x0000000000416b30                RAYTRACER::VBLUR(long, long)
                0x0000000000416c50                RAYTRACER::HBLUR(long, long)
                0x0000000000416d70                RAYTRACER::EDGEBLUR()
                0x0000000000417240                RAYTRACER::BLUR()
                0x0000000000417650                RAYTRACER::RENDER(AATYPE)
                0x0000000000417ba0                RAYTRACER::RENDERRECTANGLE(long, long, long, long)
                0x0000000000417c30                RAYTRACER::RENDER2(AATYPE)
                0x0000000000418180                MEMORY_T::~MEMORY_T()
                0x0000000000418190                MEMORY_T::LENGTH6(VECTOR2&)
                0x0000000000418220                MEMORY_T::LENGTH8(VECTOR2&)
                0x00000000004182b0                MEMORY_T::SDPLANE(VECTOR3&)
                0x00000000004182c0                MEMORY_T::SDSPHERE(VECTOR3&, double)
                0x00000000004182e0                MEMORY_T::SDBOX(VECTOR3&, VECTOR3&)
                0x0000000000418380                MEMORY_T::SDELLIPSOID(VECTOR3&, VECTOR3&)
                0x00000000004183f0                MEMORY_T::UDROUNDBOX(VECTOR3&, VECTOR3&, double)
                0x0000000000418460                MEMORY_T::SDTORUS(VECTOR3&, VECTOR2&)
                0x00000000004184c0                MEMORY_T::SDTORUS82(VECTOR3&, VECTOR2&)
                0x0000000000418530                MEMORY_T::SDTORUS88(VECTOR3&, VECTOR2&)
                0x00000000004185b0                MEMORY_T::SDHEXPRISM(VECTOR3&, VECTOR2&)
                0x0000000000418680                MEMORY_T::SDCAPSULE(VECTOR3&, VECTOR3&, VECTOR3&, double)
                0x0000000000418750                MEMORY_T::SDTRIPRISM(VECTOR3&, VECTOR2&)
                0x0000000000418830                MEMORY_T::SDCYLINDER(VECTOR3&, VECTOR2&)
                0x00000000004188f0                MEMORY_T::SDCYLINDER6(VECTOR3&, VECTOR2&)
                0x0000000000418960                MEMORY_T::SDCONE(VECTOR3&, VECTOR3&)
                0x0000000000418a40                MEMORY_T::_SDCONE(VECTOR3&, VECTOR3&)
                0x0000000000418be0                MEMORY_T::SDCONEHQ(VECTOR3&, VECTOR3&)
                0x0000000000418dc0                MEMORY_T::SDCONESECTION(VECTOR3&, double, double, double)
                0x0000000000418ec0                MEMORY_T::SDWOBBLECUBE(VECTOR3&, double)
                0x0000000000418f40                MEMORY_T::UDTRIANGLE(VECTOR3&, VECTOR3&, VECTOR3&, VECTOR3&)
                0x00000000004192f0                UDQUAD
                0x00000000004197b0                MEMORY_T::OPS(double, double)
                0x00000000004197d0                MEMORY_T::OPU(VECTOR2&, VECTOR2&)
                0x0000000000419840                MEMORY_T::OPI(double, double)
                0x0000000000419850                MEMORY_T::OPREP(VECTOR3&, VECTOR3&)
                0x00000000004198d0                MEMORY_T::EXPSMIN(double, double, double)
                0x0000000000419950                MEMORY_T::POLYSMIN(double, double, double)
                0x00000000004199b0                MEMORY_T::POWSMIN(double, double, double)
                0x0000000000419a10                MEMORY_T::OPTWIST(VECTOR3&)
                0x0000000000419ae0                MEMORY_T::MAP(VECTOR3&)
                0x000000000041a940                MEMORY_T::CASTRAY(VECTOR3&, VECTOR3&)
                0x000000000041aa70                MEMORY_T::SOFTSHADOW(VECTOR3&, VECTOR3&, double, double)
                0x000000000041abc0                MEMORY_T::CALCNORMAL(VECTOR3&)
                0x000000000041ad90                MEMORY_T::CALCAO(VECTOR3&, VECTOR3&)
                0x000000000041aef0                MEMORY_T::RENDER_GLSL(VECTOR3&, VECTOR3&)
                0x000000000041b830                MEMORY_T::SETCAMERA(VECTOR3&, VECTOR3&, double)
                0x000000000041b9b0                MEMORY_T::MAINIMAGE(VECTOR4&, VECTOR2 const&)
                0x000000000041bc60                MEMORY_T::_MAINIMAGE(VECTOR4&, VECTOR2 const&)
                0x000000000041bd10                MEMORY_T::KMIN(unsigned long long, unsigned long long)
                0x000000000041bd20                MEMORY_T::SCREENCODE(double)
                0x000000000041cca0                MEMORY_T::PEEKB(double)
                0x000000000041ccc0                MEMORY_T::PEEKW(double)
                0x000000000041cd40                MEMORY_T::ISSYMBOL(FBSTRING, double)
                0x000000000041cda0                MEMORY_T::ISNUMBER(FBSTRING, double)
                0x000000000041cec0                MEMORY_T::GETXYZ()
                0x000000000041d370                MEMORY_T::PEEK64(double)
                0x000000000041d4a0                INS_R32
                0x000000000041d4d0                INS_R64
                0x000000000041d520                MEMORY_T::POKE64(double, double)
                0x0000000000460520                MEMORY_T::MEMORY_T()
                0x0000000000465120                MEMORY_T::EXEC_GLSL()
                0x0000000000465410                MEMORY_T::POKEB(double, double)
                0x0000000000468490                MEMORY_T::POKEW(double, double)
                0x0000000000468510                INS_W32
                0x0000000000468540                INS_W64
                0x00000000004685a0                MEMORY_T::READUBYTE(double)
                0x00000000004685c0                INS_ADC
                0x00000000004686b0                INS_AND
                0x0000000000468720                INS_CMP
                0x00000000004687e0                INS_CPX
                0x00000000004688a0                INS_CPY
                0x0000000000468960                INS_EOR
                0x00000000004689d0                INS_LDA
                0x0000000000468a40                INS_LDX
                0x0000000000468ab0                INS_LDY
                0x0000000000468b20                INS_ORA
                0x0000000000468b90                INS_SBC
                0x0000000000468cb0                MEMORY_T::READBYTE(double)
                0x0000000000468cd0                INS_BCC
                0x0000000000468d10                INS_BCS
                0x0000000000468d50                INS_BEQ
                0x0000000000468da0                INS_BIT
                0x0000000000468e50                INS_BMI
                0x0000000000468e90                INS_BNE
                0x0000000000468ee0                INS_BPL
                0x0000000000468f20                INS_BVC
                0x0000000000468f70                INS_BVS
                0x0000000000468fb0                MEMORY_T::READUSHORT(double)
                0x0000000000469040                MEMORY_T::WRITEBYTE(double, double)
                0x0000000000469050                INS_INC
                0x0000000000469100                INS_STY
                0x0000000000469130                INS_STX
                0x0000000000469160                INS_STA
                0x0000000000469190                INS_ROR
                0x00000000004692a0                INS_ROL
                0x00000000004693a0                INS_LSR
                0x0000000000469470                INS_DEC
                0x0000000000469510                INS_ASL
                0x00000000004695f0                MEMORY_T::WRITEUBYTE(double, double)
                0x0000000000469600                MEMORY_T::WRITEUSHORT(double, double)
                0x0000000000469690                CPU6510::CPU6510(MEMORY_T*)
                0x00000000004697d0                C64_T::C64_T()
                0x0000000000469ce0                CPU6510::~CPU6510()
                0x0000000000469d60                C64_T::~C64_T()
                0x0000000000469df0                CPU6510::operator FBSTRING()
                0x000000000046a4f0                CPU6510::ADR_UNK()
                0x000000000046a520                CPU6510::ADR_IMM()
                0x000000000046a540                CPU6510::ADR_REL()
                0x000000000046a550                CPU6510::ADR_ABS()
                0x000000000046a590                CPU6510::ADR_ZERO()
                0x000000000046a5f0                CPU6510::ADR_ZEROX()
                0x000000000046a660                CPU6510::ADR_ZEROY()
                0x000000000046a6d0                CPU6510::ADR_ABSX()
                0x000000000046a720                CPU6510::ADR_ABSY()
                0x000000000046a770                CPU6510::ADR_INDX()
                0x000000000046a7f0                CPU6510::ADR_INDY()
                0x000000000046a850                CPU6510::ADR_IND()
                0x000000000046a8b0                CPU6510::TICK(double)
                0x000000000046aaa0                CPU6510::PUSH(double)
                0x000000000046aad0                INS_BRK
                0x000000000046ab70                INS_JSR
                0x000000000046abc0                INS_PHA
                0x000000000046abe0                INS_PHP
                0x000000000046abf0                CPU6510::PULL()
                0x000000000046ac30                INS_PLA
                0x000000000046ac90                INS_PLP
                0x000000000046acb0                INS_RTI
                0x000000000046ad10                INS_RTS
                0x000000000046ad60                INTERRUPTSERVICE
                0x000000000046b4e0                KMAIN
 *fill*         0x000000000046b695        0xb 
 .text          0x000000000046b6a0      0x149 /usr/local/bin/../lib/freebasic/linux-x86_64/libfbgfx.a(gfx_access.o)
                0x000000000046b6a0                fb_GfxLock
                0x000000000046b700                fb_GfxUnlock
                0x000000000046b7b0                fb_GfxScreenPtr
 *fill*         0x000000000046b7e9        0x7 
 .text          0x000000000046b7f0     0x18b7 /usr/local/bin/../lib/freebasic/linux-x86_64/libfbgfx.a(gfx_bload.o)
                0x000000000046d090                fb_GfxBload
                0x000000000046d0a0                fb_GfxBloadQB
 *fill*         0x000000000046d0a7        0x9 
 .text          0x000000000046d0b0      0x9ba /usr/local/bin/../lib/freebasic/linux-x86_64/libfbgfx.a(gfx_circle.o)
                0x000000000046d280                fb_GfxEllipse
 *fill*         0x000000000046da6a        0x6 
 .text          0x000000000046da70      0x7cc /usr/local/bin/../lib/freebasic/linux-x86_64/libfbgfx.a(gfx_control.o)
                0x000000000046da70                fb_GfxControl_s
                0x000000000046dbb0                fb_GfxControl_i
                0x000000000046e0a0                fb_GfxControl_i32
                0x000000000046e170                fb_GfxControl_i64
 *fill*         0x000000000046e23c        0x4 
 .text          0x000000000046e240      0x924 /usr/local/bin/../lib/freebasic/linux-x86_64/libfbgfx.a(gfx_core.o)
                0x000000000046e3b0                fb_hPixelSetAlpha4
                0x000000000046e460                fb_GFXCTX_Destructor
                0x000000000046e470                fb_hPostEvent_code_start
                0x000000000046e480                fb_hPostEvent
                0x000000000046e500                fb_hPostEvent_code_end
                0x000000000046e510                fb_hSetPixelTransfer
                0x000000000046e580                fb_hTranslateCoord
                0x000000000046e660                fb_hFixRelative
                0x000000000046e720                fb_hFixCoordsOrder
                0x000000000046e750                fb_hSetupFuncs
                0x000000000046e880                fb_hPrepareTarget
                0x000000000046ea70                fb_hGetContext
 *fill*         0x000000000046eb64        0xc 
 .text          0x000000000046eb70      0xb78 /usr/local/bin/../lib/freebasic/linux-x86_64/libfbgfx.a(gfx_draw.o)
                0x000000000046ec10                fb_GfxDraw
 *fill*         0x000000000046f6e8        0x8 
 .text          0x000000000046f6f0      0x6f2 /usr/local/bin/../lib/freebasic/linux-x86_64/libfbgfx.a(gfx_drawstring.o)
                0x000000000046f6f0                fb_GfxDrawString
 *fill*         0x000000000046fde2        0xe 
 .text          0x000000000046fdf0      0x291 /usr/local/bin/../lib/freebasic/linux-x86_64/libfbgfx.a(gfx_image.o)
                0x0000000000470050                fb_GfxImageCreate
                0x0000000000470060                fb_GfxImageCreateQB
                0x0000000000470070                fb_GfxImageDestroy
 *fill*         0x0000000000470081        0xf 
 .text          0x0000000000470090      0x432 /usr/local/bin/../lib/freebasic/linux-x86_64/libfbgfx.a(gfx_image_convert.o)
                0x0000000000470090                fb_image_convert_8to8
                0x00000000004700c0                fb_image_convert_8to16
                0x0000000000470120                fb_image_convert_8to32
                0x0000000000470180                fb_image_convert_24to16
                0x00000000004701d0                fb_image_convert_24to32
                0x0000000000470210                fb_image_convert_32to16
                0x0000000000470260                fb_image_convert_32to32
                0x0000000000470290                fb_image_convert_24bgrto16
                0x00000000004702e0                fb_image_convert_24bgrto32
                0x0000000000470310                fb_image_convert_32bgrto16
                0x0000000000470360                fb_image_convert_32bgrto32
                0x0000000000470380                fb_GfxImageConvertRow
 *fill*         0x00000000004704c2        0xe 
 .text          0x00000000004704d0      0x339 /usr/local/bin/../lib/freebasic/linux-x86_64/libfbgfx.a(gfx_image_info.o)
                0x00000000004704d0                fb_GfxImageInfo
                0x00000000004705d0                fb_GfxImageInfo32
                0x00000000004706e0                fb_GfxImageInfo64
 *fill*         0x0000000000470809        0x7 
 .text          0x0000000000470810      0x850 /usr/local/bin/../lib/freebasic/linux-x86_64/libfbgfx.a(gfx_line.o)
                0x0000000000470860                fb_GfxDrawLine
                0x0000000000470ec0                fb_GfxLine
 .text          0x0000000000471060      0xc77 /usr/local/bin/../lib/freebasic/linux-x86_64/libfbgfx.a(gfx_opengl.o)
                0x0000000000471060                fb_GfxGetGLProcAddress
                0x0000000000471090                fb_hGL_ExtensionSupported
                0x00000000004710e0                fb_hGL_SetState
                0x0000000000471120                fb_hGL_ImageCreate
                0x0000000000471240                fb_hGL_ScreenCreate
                0x0000000000471450                fb_hGL_ImageDestroy
                0x0000000000471470                fb_hGL_NormalizeParameters
                0x0000000000471690                fb_hGL_Init
                0x00000000004719a0                fb_hGL_SetPalette
                0x0000000000471a00                fb_hGL_SetupProjection
 *fill*         0x0000000000471cd7        0x9 
 .text          0x0000000000471ce0      0x38d /usr/local/bin/../lib/freebasic/linux-x86_64/libfbgfx.a(gfx_page.o)
                0x0000000000471ce0                fb_GfxFlip
                0x0000000000471f20                fb_GfxPageCopy
                0x0000000000471f30                fb_GfxPageSet
 *fill*         0x000000000047206d        0x3 
 .text          0x0000000000472070      0x636 /usr/local/bin/../lib/freebasic/linux-x86_64/libfbgfx.a(gfx_paint.o)
                0x0000000000472190                fb_GfxPaint
 *fill*         0x00000000004726a6        0xa 
 .text          0x00000000004726b0      0x3d5 /usr/local/bin/../lib/freebasic/linux-x86_64/libfbgfx.a(gfx_palette.o)
                0x00000000004726b0                fb_hMakeColor
                0x00000000004726e0                fb_hFixColor
                0x0000000000472720                fb_hRestorePalette
                0x0000000000472780                fb_hSetPaletteColorRgb
                0x00000000004727d0                fb_hSetPaletteColor
                0x0000000000472890                fb_GfxPalette
 *fill*         0x0000000000472a85        0xb 
 .text          0x0000000000472a90      0x165 /usr/local/bin/../lib/freebasic/linux-x86_64/libfbgfx.a(gfx_point.o)
                0x0000000000472a90                fb_GfxPoint
 *fill*         0x0000000000472bf5        0xb 
 .text          0x0000000000472c00      0x16c /usr/local/bin/../lib/freebasic/linux-x86_64/libfbgfx.a(gfx_pset.o)
                0x0000000000472c00                fb_GfxPset
 *fill*         0x0000000000472d6c        0x4 
 .text          0x0000000000472d70      0x45c /usr/local/bin/../lib/freebasic/linux-x86_64/libfbgfx.a(gfx_put.o)
                0x0000000000472de0                fb_GfxPut
 *fill*         0x00000000004731cc        0x4 
 .text          0x00000000004731d0      0x168 /usr/local/bin/../lib/freebasic/linux-x86_64/libfbgfx.a(gfx_put_alpha.o)
                0x00000000004732a0                fb_hPutAlpha
 *fill*         0x0000000000473338        0x8 
 .text          0x0000000000473340       0xf8 /usr/local/bin/../lib/freebasic/linux-x86_64/libfbgfx.a(gfx_put_pset.o)
                0x0000000000473340                fb_hPutPSetC
                0x00000000004733a0                fb_hPutPSet
 *fill*         0x0000000000473438        0x8 
 .text          0x0000000000473440      0xe32 /usr/local/bin/../lib/freebasic/linux-x86_64/libfbgfx.a(gfx_screen.o)
                0x0000000000473440                fb_GfxViewUpdate
                0x0000000000473450                fb_hClearCharCells
                0x0000000000473540                fb_hResetCharCells
                0x0000000000474010                fb_GfxScreen
                0x00000000004740f0                fb_GfxScreenQB
                0x0000000000474150                fb_GfxScreenRes
                0x00000000004741f0                fb_GfxSetWindowTitle
 *fill*         0x0000000000474272        0xe 
 .text          0x0000000000474280      0x237 /usr/local/bin/../lib/freebasic/linux-x86_64/libfbgfx.a(gfx_screeninfo.o)
                0x0000000000474280                fb_GfxScreenInfo
                0x0000000000474340                fb_GfxScreenInfo32
                0x0000000000474400                fb_GfxScreenInfo64
 *fill*         0x00000000004744b7        0x9 
 .text          0x00000000004744c0      0x273 /usr/local/bin/../lib/freebasic/linux-x86_64/libfbgfx.a(gfx_screenlist.o)
                0x0000000000474500                fb_GfxScreenList
 *fill*         0x0000000000474733        0xd 
 .text          0x0000000000474740       0x72 /usr/local/bin/../lib/freebasic/linux-x86_64/libfbgfx.a(gfx_setmouse.o)
                0x0000000000474740                fb_GfxSetMouse
 *fill*         0x00000000004747b2        0xe 
 .text          0x00000000004747c0       0x58 /usr/local/bin/../lib/freebasic/linux-x86_64/libfbgfx.a(gfx_sleep.o)
                0x00000000004747c0                fb_GfxSleep
 *fill*         0x0000000000474818        0x8 
 .text          0x0000000000474820       0x6f /usr/local/bin/../lib/freebasic/linux-x86_64/libfbgfx.a(gfx_unix.o)
                0x0000000000474820                fb_hScreenInfo
 .text          0x000000000047488f        0x0 /usr/local/bin/../lib/freebasic/linux-x86_64/libfbgfx.a(gfx_vars.o)
 *fill*         0x000000000047488f        0x1 
 .text          0x0000000000474890      0x2a3 /usr/local/bin/../lib/freebasic/linux-x86_64/libfbgfx.a(gfx_vgaemu.o)
                0x0000000000474890                fb_GfxIn
                0x0000000000474950                fb_GfxOut
 *fill*         0x0000000000474b33        0xd 
 .text          0x0000000000474b40       0x4a /usr/local/bin/../lib/freebasic/linux-x86_64/libfbgfx.a(gfx_vsync.o)
                0x0000000000474b40                fb_GfxWaitVSync
 *fill*         0x0000000000474b8a        0x6 
 .text          0x0000000000474b90      0x12c /usr/local/bin/../lib/freebasic/linux-x86_64/libfbgfx.a(gfx_width.o)
                0x0000000000474b90                fb_GfxWidth
 *fill*         0x0000000000474cbc        0x4 
 .text          0x0000000000474cc0     0x2328 /usr/local/bin/../lib/freebasic/linux-x86_64/libfbgfx.a(gfx_x11.o)
                0x00000000004754b0                fb_hX11EnterFullscreen
                0x0000000000475620                fb_hX11LeaveFullscreen
                0x0000000000475720                WaitMapped
                0x00000000004757a0                fb_hX11InitWindow
                0x0000000000475a90                fb_hXlibInit
                0x0000000000475ac0                fb_hX11Init
                0x00000000004764c0                fb_hX11Exit
                0x0000000000476700                fb_hX11Lock
                0x0000000000476720                fb_hX11Unlock
                0x0000000000476740                fb_hX11SetPalette
                0x00000000004767d0                fb_hX11WaitVSync
                0x00000000004767f0                fb_hX11GetMouse
                0x0000000000476910                fb_hX11SetMouse
                0x0000000000476b10                fb_hX11SetWindowTitle
                0x0000000000476b40                fb_hX11SetWindowPos
                0x0000000000476d40                fb_hX11FetchModes
                0x0000000000476e80                fb_hX11ScreenInfo
                0x0000000000476fc0                fb_hGetWindowHandle
                0x0000000000476fe0                fb_hGetDisplayHandle
 .text          0x0000000000476fe8        0x0 /usr/local/bin/../lib/freebasic/linux-x86_64/libfbgfx.a(gfx_x11_icon_stub.o)
 *fill*         0x0000000000476fe8        0x8 
 .text          0x0000000000476ff0      0x5f7 /usr/local/bin/../lib/freebasic/linux-x86_64/libfbgfx.a(gfx_box.o)
                0x0000000000476ff0                fb_hGfxBox
 *fill*         0x00000000004775e7        0x9 
 .text          0x00000000004775f0      0x286 /usr/local/bin/../lib/freebasic/linux-x86_64/libfbgfx.a(gfx_cls.o)
                0x00000000004775f0                fb_GfxClear
 *fill*         0x0000000000477876        0xa 
 .text          0x0000000000477880      0x1f7 /usr/local/bin/../lib/freebasic/linux-x86_64/libfbgfx.a(gfx_color.o)
                0x0000000000477880                fb_GfxColor
 *fill*         0x0000000000477a77        0x9 
 .text          0x0000000000477a80       0x65 /usr/local/bin/../lib/freebasic/linux-x86_64/libfbgfx.a(gfx_data.o)
                0x0000000000477a80                fb_hSetupData
 *fill*         0x0000000000477ae5        0xb 
 .text          0x0000000000477af0     0x18ca /usr/local/bin/../lib/freebasic/linux-x86_64/libfbgfx.a(gfx_driver_fbdev.o)
                0x0000000000478910                fb_hFBDevInfo
 *fill*         0x00000000004793ba        0x6 
 .text          0x00000000004793c0        0x1 /usr/local/bin/../lib/freebasic/linux-x86_64/libfbgfx.a(gfx_driver_null.o)
 *fill*         0x00000000004793c1        0xf 
 .text          0x00000000004793d0      0x7e1 /usr/local/bin/../lib/freebasic/linux-x86_64/libfbgfx.a(gfx_driver_opengl_x11.o)
                0x0000000000479b50                fb_hGL_GetProcAddress
 *fill*         0x0000000000479bb1        0xf 
 .text          0x0000000000479bc0      0xb61 /usr/local/bin/../lib/freebasic/linux-x86_64/libfbgfx.a(gfx_driver_x11.o)
                0x000000000047a6b0                fb_hX11WaitUnmapped
 *fill*         0x000000000047a721        0xf 
 .text          0x000000000047a730       0xfe /usr/local/bin/../lib/freebasic/linux-x86_64/libfbgfx.a(gfx_getmouse.o)
                0x000000000047a730                fb_GfxGetMouse
 *fill*         0x000000000047a82e        0x2 
 .text          0x000000000047a830      0x213 /usr/local/bin/../lib/freebasic/linux-x86_64/libfbgfx.a(gfx_inkey.o)
                0x000000000047a830                fb_hGfxInputBufferChanged
                0x000000000047a860                fb_hPostKey
                0x000000000047a8a0                fb_GfxGetkey
                0x000000000047a960                fb_GfxKeyHit
                0x000000000047a990                fb_GfxInkey
                0x000000000047aa40                fb_GfxIsRedir
 *fill*         0x000000000047aa43        0xd 
 .text          0x000000000047aa50       0xbe /usr/local/bin/../lib/freebasic/linux-x86_64/libfbgfx.a(gfx_lineinp.o)
                0x000000000047aa50                fb_GfxLineInput
 *fill*         0x000000000047ab0e        0x2 
 .text          0x000000000047ab10       0xa2 /usr/local/bin/../lib/freebasic/linux-x86_64/libfbgfx.a(gfx_lineinp_wstr.o)
                0x000000000047ab10                fb_GfxLineInputWstr
 *fill*         0x000000000047abb2        0xe 
 .text          0x000000000047abc0      0x24f /usr/local/bin/../lib/freebasic/linux-x86_64/libfbgfx.a(gfx_lzw.o)
                0x000000000047abc0                fb_hDecode
 *fill*         0x000000000047ae0f        0x1 
 .text          0x000000000047ae10       0x61 /usr/local/bin/../lib/freebasic/linux-x86_64/libfbgfx.a(gfx_multikey.o)
                0x000000000047ae10                fb_GfxMultikey
 *fill*         0x000000000047ae71        0xf 
 .text          0x000000000047ae80      0x1c7 /usr/local/bin/../lib/freebasic/linux-x86_64/libfbgfx.a(gfx_pmap.o)
                0x000000000047ae80                fb_GfxPMap
                0x000000000047afe0                fb_GfxCursor
 *fill*         0x000000000047b047        0x9 
 .text          0x000000000047b050      0x989 /usr/local/bin/../lib/freebasic/linux-x86_64/libfbgfx.a(gfx_print.o)
                0x000000000047b610                fb_GfxPrintBufferEx
                0x000000000047b880                fb_GfxPrintBuffer
                0x000000000047b8b0                fb_GfxLocateRaw
                0x000000000047b8f0                fb_GfxLocate
                0x000000000047b960                fb_GfxGetX
                0x000000000047b970                fb_GfxGetY
                0x000000000047b980                fb_GfxGetXY
                0x000000000047b9b0                fb_GfxGetSize
 *fill*         0x000000000047b9d9        0x7 
 .text          0x000000000047b9e0      0x105 /usr/local/bin/../lib/freebasic/linux-x86_64/libfbgfx.a(gfx_print_wstr.o)
                0x000000000047b9e0                fb_GfxPrintBufferWstrEx
                0x000000000047ba60                fb_GfxPrintBufferWstr
 *fill*         0x000000000047bae5        0xb 
 .text          0x000000000047baf0      0x237 /usr/local/bin/../lib/freebasic/linux-x86_64/libfbgfx.a(gfx_readstr.o)
                0x000000000047baf0                fb_GfxReadStr
 *fill*         0x000000000047bd27        0x9 
 .text          0x000000000047bd30      0x119 /usr/local/bin/../lib/freebasic/linux-x86_64/libfbgfx.a(gfx_readxy.o)
                0x000000000047bd30                fb_GfxReadXY
 *fill*         0x000000000047be49        0x7 
 .text          0x000000000047be50      0x481 /usr/local/bin/../lib/freebasic/linux-x86_64/libfbgfx.a(gfx_softcursor.o)
                0x000000000047bf10                fb_hSoftCursor_code_start
                0x000000000047bf20                fb_hColorDistance
                0x000000000047bf60                fb_hSoftCursorInit
                0x000000000047bfd0                fb_hSoftCursorExit
                0x000000000047bfe0                fb_hSoftCursorPut
                0x000000000047c1c0                fb_hSoftCursorUnput
                0x000000000047c200                fb_hSoftCursorPaletteChanged
                0x000000000047c2d0                fb_hSoftCursor_code_end
 *fill*         0x000000000047c2d1        0xf 
 .text          0x000000000047c2e0      0x23b /usr/local/bin/../lib/freebasic/linux-x86_64/libfbgfx.a(gfx_view.o)
                0x000000000047c2e0                fb_GfxView
 *fill*         0x000000000047c51b        0x5 
 .text          0x000000000047c520     0x1961 /usr/local/bin/../lib/freebasic/linux-x86_64/libfbgfx.a(gfx_blitter.o)
                0x000000000047dac0                fb_hBlit_code_start
                0x000000000047dad0                fb_hGetBlitter
                0x000000000047de80                fb_hBlit_code_end
 *fill*         0x000000000047de81        0xf 
 .text          0x000000000047de90       0xb1 /usr/local/bin/../lib/freebasic/linux-x86_64/libfb.a(array_destructstr.o)
                0x000000000047de90                fb_hArrayDtorStr
                0x000000000047def0                fb_ArrayDestructStr
 *fill*         0x000000000047df41        0xf 
 .text          0x000000000047df50       0x3d /usr/local/bin/../lib/freebasic/linux-x86_64/libfb.a(array_erase.o)
                0x000000000047df50                fb_ArrayErase
 *fill*         0x000000000047df8d        0x3 
 .text          0x000000000047df90      0x33c /usr/local/bin/../lib/freebasic/linux-x86_64/libfb.a(array_redim.o)
                0x000000000047df90                fb_hArrayAlloc
                0x000000000047e1f0                fb_ArrayRedimEx
 *fill*         0x000000000047e2cc        0x4 
 .text          0x000000000047e2d0       0x2c /usr/local/bin/../lib/freebasic/linux-x86_64/libfb.a(array_resetdesc.o)
                0x000000000047e2d0                fb_ArrayResetDesc
 *fill*         0x000000000047e2fc        0x4 
 .text          0x000000000047e300       0x97 /usr/local/bin/../lib/freebasic/linux-x86_64/libfb.a(con_input.o)
                0x000000000047e300                fb_ConsoleInput
 *fill*         0x000000000047e397        0x9 
 .text          0x000000000047e3a0       0x5d /usr/local/bin/../lib/freebasic/linux-x86_64/libfb.a(con_locate.o)
                0x000000000047e3a0                fb_Locate
 *fill*         0x000000000047e3fd        0x3 
 .text          0x000000000047e400      0x3a3 /usr/local/bin/../lib/freebasic/linux-x86_64/libfb.a(con_print_tty.o)
                0x000000000047e400                fb_ConPrintTTY
 *fill*         0x000000000047e7a3        0xd 
 .text          0x000000000047e7b0      0x8ca /usr/local/bin/../lib/freebasic/linux-x86_64/libfb.a(con_readline.o)
                0x000000000047e850                fb_ConReadLine
 *fill*         0x000000000047f07a        0x6 
 .text          0x000000000047f080       0xa4 /usr/local/bin/../lib/freebasic/linux-x86_64/libfb.a(data.o)
                0x000000000047f080                fb_DataRestore
                0x000000000047f0d0                fb_DataNext
 *fill*         0x000000000047f124        0xc 
 .text          0x000000000047f130       0x54 /usr/local/bin/../lib/freebasic/linux-x86_64/libfb.a(data_readlong.o)
                0x000000000047f130                fb_DataReadLongint
 *fill*         0x000000000047f184        0xc 
 .text          0x000000000047f190       0x72 /usr/local/bin/../lib/freebasic/linux-x86_64/libfb.a(data_readstr.o)
                0x000000000047f190                fb_DataReadStr
 *fill*         0x000000000047f202        0xe 
 .text          0x000000000047f210       0x54 /usr/local/bin/../lib/freebasic/linux-x86_64/libfb.a(data_readulong.o)
                0x000000000047f210                fb_DataReadULongint
 *fill*         0x000000000047f264        0xc 
 .text          0x000000000047f270      0x237 /usr/local/bin/../lib/freebasic/linux-x86_64/libfb.a(dev_scrn_init.o)
                0x000000000047f270                fb_DevScrnUpdateWidth
                0x000000000047f2d0                fb_DevScrnMaybeUpdateWidth
                0x000000000047f340                fb_DevScrnInit_Screen
                0x000000000047f3b0                fb_DevScrnEnd
                0x000000000047f3d0                fb_DevScrnInit_NoOpen
 *fill*         0x000000000047f4a7        0x9 
 .text          0x000000000047f4b0      0x13e /usr/local/bin/../lib/freebasic/linux-x86_64/libfb.a(dev_scrn_read.o)
                0x000000000047f4b0                fb_DevScrnRead
                0x000000000047f5a0                fb_DevScrnInit_Read
 *fill*         0x000000000047f5ee        0x2 
 .text          0x000000000047f5f0       0xdf /usr/local/bin/../lib/freebasic/linux-x86_64/libfb.a(error_getset.o)
                0x000000000047f5f0                fb_ErrorGetNum
                0x000000000047f610                fb_ErrorSetNum
                0x000000000047f630                fb_ErrorGetLineNum
                0x000000000047f650                fb_ErrorGetModName
                0x000000000047f670                fb_ErrorSetModName
                0x000000000047f690                fb_ErrorGetFuncName