Archive member included to satisfy reference by file (symbol)

D:\lib\dos/libfbgfx.a(gfx_access.o)
                              c64dv~21.o (fb_GfxLock)
D:\lib\dos/libfbgfx.a(gfx_bload.o)
                              c64dv~21.o (fb_GfxBload)
D:\lib\dos/libfbgfx.a(gfx_circle.o)
                              c64dv~21.o (fb_GfxEllipse)
D:\lib\dos/libfbgfx.a(gfx_core.o)
                              D:\lib\dos/libfbgfx.a(gfx_access.o) (fb_hSetPixelTransfer)
D:\lib\dos/libfbgfx.a(gfx_drawstring.o)
                              c64dv~21.o (fb_GfxDrawString)
D:\lib\dos/libfbgfx.a(gfx_image.o)
                              c64dv~21.o (fb_GfxImageCreate)
D:\lib\dos/libfbgfx.a(gfx_image_convert.o)
                              D:\lib\dos/libfbgfx.a(gfx_bload.o) (fb_image_convert_8to8)
D:\lib\dos/libfbgfx.a(gfx_line.o)
                              c64dv~21.o (fb_GfxLine)
D:\lib\dos/libfbgfx.a(gfx_paint.o)
                              c64dv~21.o (fb_GfxPaint)
D:\lib\dos/libfbgfx.a(gfx_palette.o)
                              D:\lib\dos/libfbgfx.a(gfx_circle.o) (fb_hFixColor)
D:\lib\dos/libfbgfx.a(gfx_pset.o)
                              c64dv~21.o (fb_GfxPset)
D:\lib\dos/libfbgfx.a(gfx_put.o)
                              c64dv~21.o (fb_GfxPut)
D:\lib\dos/libfbgfx.a(gfx_put_alpha.o)
                              c64dv~21.o (fb_hPutAlpha)
D:\lib\dos/libfbgfx.a(gfx_put_pset.o)
                              D:\lib\dos/libfbgfx.a(gfx_put_alpha.o) (fb_hPutPSetC)
D:\lib\dos/libfbgfx.a(gfx_screen.o)
                              c64dv~21.o (fb_GfxScreen)
D:\lib\dos/libfbgfx.a(gfx_screeninfo.o)
                              c64dv~21.o (fb_GfxScreenInfo)
D:\lib\dos/libfbgfx.a(gfx_setmouse.o)
                              D:\lib\dos/libfbgfx.a(gfx_screen.o) (fb_GfxSetMouse)
D:\lib\dos/libfbgfx.a(gfx_sleep.o)
                              D:\lib\dos/libfbgfx.a(gfx_screen.o) (fb_GfxSleep)
D:\lib\dos/libfbgfx.a(gfx_vars.o)
                              D:\lib\dos/libfbgfx.a(gfx_screen.o) (__fb_gfx_driver_name)
D:\lib\dos/libfbgfx.a(gfx_vgaemu.o)
                              D:\lib\dos/libfbgfx.a(gfx_screen.o) (fb_GfxIn)
D:\lib\dos/libfbgfx.a(gfx_width.o)
                              D:\lib\dos/libfbgfx.a(gfx_screen.o) (fb_GfxWidth)
D:\lib\dos/libfbgfx.a(gfx_mmx.o)
                              D:\lib\dos/libfbgfx.a(gfx_core.o) (fb_hMemCpyMMX)
D:\lib\dos/libfbgfx.a(gfx_put_alpha_mmx.o)
                              D:\lib\dos/libfbgfx.a(gfx_put_alpha.o) (fb_hPutAlpha4MMX)
D:\lib\dos/libfbgfx.a(gfx_put_pset_mmx.o)
                              D:\lib\dos/libfbgfx.a(gfx_put_alpha.o) (fb_hPutPSetMMX)
D:\lib\dos/libfbgfx.a(gfx_box.o)
                              D:\lib\dos/libfbgfx.a(gfx_line.o) (fb_hGfxBox)
D:\lib\dos/libfbgfx.a(gfx_cls.o)
                              D:\lib\dos/libfbgfx.a(gfx_screen.o) (fb_GfxClear)
D:\lib\dos/libfbgfx.a(gfx_color.o)
                              D:\lib\dos/libfbgfx.a(gfx_screen.o) (fb_GfxColor)
D:\lib\dos/libfbgfx.a(gfx_data.o)
                              D:\lib\dos/libfbgfx.a(gfx_screen.o) (fb_hSetupData)
D:\lib\dos/libfbgfx.a(gfx_dos.o)
                              D:\lib\dos/libfbgfx.a(gfx_screeninfo.o) (fb_hScreenInfo)
D:\lib\dos/libfbgfx.a(gfx_driver_bios.o)
                              D:\lib\dos/libfbgfx.a(gfx_dos.o) (fb_gfxDriverBIOS)
D:\lib\dos/libfbgfx.a(gfx_driver_modex.o)
                              D:\lib\dos/libfbgfx.a(gfx_dos.o) (fb_gfxDriverModeX)
D:\lib\dos/libfbgfx.a(gfx_driver_null.o)
                              D:\lib\dos/libfbgfx.a(gfx_screen.o) (__fb_gfxDriverNull)
D:\lib\dos/libfbgfx.a(gfx_driver_vesa_bnk.o)
                              D:\lib\dos/libfbgfx.a(gfx_dos.o) (fb_gfxDriverVESA)
D:\lib\dos/libfbgfx.a(gfx_driver_vesa_lin.o)
                              D:\lib\dos/libfbgfx.a(gfx_dos.o) (fb_gfxDriverVESAlinear)
D:\lib\dos/libfbgfx.a(gfx_driver_vga.o)
                              D:\lib\dos/libfbgfx.a(gfx_dos.o) (fb_gfxDriverVGA)
D:\lib\dos/libfbgfx.a(gfx_getmouse.o)
                              D:\lib\dos/libfbgfx.a(gfx_screen.o) (fb_GfxGetMouse)
D:\lib\dos/libfbgfx.a(gfx_inkey.o)
                              D:\lib\dos/libfbgfx.a(gfx_sleep.o) (fb_hGfxInputBufferChanged)
D:\lib\dos/libfbgfx.a(gfx_lineinp.o)
                              D:\lib\dos/libfbgfx.a(gfx_screen.o) (fb_GfxLineInput)
D:\lib\dos/libfbgfx.a(gfx_lineinp_wstr.o)
                              D:\lib\dos/libfbgfx.a(gfx_screen.o) (fb_GfxLineInputWstr)
D:\lib\dos/libfbgfx.a(gfx_lzw.o)
                              D:\lib\dos/libfbgfx.a(gfx_data.o) (fb_hDecode)
D:\lib\dos/libfbgfx.a(gfx_multikey.o)
                              D:\lib\dos/libfbgfx.a(gfx_screen.o) (fb_GfxMultikey)
D:\lib\dos/libfbgfx.a(gfx_page.o)
                              D:\lib\dos/libfbgfx.a(gfx_screen.o) (fb_GfxPageCopy)
D:\lib\dos/libfbgfx.a(gfx_print.o)
[...]
Memory Configuration

Name             Origin             Length             Attributes
*default*        0x00000000         0xffffffff

Linker script and memory map


.text           0x00001920    0x762e0
 *(.text)
 .text          0x00001920      0x520 D:\lib\dos\crt0.o
                0x00001920                start
                0x00001b30                __exit
                0x00001c10                __sbrk
                0x00001c28                __brk
                0x00001e36                _crt0_init_mcount
 .text          0x00001e40       0x20 D:\lib\dos\fbrt0.o
 .text          0x00001e60    0x401e0 c64dv~21.o
                0x00001e60                C64_T::C64_T()
                0x000023b0                C64_T::~C64_T()
                0x00002470                MEMORY_T::MEMORY_T()
                0x000050b0                MEMORY_T::~MEMORY_T()
                0x000050c0                MEMORY_T::SCREENCODE(double)
                0x00006100                MEMORY_T::PEEKB(double)
                0x00006140                MEMORY_T::PEEKW(double)
                0x000061b0                MEMORY_T::POKEB(double, double)
                0x00008c80                MEMORY_T::POKEW(double, double)
                0x00008d40                MEMORY_T::ISSYMBOL(FBSTRING, double)
                0x00008db0                MEMORY_T::ISNUMBER(FBSTRING, double)
                0x00008ec0                MEMORY_T::GETXYZ()
                0x000093b0                MEMORY_T::PEEK64(double)
                0x00009510                MEMORY_T::POKE64(double, double)
                0x0003d4d0                MEMORY_T::READUBYTE(double)
                0x0003d500                MEMORY_T::READBYTE(double)
                0x0003d530                MEMORY_T::READUSHORT(double)
                0x0003d5a0                MEMORY_T::WRITEBYTE(double, double)
                0x0003d5c0                MEMORY_T::WRITEUBYTE(double, double)
                0x0003d5e0                MEMORY_T::WRITEUSHORT(double, double)
                0x0003d6a0                CPU6510::CPU6510(MEMORY_T*)
                0x0003d820                CPU6510::~CPU6510()
                0x0003d880                CPU6510::operator FBSTRING()
                0x0003de70                CPU6510::TICK(double)
                0x0003e1b0                CPU6510::ADR_UNK()
                0x0003e1f0                CPU6510::ADR_IMM()
                0x0003e240                CPU6510::ADR_REL()
                0x0003e290                CPU6510::ADR_ABS()
                0x0003e300                CPU6510::ADR_ZERO()
                0x0003e380                CPU6510::ADR_ZEROX()
                0x0003e410                CPU6510::ADR_ZEROY()
                0x0003e4a0                CPU6510::ADR_ABSX()
                0x0003e510                CPU6510::ADR_ABSY()
                0x0003e580                CPU6510::ADR_INDX()
                0x0003e650                CPU6510::ADR_INDY()
                0x0003e6f0                CPU6510::ADR_IND()
                0x0003e790                CPU6510::PUSH(double)
                0x0003e7e0                CPU6510::PULL()
                0x0003e850                INS_UNK
                0x0003e860                INS_ADC
                0x0003ea50                INS_AND
                0x0003eb20                INS_ASL
                0x0003ec80                INS_ASLA
                0x0003ed80                INS_BCC
                0x0003ee10                INS_BCS
                0x0003eea0                INS_BEQ
                0x0003ef30                INS_BIT
                0x0003f050                INS_BMI
                0x0003f0e0                INS_BNE
                0x0003f170                INS_BPL
                0x0003f200                INS_BRK
                0x0003f2e0                INS_BVC
                0x0003f370                INS_BVS
                0x0003f400                INS_CLC
                0x0003f430                INS_CLD
                0x0003f460                INS_CLI
                0x0003f490                INS_CLV
                0x0003f4c0                INS_CMP
                0x0003f5f0                INS_CPX
                0x0003f720                INS_CPY
                0x0003f850                INS_DEC
                0x0003f960                INS_DEX
                0x0003fa20                INS_DEY
                0x0003fad0                INS_EOR
                0x0003fba0                INS_INC
                0x0003fcb0                INS_INX
                0x0003fd80                INS_INY
                0x0003fe50                INS_JMP
                0x0003fe70                INS_JSR
                0x0003fee0                INS_LDA
                0x0003ffa0                INS_LDX
                0x00040060                INS_LDY
                0x00040120                INS_LSR
                0x00040270                INS_LSRA
                0x00040370                INS_NOP
                0x00040380                INS_ORA
                0x00040450                INS_PHA
                0x00040480                INS_PHP
                0x000404b0                INS_PLA
                0x00040560                INS_PLP
                0x00040580                INS_ROL
                0x00040730                INS_ROLA
                0x00040880                INS_ROR
                0x00040a30                INS_RORA
                0x00040b80                INS_RTI
                0x00040bf0                INS_RTS
                0x00040c50                INS_SBC
                0x00040e50                INS_SEC
                0x00040e80                INS_SED
                0x00040eb0                INS_SEI
                0x00040ee0                INS_STA
                0x00040f20                INS_STX
                0x00040f60                INS_STY
                0x00040fa0                INS_TAX
                0x00041050                INS_TAY
                0x00041100                INS_TSX
                0x000411b0                INS_TXA
                0x00041260                INS_TXS
                0x00041280                INS_TYA
                0x00041330                INS_R32
                0x00041390                INS_W32
                0x000413f0                INS_R64
                0x00041450                INS_W64
                0x000414b0                INTERRUPTSERVICE
                0x00041c40                main
 .text          0x00042040      0x130 D:\lib\dos/libfbgfx.a(gfx_access.o)
                0x00042040                fb_GfxLock
                0x00042080                fb_GfxUnlock
                0x00042120                fb_GfxScreenPtr
 .text          0x00042170     0x1a10 D:\lib\dos/libfbgfx.a(gfx_bload.o)
                0x00043b30                fb_GfxBload
                0x00043b50                fb_GfxBloadQB
 .text          0x00043b80      0xa30 D:\lib\dos/libfbgfx.a(gfx_circle.o)
                0x00043db0                fb_GfxEllipse
 .text          0x000445b0      0x9c0 D:\lib\dos/libfbgfx.a(gfx_core.o)
                0x00044730                fb_hPixelSetAlpha4
                0x00044800                fb_hPostEvent_code_start
                0x00044810                fb_hPostEvent
                0x00044880                fb_hPostEvent_code_end
                0x00044890                fb_hSetPixelTransfer
                0x000448f0                fb_hTranslateCoord
                0x00044a40                fb_hFixRelative
                0x00044ad0                fb_hFixCoordsOrder
                0x00044b20                fb_hSetupFuncs
                0x00044d10                fb_hPrepareTarget
                0x00044ea0                fb_hGetContext
 .text          0x00044f70      0x730 D:\lib\dos/libfbgfx.a(gfx_drawstring.o)
                0x00044f70                fb_GfxDrawString
 .text          0x000456a0      0x2e0 D:\lib\dos/libfbgfx.a(gfx_image.o)
                0x00045900                fb_GfxImageCreate
                0x00045930                fb_GfxImageCreateQB
                0x00045960                fb_GfxImageDestroy
 .text          0x00045980      0x440 D:\lib\dos/libfbgfx.a(gfx_image_convert.o)
                0x00045980                fb_image_convert_8to8
                0x000459b0                fb_image_convert_8to16
                0x00045a10                fb_image_convert_8to32
                0x00045a70                fb_image_convert_24to16
                0x00045ad0                fb_image_convert_24to32
                0x00045b20                fb_image_convert_32to16
                0x00045b70                fb_image_convert_32to32
                0x00045bb0                fb_image_convert_24bgrto16
                0x00045c10                fb_image_convert_24bgrto32
                0x00045c40                fb_image_convert_32bgrto16
                0x00045c90                fb_image_convert_32bgrto32
                0x00045cc0                fb_GfxImageConvertRow
 .text          0x00045dc0      0x8a0 D:\lib\dos/libfbgfx.a(gfx_line.o)
                0x00045e20                fb_GfxDrawLine
                0x00046510                fb_GfxLine
 .text          0x00046660      0x690 D:\lib\dos/libfbgfx.a(gfx_paint.o)
                0x00046770                fb_GfxPaint
 .text          0x00046cf0      0x4e0 D:\lib\dos/libfbgfx.a(gfx_palette.o)
                0x00046cf0                fb_hMakeColor
                0x00046d30                fb_hFixColor
                0x00046d80                fb_hRestorePalette
                0x00046de0                fb_hSetPaletteColorRgb
                0x00046e40                fb_hSetPaletteColor
                0x00046f40                fb_GfxPalette
 .text          0x000471d0      0x120 D:\lib\dos/libfbgfx.a(gfx_pset.o)
                0x000471d0                fb_GfxPset
 .text          0x000472f0      0x500 D:\lib\dos/libfbgfx.a(gfx_put.o)
                0x000473c0                fb_GfxPut
 .text          0x000477f0      0x1b0 D:\lib\dos/libfbgfx.a(gfx_put_alpha.o)
                0x000478c0                fb_hPutAlpha
 .text          0x000479a0      0x120 D:\lib\dos/libfbgfx.a(gfx_put_pset.o)
                0x000479a0                fb_hPutPSetC
                0x000479f0                fb_hPutPSet
 .text          0x00047ac0     0x1010 D:\lib\dos/libfbgfx.a(gfx_screen.o)
                0x00047ac0                fb_GfxViewUpdate
                0x00047ad0                fb_hClearCharCells
                0x00047b80                fb_hResetCharCells
                0x000485a0                fb_GfxScreen
                0x00048790                fb_GfxScreenQB
                0x00048800                fb_GfxScreenRes
                0x00048940                fb_GfxSetWindowTitle
 .text          0x00048ad0       0xf0 D:\lib\dos/libfbgfx.a(gfx_screeninfo.o)
                0x00048ae0                fb_GfxScreenInfo
 .text          0x00048bc0       0x80 D:\lib\dos/libfbgfx.a(gfx_setmouse.o)
                0x00048bc0                fb_GfxSetMouse
 .text          0x00048c40       0x70 D:\lib\dos/libfbgfx.a(gfx_sleep.o)
                0x00048c40                fb_GfxSleep
 .text          0x00048cb0        0x0 D:\lib\dos/libfbgfx.a(gfx_vars.o)
 .text          0x00048cb0      0x290 D:\lib\dos/libfbgfx.a(gfx_vgaemu.o)
                0x00048cb0                fb_GfxIn
                0x00048d50                fb_GfxOut
 .text          0x00048f40      0x130 D:\lib\dos/libfbgfx.a(gfx_width.o)
                0x00048f40                fb_GfxWidth
 .text          0x00049070      0x3d0 D:\lib\dos/libfbgfx.a(gfx_mmx.o)
                0x00049070                fb_hMemCpyMMX
                0x00049070                fb_MMX_code_start
                0x000490b0                fb_hMemSetMMX
                0x00049100                fb_hPixelSet2MMX
                0x00049150                fb_hPixelSet4MMX
                0x000491a8                fb_hPixelSetAlpha4MMX
                0x00049290                fb_hPutPixelAlpha4MMX
                0x000492e8                fb_hPutAlphaMaskMMX
                0x00049438                fb_MMX_code_end
 .text          0x00049440      0x110 D:\lib\dos/libfbgfx.a(gfx_put_alpha_mmx.o)
                0x00049440                fb_hPutAlpha4MMX
 .text          0x00049550       0x90 D:\lib\dos/libfbgfx.a(gfx_put_pset_mmx.o)
                0x00049550                fb_hPutPSetMMX
 .text          0x000495e0      0x3a0 D:\lib\dos/libfbgfx.a(gfx_box.o)
                0x000495e0                fb_hGfxBox
 .text          0x00049980      0x270 D:\lib\dos/libfbgfx.a(gfx_cls.o)
                0x00049980                fb_GfxClear
 .text          0x00049bf0      0x220 D:\lib\dos/libfbgfx.a(gfx_color.o)
                0x00049bf0                fb_GfxColor
 .text          0x00049e10     0x1420 D:\lib\dos/libfbgfx.a(gfx_data.o)
                0x00049e10                fb_hSetupData
                0x00049e60                __fb_palette
                0x00049e80                __fb_font
 .text          0x0004b230     0x11d0 D:\lib\dos/libfbgfx.a(gfx_dos.o)
                0x0004b690                fb_dos_get_mouse
                0x0004b6f0                fb_dos_set_mouse
                0x0004b720                fb_dos_set_palette
                0x0004b790                fb_dos_vga_set_palette
                0x0004b810                fb_dos_vga_wait_vsync
                0x0004b830                fb_dos_detect
                0x0004b8f0                fb_dos_init
                0x0004be00                fb_dos_exit
                0x0004c1c0                fb_dos_lock
                0x0004c200                fb_dos_unlock
                0x0004c210                fb_dos_set_window_title
                0x0004c220                fb_hScreenInfo
                0x0004c260                fb_hGetWindowHandle
 .text          0x0004c400      0x870 D:\lib\dos/libfbgfx.a(gfx_driver_bios.o)
 .text          0x0004cc70      0x260 D:\lib\dos/libfbgfx.a(gfx_driver_modex.o)
 .text          0x0004ced0       0x50 D:\lib\dos/libfbgfx.a(gfx_driver_null.o)
                0x0004cee0                __fb_gfxDriverNull
 .text          0x0004cf20      0x4f0 D:\lib\dos/libfbgfx.a(gfx_driver_vesa_bnk.o)
 .text          0x0004d410      0x260 D:\lib\dos/libfbgfx.a(gfx_driver_vesa_lin.o)
 .text          0x0004d670      0x4b0 D:\lib\dos/libfbgfx.a(gfx_driver_vga.o)
 .text          0x0004db20       0xf0 D:\lib\dos/libfbgfx.a(gfx_getmouse.o)
                0x0004db20                fb_GfxGetMouse
 .text          0x0004dc10      0x190 D:\lib\dos/libfbgfx.a(gfx_inkey.o)
                0x0004dc10                fb_hGfxInputBufferChanged
                0x0004dc90                fb_hPostKey
                0x0004dcd0                fb_hPostKey_End
                0x0004dce0                fb_GfxGetkey
                0x0004dd20                fb_GfxKeyHit
                0x0004dd50                fb_GfxInkey
                0x0004dd90                fb_GfxIsRedir
 .text          0x0004dda0       0xf0 D:\lib\dos/libfbgfx.a(gfx_lineinp.o)
                0x0004ddb0                fb_GfxLineInput
 .text          0x0004de90       0xe0 D:\lib\dos/libfbgfx.a(gfx_lineinp_wstr.o)
                0x0004dea0                fb_GfxLineInputWstr
 .text          0x0004df70      0x280 D:\lib\dos/libfbgfx.a(gfx_lzw.o)
                0x0004df70                fb_hDecode
 .text          0x0004e1f0       0x60 D:\lib\dos/libfbgfx.a(gfx_multikey.o)
                0x0004e1f0                fb_GfxMultikey
 .text          0x0004e250      0x350 D:\lib\dos/libfbgfx.a(gfx_page.o)
                0x0004e250                fb_GfxFlip
                0x0004e450                fb_GfxPageCopy
                0x0004e460                fb_GfxPageSet
 .text          0x0004e5a0      0x8a0 D:\lib\dos/libfbgfx.a(gfx_print.o)
                0x0004ecc0                fb_GfxPrintBufferEx
                0x0004ece0                fb_GfxPrintBuffer
                0x0004ed10                fb_GfxLocateRaw
                0x0004ed50                fb_GfxLocate
                0x0004edc0                fb_GfxGetX
                0x0004edd0                fb_GfxGetY
                0x0004ede0                fb_GfxGetXY
                0x0004ee10                fb_GfxGetSize
 .text          0x0004ee40       0x80 D:\lib\dos/libfbgfx.a(gfx_print_wstr.o)
                0x0004ee40                fb_GfxPrintBufferWstrEx
                0x0004ee90                fb_GfxPrintBufferWstr
 .text          0x0004eec0      0x1f0 D:\lib\dos/libfbgfx.a(gfx_readstr.o)
                0x0004eec0                fb_GfxReadStr
 .text          0x0004f0b0      0x110 D:\lib\dos/libfbgfx.a(gfx_readxy.o)
                0x0004f0b0                fb_GfxReadXY
 .text          0x0004f1c0      0x4e0 D:\lib\dos/libfbgfx.a(gfx_softcursor.o)
                0x0004f280                fb_hSoftCursor_code_start
                0x0004f290                fb_hColorDistance
                0x0004f2d0                fb_hSoftCursorInit
                0x0004f360                fb_hSoftCursorExit
                0x0004f3a0                fb_hSoftCursorPut
                0x0004f570                fb_hSoftCursorUnput
                0x0004f5c0                fb_hSoftCursorPaletteChanged
                0x0004f630                fb_hSoftCursor_code_end
 .text          0x0004f6a0      0x870 D:\lib\dos/libfbgfx.a(gfx_vesa_core.o)
                0x0004f790                vesa_get_pm_functions
                0x0004f930                fb_dos_vesa_detect
                0x0004fc30                fb_dos_vesa_set_mode
                0x0004fe10                fb_dos_vesa_fetch_modes
                0x0004fef0                fb_dos_vesa_set_palette
                0x0004ff00                fb_dos_vesa_set_palette_end
 .text          0x0004ff10      0x270 D:\lib\dos/libfbgfx.a(gfx_view.o)
                0x0004ff10                fb_GfxView
 .text          0x00050180      0xed0 D:\lib\dos/libfbgfx.a(gfx_blitter_mmx.o)
                0x00050180                fb_hBlit8to15RGBMMX
                0x00050180                fb_hBlitMMX_code_start
                0x00050260                fb_hBlit8to15BGRMMX
                0x00050340                fb_hBlit8to16RGBMMX
                0x00050428                fb_hBlit8to16BGRMMX
                0x00050510                fb_hBlit8to24RGBMMX
                0x000505c0                fb_hBlit8to24BGRMMX
                0x00050678                fb_hBlit8to32RGBMMX
                0x00050710                fb_hBlit8to32BGRMMX
                0x000507b8                fb_hBlit16to15RGBMMX
                0x00050860                fb_hBlit16to15BGRMMX
                0x000508f8                fb_hBlit16to16RGBMMX
                0x00050998                fb_hBlit16to24MMX
                0x00050a88                fb_hBlit16to32MMX
                0x00050b68                fb_hBlit32to15RGBMMX
                0x00050c18                fb_hBlit32to15BGRMMX
                0x00050cc8                fb_hBlit32to16RGBMMX
                0x00050d88                fb_hBlit32to16BGRMMX
                0x00050e48                fb_hBlit32to24RGBMMX
                0x00050ef0                fb_hBlit32to24BGRMMX
                0x00050f98                fb_hBlit32to32RGBMMX
                0x00051048                fb_hBlitMMX_code_end
 .text          0x00051050       0x70 D:\lib\dos/libfbgfx.a(gfx_mouse.o)
                0x00051050                fb_dos_mouse_isr_start
                0x00051050                fb_dos_mouse_x
                0x00051058                fb_dos_mouse_y
                0x00051060                fb_dos_mouse_z
                0x00051068                fb_dos_mouse_buttons
                0x00051070                fb_dos_mouse_isr
                0x000510b8                fb_dos_mouse_isr_end
 .text          0x000510c0       0x20 D:\lib\dos/libfbgfx.a(gfx_vesa.o)
                0x000510c0                fb_dos_vesa_set_bank_pm
                0x000510d8                fb_dos_vesa_set_bank_pm_end
 .text          0x000510e0     0x1b50 D:\lib\dos/libfbgfx.a(gfx_blitter.o)
                0x00052940                fb_hBlit_code_start
                0x00052950                fb_hGetBlitter
                0x00052c20                fb_hBlit_code_end
 .text          0x00052c30       0x80 D:\lib\dos/libfb.a(array_destructstr.o)
                0x00052c30                fb_hArrayDtorStr
                0x00052c90                fb_ArrayDestructStr
 .text          0x00052cb0       0xa0 D:\lib\dos/libfb.a(con_input.o)
                0x00052cb0                fb_ConsoleInput
 .text          0x00052d50       0x40 D:\lib\dos/libfb.a(con_locate.o)
                0x00052d50                fb_Locate
 .text          0x00052d90      0x320 D:\lib\dos/libfb.a(con_print_tty.o)
                0x00052d90                fb_ConPrintTTY
 .text          0x000530b0      0x870 D:\lib\dos/libfb.a(con_readline.o)
                0x00053190                fb_ConReadLine
 .text          0x00053920       0x70 D:\lib\dos/libfb.a(cpudetect.o)
                0x00053920                fb_CpuDetect
 .text          0x00053990       0x80 D:\lib\dos/libfb.a(data.o)
                0x00053990                fb_DataRestore
                0x000539d0                fb_DataNext
 .text          0x00053a10       0x80 D:\lib\dos/libfb.a(data_readint.o)
                0x00053a10                fb_DataReadInt
 .text          0x00053a90       0x90 D:\lib\dos/libfb.a(data_readstr.o)
                0x00053aa0                fb_DataReadStr
 .text          0x00053b20       0x90 D:\lib\dos/libfb.a(data_readulong.o)
                0x00053b20                fb_DataReadULongint
 .text          0x00053bb0      0x100 D:\lib\dos/libfb.a(dev_scrn_init.o)
                0x00053bb0                fb_DevScrnUpdateWidth
                0x00053be0                fb_DevScrnMaybeUpdateWidth
                0x00053c00                fb_DevScrnInit_Screen
                0x00053c20                fb_DevScrnEnd
                0x00053c50                fb_DevScrnInit_NoOpen
 .text          0x00053cb0      0x1a0 D:\lib\dos/libfb.a(dev_scrn_read.o)
                0x00053cb0                fb_DevScrnRead
                0x00053e00                fb_DevScrnInit_Read
 .text          0x00053e50      0x380 D:\lib\dos/libfb.a(drv_isr.o)
                0x00053e50                __fb_hDrvIntHandler_start
                0x00053e50                __fb_hDrvIntHandler_OldIRQs
                0x00053ed0                __fb_hDrvIntHandler
                0x00053f10                __fb_hDrvIntStacks
                0x00053f90                fb_hDrvIntInISR
                0x00053fa0                __fb_hDrvSelectors
                0x00053fb8                __fb_dos_cli_level
                0x00053fc0                fb_dos_cli
                0x00053fd8                fb_dos_sti
                0x00053ff0                __fb_hDrvIntHandler_PIC1
                0x000540e0                __fb_hDrvIntHandler_PIC2
                0x000541d0                __fb_hDrvIntHandler_end
 .text          0x000541d0       0xe0 D:\lib\dos/libfb.a(error_getset.o)
                0x000541d0                fb_ErrorGetNum
                0x000541f0                fb_ErrorSetNum
                0x00054210                fb_ErrorGetLineNum
                0x00054230                fb_ErrorGetModName
                0x00054250                fb_ErrorSetModName
                0x00054270                fb_ErrorGetFuncName
                0x00054290                fb_ErrorSetFuncName
 .text          0x000542b0       0x50 D:\lib\dos/libfb.a(farmemset.o)
                0x000542b0                fb_hFarMemSet
                0x000542d0                fb_hFarMemSetW
 .text          0x00054300      0x120 D:\lib\dos/libfb.a(file_close.o)
                0x00054300                fb_FileCloseEx
                0x000543a0                fb_FileClose
                0x00054400                fb_FileCloseAll
 .text          0x00054420       0x80 D:\lib\dos/libfb.a(file_eof.o)
                0x00054420                fb_FileEofEx
                0x00054450                fb_FileEof
 .text          0x000544a0       0x30 D:\lib\dos/libfb.a(file_free.o)
                0x000544a0                fb_FileFree
 .text          0x000544d0      0x490 D:\lib\dos/libfb.a(file_get.o)
                0x000544d0                fb_FileGetDataEx
                0x00054770                fb_FileGetData
                0x000547d0                fb_FileGet
                0x00054830                fb_FileGetLarge
                0x00054890                fb_FileGetIOB
                0x000548f0                fb_FileGetLargeIOB
 .text          0x00054960       0x40 D:\lib\dos/libfb.a(file_hconvpath.o)
                0x00054960                fb_hConvertPath
 .text          0x000549a0       0xa0 D:\lib\dos/libfb.a(file_input_file.o)
                0x000549a0                fb_FileInput
 .text          0x00054a40       0x50 D:\lib\dos/libfb.a(file_input_str.o)
                0x00054a40                fb_InputString
 .text          0x00054a90      0x420 D:\lib\dos/libfb.a(file_input_tok.o)
                0x00054b60                fb_FileInputNextToken
 .text          0x00054eb0      0x2f0 D:\lib\dos/libfb.a(file_lineinp.o)
                0x00055130                fb_FileLineInput
 .text          0x000551a0       0xb0 D:\lib\dos/libfb.a(file_open.o)
                0x000551a0                fb_FileOpenEx
                0x000551e0                fb_FileOpen
 .text          0x00055250      0x330 D:\lib\dos/libfb.a(file_put.o)
                0x00055250                fb_FilePutDataEx
                0x000554b0                fb_FilePutData
                0x00055520                fb_FilePut
                0x00055550                fb_FilePutLarge
 .text          0x00055580      0x130 D:\lib\dos/libfb.a(file_putback.o)
                0x00055580                fb_FilePutBackEx
                0x00055650                fb_FilePutBack
 .text          0x000556b0       0x50 D:\lib\dos/libfb.a(file_reset.o)
                0x000556b0                fb_FileReset
 .text          0x00055700      0x110 D:\lib\dos/libfb.a(file_seek.o)
                0x00055700                fb_FileSeekEx
                0x00055750                fb_FileSeek
                0x000557b0                fb_FileSeekLarge
 .text          0x00055810       0xe0 D:\lib\dos/libfb.a(file_size.o)
                0x00055810                fb_FileSizeEx
                0x000558a0                fb_FileSize
 .text          0x000558f0       0x50 D:\lib\dos/libfb.a(hook_cls.o)
                0x000558f0                fb_Cls
 .text          0x00055940       0x50 D:\lib\dos/libfb.a(hook_getmouse.o)
                0x00055940                fb_GetMouse
 .text          0x00055990       0x20 D:\lib\dos/libfb.a(hook_getsize.o)
                0x00055990                fb_GetSize
 .text          0x000559b0       0x20 D:\lib\dos/libfb.a(hook_getx.o)
                0x000559b0                fb_GetX
 .text          0x000559d0       0x20 D:\lib\dos/libfb.a(hook_getxy.o)
                0x000559d0                fb_GetXY
 .text          0x000559f0       0x60 D:\lib\dos/libfb.a(hook_inkey.o)
                0x000559f0                fb_Inkey
                0x00055a10                fb_Getkey
                0x00055a30                fb_KeyHit
 .text          0x00055a50       0x20 D:\lib\dos/libfb.a(hook_isredir.o)
                0x00055a50                fb_IsRedirected
 .text          0x00055a70       0x60 D:\lib\dos/libfb.a(hook_lineinp.o)
                0x00055a70                fb_LineInput
 .text          0x00055ad0       0xc0 D:\lib\dos/libfb.a(hook_locate_ex.o)
                0x00055ad0                fb_LocateEx
 .text          0x00055b90       0x50 D:\lib\dos/libfb.a(hook_pageset.o)
                0x00055b90                fb_PageSet
 .text          0x00055be0       0x50 D:\lib\dos/libfb.a(hook_pcopy.o)
                0x00055be0                fb_PageCopy
 .text          0x00055c30       0x70 D:\lib\dos/libfb.a(hook_printstr.o)
                0x00055c30                fb_PrintBufferEx
                0x00055c70                fb_PrintBuffer
 .text          0x00055ca0       0x20 D:\lib\dos/libfb.a(hook_sleep.o)
                0x00055ca0                fb_Sleep
 .text          0x00055cc0       0x70 D:\lib\dos/libfb.a(hook_width.o)
                0x00055cc0                fb_Width
 .text          0x00055d30       0xd0 D:\lib\dos/libfb.a(init.o)
                0x00055d30                fb_hRtInit
                0x00055d60                fb_hRtExit
                0x00055dc0                fb_Init
                0x00055de0                fb_End
 .text          0x00055e00       0x90 D:\lib\dos/libfb.a(io_cls.o)
                0x00055e00                fb_ConsoleClear
 .text          0x00055e90       0x30 D:\lib\dos/libfb.a(io_getsize.o)
                0x00055e90                fb_ConsoleGetSize
 .text          0x00055ec0       0x20 D:\lib\dos/libfb.a(io_getx.o)
                0x00055ec0                fb_ConsoleGetX
 .text          0x00055ee0       0x70 D:\lib\dos/libfb.a(io_getxy.o)
                0x00055ee0                fb_ConsoleGetXY_BIOS
                0x00055f20                fb_ConsoleGetXY
 .text          0x00055f50       0x40 D:\lib\dos/libfb.a(io_hinkey.o)
                0x00055f50                fb_hMakeInkeyStr
 .text          0x00055f90       0x80 D:\lib\dos/libfb.a(io_inkey.o)
                0x00055f90                fb_ConsoleGetkey
                0x00055fd0                fb_ConsoleInkey
                0x00056000                fb_ConsoleKeyHit
 .text          0x00056010       0x90 D:\lib\dos/libfb.a(io_input.o)
                0x00056010                fb_hConsoleInputBufferChanged
 .text          0x000560a0       0x40 D:\lib\dos/libfb.a(io_isredir.o)
                0x000560a0                fb_ConsoleIsRedirected
 .text          0x000560e0      0x1b0 D:\lib\dos/libfb.a(io_locate.o)
                0x000560e0                fb_hSetCursorPos
                0x00056130                fb_ConsoleLocate_BIOS
                0x00056260                fb_ConsoleLocate
 .text          0x00056290      0x230 D:\lib\dos/libfb.a(io_mouse.o)
                0x00056290                fb_ConsoleGetMouse
                0x00056420                fb_ConsoleSetMouse
 .text          0x000564c0      0x3a0 D:\lib\dos/libfb.a(io_multikey.o)
                0x00056800                fb_ConsoleMultikey
                0x00056840                fb_ConsoleMultikeyInit
 .text          0x00056860       0x60 D:\lib\dos/libfb.a(io_pageset.o)
                0x00056860                fb_ConsolePageSet
 .text          0x000568c0       0xc0 D:\lib\dos/libfb.a(io_pcopy.o)
                0x000568c0                fb_ConsolePageCopy
 .text          0x00056980       0xb0 D:\lib\dos/libfb.a(io_print.o)
                0x00056980                fb_PrintStringEx
                0x000569d0                fb_PrintString
 .text          0x00056a30       0xa0 D:\lib\dos/libfb.a(io_print_fix.o)
                0x00056a30                fb_PrintFixStringEx
                0x00056a70                fb_PrintFixString
 .text          0x00056ad0      0x330 D:\lib\dos/libfb.a(io_print_int.o)
                0x00056af0                fb_PrintInt
                0x00056c80                fb_PrintUInt
 .text          0x00056e00       0xa0 D:\lib\dos/libfb.a(io_print_wstr.o)
                0x00056e00                fb_PrintWstrEx
                0x00056e40                fb_PrintWstr
 .text          0x00056ea0      0x4b0 D:\lib\dos/libfb.a(io_printbuff.o)
                0x00057040                fb_hGetPageAddr
                0x000572a0                fb_ConsolePrintBufferEx
                0x00057320                fb_ConsolePrintBuffer
 .text          0x00057350      0x180 D:\lib\dos/libfb.a(io_printpad.o)
                0x00057360                fb_PrintPadEx
                0x00057470                fb_PrintPad
 .text          0x000574d0       0xc0 D:\lib\dos/libfb.a(io_printvoid.o)
                0x000574e0                fb_PrintVoidEx
                0x00057530                fb_PrintVoid
 .text          0x00057590       0xc0 D:\lib\dos/libfb.a(io_printvoid_wstr.o)
                0x000575a0                fb_PrintVoidWstrEx
                0x000575f0                fb_PrintVoidWstr
 .text          0x00057650      0x4a0 D:\lib\dos/libfb.a(io_scroll.o)
                0x00057810                fb_ConsoleScroll_BIOS
                0x00057a70                fb_ConsoleScrollEx
                0x00057aa0                fb_ConsoleScroll
 .text          0x00057af0       0x20 D:\lib\dos/libfb.a(io_setpos.o)
                0x00057af0                fb_SetPos
 .text          0x00057b10      0x120 D:\lib\dos/libfb.a(io_view.o)
                0x00057b10                fb_ConsoleViewEx
                0x00057c10                fb_ConsoleView
 .text          0x00057c30       0xd0 D:\lib\dos/libfb.a(io_viewhlp.o)
                0x00057c30                fb_ConsoleGetTopRow
                0x00057c50                fb_ConsoleGetBotRow
                0x00057ca0                fb_ConsoleSetTopBotRows
                0x00057cc0                fb_ConsoleGetView
 .text          0x00057d00       0xa0 D:\lib\dos/libfb.a(io_width.o)
                0x00057d00                fb_ConsoleWidth
 .text          0x00057da0       0x60 D:\lib\dos/libfb.a(str_asc.o)
                0x00057da0                fb_ASC
 .text          0x00057e00      0x2a0 D:\lib\dos/libfb.a(str_assign.o)
                0x00057e00                fb_StrAssignEx
                0x00058040                fb_StrAssign
                0x00058070                fb_StrInit
 .text          0x000580a0       0x50 D:\lib\dos/libfb.a(str_chr.o)
                0x000580a0                fb_CHR
 .text          0x000580f0      0x1b0 D:\lib\dos/libfb.a(str_comp.o)
                0x000580f0                fb_StrCompare
 .text          0x000582a0      0x170 D:\lib\dos/libfb.a(str_concat.o)
                0x000582a0                fb_StrConcat
 .text          0x00058410      0x1a0 D:\lib\dos/libfb.a(str_concatassign.o)
                0x00058410                fb_StrConcatAssign
 .text          0x000585b0      0x1c0 D:\lib\dos/libfb.a(str_convfrom.o)
                0x000585b0                fb_hStr2Double
                0x000586b0                fb_VAL
 .text          0x00058770      0x150 D:\lib\dos/libfb.a(str_convfrom_int.o)
                0x00058770                fb_hStr2Int
                0x00058810                fb_VALINT
 .text          0x000588c0       0xd0 D:\lib\dos/libfb.a(str_convfrom_rad.o)
                0x000588c0                fb_hStrRadix2Int
 .text          0x00058990      0x110 D:\lib\dos/libfb.a(str_convfrom_radlng.o)
                0x00058990                fb_hStrRadix2Longint
 .text          0x00058aa0      0x130 D:\lib\dos/libfb.a(str_convfrom_ulng.o)
                0x00058aa0                fb_hStr2ULongint
                0x00058b20                fb_VALULNG
 .text          0x00058bd0       0xd0 D:\lib\dos/libfb.a(str_convto.o)
                0x00058be0                fb_IntToStr
                0x00058c40                fb_UIntToStr
 .text          0x00058ca0      0x110 D:\lib\dos/libfb.a(str_convto_flt.o)
                0x00058cb0                fb_FloatToStr
                0x00058d30                fb_DoubleToStr
 .text          0x00058db0      0x310 D:\lib\dos/libfb.a(str_core.o)
                0x00058db0                fb_hStrAllocTmpDesc
                0x00058e20                fb_hStrDelTempDesc
                0x00058e70                fb_hStrAlloc
                0x00058ed0                fb_hStrRealloc
                0x00058fb0                fb_hStrAllocTemp_NoLock
                0x00059020                fb_hStrAllocTemp
                0x00059030                fb_hStrDelTemp_NoLock
                0x00059080                fb_hStrDelTemp
                0x00059090                fb_hStrCopy
 .text          0x000590c0       0x40 D:\lib\dos/libfb.a(str_del.o)
                0x000590c0                fb_StrDelete
 .text          0x00059100      0x110 D:\lib\dos/libfb.a(str_fill.o)
                0x000591a0                fb_StrFill1
                0x000591c0                fb_StrFill2
 .text          0x00059210       0xc0 D:\lib\dos/libfb.a(str_hex.o)
                0x00059210                fb_HEX_b
                0x00059230                fb_HEX_s
                0x00059250                fb_HEX_i
                0x00059270                fb_HEXEx_b
                0x00059290                fb_HEXEx_s
                0x000592b0                fb_HEXEx_i
 .text          0x000592d0       0xd0 D:\lib\dos/libfb.a(str_hex_lng.o)
                0x000592d0                fb_HEXEx_l
                0x00059370                fb_HEX_l
 .text          0x000593a0       0x80 D:\lib\dos/libfb.a(str_hskip.o)
                0x000593a0                fb_hStrSkipChar
                0x000593e0                fb_hStrSkipCharRev
 .text          0x00059420       0xc0 D:\lib\dos/libfb.a(str_lcase.o)
                0x00059420                fb_StrLcase2
 .text          0x000594e0       0x50 D:\lib\dos/libfb.a(str_len.o)
                0x000594e0                fb_StrLen
 .text          0x00059530       0xb0 D:\lib\dos/libfb.a(str_mid.o)
                0x00059530                fb_StrMid
 .text          0x000595e0       0xa0 D:\lib\dos/libfb.a(str_misc.o)
                0x000595e0                fb_SPACE
 .text          0x00059680       0x60 D:\lib\dos/libfb.a(str_tempdescf.o)
                0x00059680                fb_StrAllocTempDescF
 .text          0x000596e0       0x80 D:\lib\dos/libfb.a(str_tempdescz.o)
                0x000596e0                fb_StrAllocTempDescZEx
                0x00059710                fb_StrAllocTempDescZ
 .text          0x00059760       0x50 D:\lib\dos/libfb.a(str_tempres.o)
                0x00059760                fb_StrAllocTempResult
 .text          0x000597b0      0x290 D:\lib\dos/libfb.a(strw_convassign.o)
                0x000597b0                fb_WstrAssignFromA
                0x00059830                fb_WstrAssignToAEx
                0x000599e0                fb_WstrAssignToA
                0x00059a10                fb_WstrAssignToA_Init
 .text          0x00059a40      0x1f0 D:\lib\dos/libfb.a(strw_convfrom_int.o)
                0x00059a40                fb_WstrToInt
                0x00059be0                fb_WstrValInt
 .text          0x00059c30       0xa0 D:\lib\dos/libfb.a(strw_convfrom_str.o)
                0x00059c30                fb_wstr_ConvFromA
                0x00059c80                fb_StrToWstr
 .text          0x00059cd0      0x1f0 D:\lib\dos/libfb.a(strw_convfrom_ulng.o)
                0x00059cd0                fb_WstrToULongint
                0x00059e70                fb_WstrValULng
 .text          0x00059ec0       0xa0 D:\lib\dos/libfb.a(strw_convto_str.o)
                0x00059ec0                fb_wstr_ConvToA
                0x00059f10                fb_WstrToStr
 .text          0x00059f60       0x20 D:\lib\dos/libfb.a(sys_beep.o)
                0x00059f60                fb_Beep
 .text          0x00059f80       0x20 D:\lib\dos/libfb.a(sys_chain.o)
                0x00059f80                fb_Chain
 .text          0x00059fa0       0x20 D:\lib\dos/libfb.a(sys_delay.o)
                0x00059fa0                fb_Delay
 .text          0x00059fc0      0x1b0 D:\lib\dos/libfb.a(sys_execex.o)
                0x00059fc0                fb_ExecEx
 .text          0x0005a170       0x20 D:\lib\dos/libfb.a(sys_fmem.o)
                0x0005a170                fb_GetMemAvail
 .text          0x0005a190       0x40 D:\lib\dos/libfb.a(sys_getexename.o)
                0x0005a190                fb_hGetExeName
 .text          0x0005a1d0       0x60 D:\lib\dos/libfb.a(sys_getshortpath.o)
                0x0005a1d0                fb_hGetShortPath
 .text          0x0005a230      0x5e0 D:\lib\dos/libfb.a(sys_isr.o)
                0x0005a540                fb_dos_lock_data
                0x0005a560                fb_dos_lock_code
                0x0005a580                fb_dos_unlock_data
                0x0005a5a0                fb_dos_unlock_code
                0x0005a5c0                fb_isr_reset
                0x0005a6a0                fb_isr_set
                0x0005a800                fb_isr_get
 .text          0x0005a810      0x120 D:\lib\dos/libfb.a(sys_parseargs.o)
                0x0005a810                fb_hParseArgs
 .text          0x0005a930       0x40 D:\lib\dos/libfb.a(sys_shell.o)
                0x0005a930                fb_Shell
 .text          0x0005a970       0xb0 D:\lib\dos/libfb.a(thread_ctx.o)
                0x0005a970                fb_TlsGetCtx
                0x0005a9b0                fb_TlsDelCtx
                0x0005aa00                fb_TlsFreeCtxTb
 .text          0x0005aa20       0x40 D:\lib\dos/libfb.a(thread_mutex.o)
                0x0005aa20                fb_MutexCreate
                0x0005aa30                fb_MutexDestroy
                0x0005aa40                fb_MutexLock
                0x0005aa50                fb_MutexUnlock
 .text          0x0005aa60       0x70 D:\lib\dos/libfb.a(time_sleep.o)
                0x0005aa60                fb_ConsoleSleep
 .text          0x0005aad0       0x60 D:\lib\dos/libfb.a(time_sleepex.o)
                0x0005aad0                fb_SleepEx
 .text          0x0005ab30      0x2d0 D:\lib\dos/libfb.a(vfs_open.o)
                0x0005ab30                fb_FileOpenVfsRawEx
                0x0005ad90                fb_FileOpenVfsEx
 .text          0x0005ae00      0x110 D:\lib\dos/libfb.a(con_lineinp.o)
                0x0005ae10                fb_ConsoleLineInput
 .text          0x0005af10       0xa0 D:\lib\dos/libfb.a(con_print_raw.o)
                0x0005af10                fb_ConPrintRaw
 .text          0x0005afb0      0x310 D:\lib\dos/libfb.a(dev_file_open.o)
                0x0005afb0                fb_hSetFileBufSize
                0x0005aff0                fb_DevFileOpen
 .text          0x0005b2c0       0xc0 D:\lib\dos/libfb.a(dev_file_read.o)
                0x0005b2c0                fb_DevFileRead
 .text          0x0005b380      0x150 D:\lib\dos/libfb.a(dev_file_read_wstr.o)
                0x0005b380                fb_DevFileReadWstr
 .text          0x0005b4d0      0x210 D:\lib\dos/libfb.a(dev_file_readline.o)
                0x0005b4e0                fb_DevFileReadLineDumb
                0x0005b680                fb_DevFileReadLine
 .text          0x0005b6e0       0xa0 D:\lib\dos/libfb.a(dev_file_readline_wstr.o)
                0x0005b6e0                fb_DevFileReadLineWstr
 .text          0x0005b780       0x60 D:\lib\dos/libfb.a(dev_file_seek.o)
                0x0005b780                fb_DevFileSeek
 .text          0x0005b7e0       0xe0 D:\lib\dos/libfb.a(dev_file_size.o)
                0x0005b7e0                fb_hDevFileSeekStart
                0x0005b830                fb_DevFileGetSize
 .text          0x0005b8c0       0x50 D:\lib\dos/libfb.a(dev_file_tell.o)
                0x0005b8c0                fb_DevFileTell
 .text          0x0005b910       0x40 D:\lib\dos/libfb.a(dev_file_unlock.o)
                0x0005b910                fb_DevFileUnlock
 .text          0x0005b950       0x70 D:\lib\dos/libfb.a(dev_file_write.o)
                0x0005b950                fb_DevFileWrite
 .text          0x0005b9c0       0xc0 D:\lib\dos/libfb.a(dev_file_write_wstr.o)
                0x0005b9c0                fb_DevFileWriteWstr
 .text          0x0005ba80       0xa0 D:\lib\dos/libfb.a(dev_scrn_eof.o)
                0x0005ba80                fb_DevScrnFillInput
                0x0005bad0                fb_DevScrnEof
 .text          0x0005bb20       0x60 D:\lib\dos/libfb.a(dev_scrn_write.o)
                0x0005bb20                fb_DevScrnWrite
                0x0005bb50                fb_DevScrnInit_Write
 .text          0x0005bb80       0x80 D:\lib\dos/libfb.a(file_hlock.o)
                0x0005bb80                fb_hFileLock
                0x0005bbc0                fb_hFileUnlock
 .text          0x0005bc00       0xa0 D:\lib\dos/libfb.a(file_print.o)
                0x0005bc00                fb_hFilePrintBufferEx
                0x0005bc30                fb_hFilePrintBuffer
 .text          0x0005bca0       0xa0 D:\lib\dos/libfb.a(file_print_wstr.o)
                0x0005bca0                fb_hFilePrintBufferWstrEx
                0x0005bcd0                fb_hFilePrintBufferWstr
 .text          0x0005bd40       0x60 D:\lib\dos/libfb.a(hinit.o)
                0x0005bd40                fb_hInit
                0x0005bd90                fb_hEnd
 .text          0x0005bda0       0x20 D:\lib\dos/libfb.a(hook_view_update.o)
                0x0005bda0                fb_ViewUpdate
 .text          0x0005bdc0       0x60 D:\lib\dos/libfb.a(io_color.o)
                0x0005bdc0                fb_ConsoleColor
                0x0005be10                fb_ConsoleGetColorAtt
 .text          0x0005be20      0x120 D:\lib\dos/libfb.a(io_printpad_wstr.o)
                0x0005be30                fb_PrintPadWstrEx
                0x0005bee0                fb_PrintPadWstr
 .text          0x0005bf40       0x40 D:\lib\dos/libfb.a(io_viewupdate.o)
                0x0005bf40                fb_ConsoleViewUpdate
 .text          0x0005bf80       0xd0 D:\lib\dos/libfb.a(list.o)
                0x0005bf80                fb_hListInit
                0x0005bff0                fb_hListAllocElem
                0x0005c020                fb_hListFreeElem
 .text          0x0005c050       0x90 D:\lib\dos/libfb.a(listdyn.o)
                0x0005c050                fb_hListDynInit
                0x0005c070                fb_hListDynElemAdd
                0x0005c0a0                fb_hListDynElemRemove
 .text          0x0005c0e0       0x10 D:\lib\dos/libfb.a(sys_hshell.o)
                0x0005c0e0                fb_hShell
 .text          0x0005c0f0       0x40 D:\lib\dos/libfb.a(dev_file_close.o)
                0x0005c0f0                fb_DevFileClose
 .text          0x0005c130       0x80 D:\lib\dos/libfb.a(dev_file_eof.o)
                0x0005c130                fb_DevFileEof
 .text          0x0005c1b0       0x40 D:\lib\dos/libfb.a(dev_file_flush.o)
                0x0005c1b0                fb_DevFileFlush
 .text          0x0005c1f0       0x40 D:\lib\dos/libfb.a(dev_file_lock.o)
                0x0005c1f0                fb_DevFileLock
 .text          0x0005c230       0x60 D:\lib\dos/libfb.a(dev_scrn_write_wstr.o)
                0x0005c230                fb_DevScrnWriteWstr
                0x0005c260                fb_DevScrnInit_WriteWstr
 .text          0x0005c290       0x70 D:\lib\dos/libfb.a(hook_print_wstr.o)
                0x0005c290                fb_PrintBufferWstrEx
                0x0005c2d0                fb_PrintBufferWstr
 .text          0x0005c300       0x80 D:\lib\dos/libfb.a(io_printbuff_wstr.o)
                0x0005c300                fb_ConsolePrintBufferWstrEx
                0x0005c350                fb_ConsolePrintBufferWstr
 .text          0x0005c380      0x150 D:\lib\dos/libgcc.a(_umoddi3.o)
                0x0005c380                __umoddi3
 .text          0x0005c4d0     0x1350 D:\lib\dos/libgcc.a(unwind-dw2-fde.o)
                0x0005d450                __register_frame_info_bases
                0x0005d4a0                __register_frame_info
                0x0005d4f0                __register_frame
                0x0005d550                __register_frame_info_table_bases
                0x0005d590                __register_frame_info_table
                0x0005d5d0                __register_frame_table
                0x0005d620                __deregister_frame_info_bases
                0x0005d6d0                __deregister_frame_info
                0x0005d6e0                __deregister_frame
                0x0005d710                _Unwind_Find_FDE
 .text          0x0005d820        0x0 D:\lib\dos/libc.a(ct_flags.o)
 .text          0x0005d820        0x0 D:\lib\dos/libc.a(ct_lower.o)
 .text          0x0005d820       0x40 D:\lib\dos/libc.a(cos.o)
                0x0005d824                cos
 .text          0x0005d860      0x1b0 D:\lib\dos/libc.a(pow.o)
                0x0005d87f                pow
 .text          0x0005da10       0x40 D:\lib\dos/libc.a(sin.o)
                0x0005da14                sin
 .text          0x0005da50       0x50 D:\lib\dos/libc.a(sqrt.o)
                0x0005da54                sqrt
 .text          0x0005daa0      0x100 D:\lib\dos/libc.a(fclose.o)
                0x0005daa0                fclose
 .text          0x0005dba0       0x10 D:\lib\dos/libc.a(feof.o)
                0x0005dba0                feof
 .text          0x0005dbb0      0x170 D:\lib\dos/libc.a(fflush.o)
                0x0005dbb0                fflush
 .text          0x0005dd20       0xc0 D:\lib\dos/libc.a(fgetc.o)
                0x0005dd20                fgetc
 .text          0x0005dde0      0x100 D:\lib\dos/libc.a(fgets.o)
                0x0005dde0                fgets
 .text          0x0005dee0      0x240 D:\lib\dos/libc.a(filbuf.o)
                0x0005dee0                _filbuf
 .text          0x0005e120      0x1b0 D:\lib\dos/libc.a(fopen.o)
                0x0005e120                fopen
 .text          0x0005e2d0      0x190 D:\lib\dos/libc.a(fputs.o)
                0x0005e2d0                fputs
 .text          0x0005e460      0x1d0 D:\lib\dos/libc.a(fread.o)
                0x0005e460                fread
 .text          0x0005e630      0x1f0 D:\lib\dos/libc.a(freopen.o)
                0x0005e630                freopen
 .text          0x0005e820      0x160 D:\lib\dos/libc.a(fseek.o)
                0x0005e820                fseek
 .text          0x0005e980       0xa0 D:\lib\dos/libc.a(ftell.o)
                0x0005e980                ftell
 .text          0x0005ea20       0x50 D:\lib\dos/libc.a(fwalk.o)
                0x0005ea20                _fwalk
 .text          0x0005ea70      0x290 D:\lib\dos/libc.a(fwrite.o)
                0x0005ea70                fwrite
 .text          0x0005ed00       0xc0 D:\lib\dos/libc.a(getc.o)
                0x0005ed00                getc
 .text          0x0005edc0       0xe0 D:\lib\dos/libc.a(putc.o)
                0x0005edc0                putc
 .text          0x0005eea0      0x160 D:\lib\dos/libc.a(remove.o)
                0x0005eea0                remove
 .text          0x0005f000       0x80 D:\lib\dos/libc.a(rewind.o)
                0x0005f000                rewind
 .text          0x0005f080      0x100 D:\lib\dos/libc.a(setvbuf.o)
                0x0005f080                setvbuf
 .text          0x0005f180       0x40 D:\lib\dos/libc.a(sprintf.o)
                0x0005f180                sprintf
 .text          0x0005f1c0        0x0 D:\lib\dos/libc.a(stderr.o)
 .text          0x0005f1c0        0x0 D:\lib\dos/libc.a(stdin.o)
 .text          0x0005f1c0        0x0 D:\lib\dos/libc.a(stdout.o)
 .text          0x0005f1c0       0x70 D:\lib\dos/libc.a(ungetc.o)
                0x0005f1c0                ungetc
 .text          0x0005f230       0x20 D:\lib\dos/libc.a(snprintf.o)
                0x0005f230                snprintf
 .text          0x0005f250       0x80 D:\lib\dos/libc.a(vsnprntf.o)
                0x0005f250                vsnprintf
 .text          0x0005f2d0       0x30 D:\lib\dos/libc.a(abort.o)
                0x0005f2d0                abort
 .text          0x0005f300       0x40 D:\lib\dos/libc.a(atexit.o)
                0x0005f300                atexit
 .text          0x0005f340       0x40 D:\lib\dos/libc.a(calloc.o)
                0x0005f340                calloc
 .text          0x0005f380       0xb0 D:\lib\dos/libc.a(exit.o)
                0x0005f390                exit
 .text          0x0005f430       0x80 D:\lib\dos/libc.a(getenv.o)
                0x0005f430                getenv
 .text          0x0005f4b0      0x760 D:\lib\dos/libc.a(malloc.o)
                0x0005f4b0                __malloc_get_freelist
                0x0005f4c0                __malloc_get_slop
                0x0005f4d0                __malloc_get_bytes_in_use
                0x0005f4e0                __malloc_get_chunks_in_use
                0x0005f4f0                __malloc_get_sbrked
                0x0005f500                malloc
                0x0005f810                free
                0x0005fb70                realloc
 .text          0x0005fc10      0x390 D:\lib\dos/libc.a(strtod.o)
                0x0005fc50                strtod
 .text          0x0005ffa0      0x160 D:\lib\dos/libc.a(strtoul.o)
                0x0005ffa0                strtoul
 .text          0x00060100      0x220 D:\lib\dos/libc.a(strtoull.o)
                0x00060100                strtoull
 .text          0x00060320     0x17a0 D:\lib\dos/libc.a(system.o)
                0x00060390                _shell_command
                0x00061000                system
 .text          0x00061ac0       0x20 D:\lib\dos/libc.a(memchr.o)
                0x00061ac0                memchr
 .text          0x00061ae0       0x20 D:\lib\dos/libc.a(memcpy.o)
                0x00061ae0                memcpy
 .text          0x00061b00       0x30 D:\lib\dos/libc.a(memmove.o)
                0x00061b00                memmove
 .text          0x00061b30       0x40 D:\lib\dos/libc.a(memset.o)
                0x00061b30                memset
 .text          0x00061b70       0x30 D:\lib\dos/libc.a(strcat.o)
                0x00061b70                strcat
 .text          0x00061ba0       0x40 D:\lib\dos/libc.a(strchr.o)
                0x00061ba0                strchr
 .text          0x00061be0       0x30 D:\lib\dos/libc.a(strcpy.o)
                0x00061be0                strcpy
 .text          0x00061c10      0x110 D:\lib\dos/libc.a(strerror.o)
                0x00061c10                strerror
 .text          0x00061d20       0x20 D:\lib\dos/libc.a(strlen.o)
                0x00061d20                strlen
 .text          0x00061d40       0x30 D:\lib\dos/libc.a(strncpy.o)
                0x00061d40                strncpy
 .text          0x00061d70       0x30 D:\lib\dos/libc.a(strrchr.o)
                0x00061d70                strrchr
 .text          0x00061da0        0x0 D:\lib\dos/libc.a(syserr2.o)
 .text          0x00061da0        0x0 D:\lib\dos/libc.a(float_dx.o)
 .text          0x00061da0        0x0 D:\lib\dos/libc.a(hugevalf.o)
 .text          0x00061da0        0x0 D:\lib\dos/libc.a(nan_def.o)
 .text          0x00061da0       0x10 D:\lib\dos/libc.a(strcasec.o)
                0x00061da0                strcasecmp
 .text          0x00061db0       0x80 D:\lib\dos/libc.a(stricmp.o)
                0x00061db0                __stricmp
 .text          0x00061e30       0x60 D:\lib\dos/libc.a(strnicmp.o)
                0x00061e30                __strnicmp
 .text          0x00061e90       0xa0 D:\lib\dos/libc.a(fsync.o)
                0x00061e90                __fsync
 .text          0x00061f30      0x1b0 D:\lib\dos/libc.a(llseek.o)
                0x00061f30                __llseek
 .text          0x000620e0      0x160 D:\lib\dos/libc.a(sdirlink.o)
                0x000620f0                __solve_dir_symlinks
 .text          0x00062240       0x50 D:\lib\dos/libc.a(usleep.o)
                0x00062240                usleep
 .text          0x00062290      0x550 D:\lib\dos/libc.a(xsymlink.o)
                0x000622a0                __solve_symlinks
 .text          0x000627e0      0x4a0 D:\lib\dos/libc.a(crt1.o)
                0x00062ba0                __crt1_startup
 .text          0x00062c80      0x1f0 D:\lib\dos/libc.a(getdos_v.o)
                0x00062d40                _get_dos_version
 .text          0x00062e70        0x0 D:\lib\dos/libc.a(osflavor.o)
 .text          0x00062e70        0x0 D:\lib\dos/libc.a(osmajor.o)
 .text          0x00062e70        0x0 D:\lib\dos/libc.a(osminor.o)
 .text          0x00062e70       0x30 D:\lib\dos/libc.a(doserr2e.o)
                0x00062e70                __doserr_to_errno
 .text          0x00062ea0        0x0 D:\lib\dos/libc.a(doserrno.o)
 .text          0x00062ea0       0xa0 D:\lib\dos/libc.a(_chmod.o)
                0x00062ea0                _chmod
 .text          0x00062f40       0xd0 D:\lib\dos/libc.a(_close.o)
                0x00062f40                _close
 .text          0x00063010      0x130 D:\lib\dos/libc.a(_read.o)
                0x00063010                _read
 .text          0x00063140      0x320 D:\lib\dos/libc.a(_write.o)
                0x00063140                _write
                0x000631e0                _write_fill_seek_gap
                0x00063300                _write_int
 .text          0x00063460       0xf0 D:\lib\dos/libc.a(dosio.o)
                0x00063460                __file_handle_set
 .text          0x00063550       0x60 D:\lib\dos/libc.a(doslock.o)
                0x00063550                _dos_lock
 .text          0x000635b0       0x60 D:\lib\dos/libc.a(dosunloc.o)
                0x000635b0                _dos_unlock
 .text          0x00063610      0x360 D:\lib\dos/libc.a(fd_props.o)
                0x00063610                __set_fd_properties
                0x00063710                __dup_fd_properties
                0x00063730                __clear_fd_properties
 .text          0x00063970        0x0 D:\lib\dos/libc.a(fmode.o)
 .text          0x00063970      0x490 D:\lib\dos/libc.a(putpath.o)
                0x00063980                _put_path
                0x000639b0                _put_path2
 .text          0x00063e00       0xd0 D:\lib\dos/libc.a(setmode.o)
                0x00063e00                __setmode
 .text          0x00063ed0      0x3c0 D:\lib\dos/libc.a(_use_lfn.o)
                0x00063ed0                _get_volume_info
                0x000640d0                _use_lfn
 .text          0x00064290     0x2900 D:\lib\dos/libc.a(dosexec.o)
                0x00064dd0                _dos_exec
                0x00064e90                _shell_cmdline_limit
                0x00065030                _is_unixy_shell
                0x00065050                _is_dos_shell
                0x00065c10                __dosexec_command_exec
                0x000664e0                __dosexec_find_on_path
                0x00066930                __spawnve
                0x00066960                __djgpp_spawn
 .text          0x00066b90       0x20 D:\lib\dos/libc.a(spawnv.o)
                0x00066b90                spawnv
 .text          0x00066bb0       0x50 D:\lib\dos/libc.a(spawnvpe.o)
                0x00066bb0                __spawnvpe
 .text          0x00066c00       0x50 D:\lib\dos/libc.a(2f_1680.o)
                0x00066c00                __dpmi_yield
 .text          0x00066c50       0x30 D:\lib\dos/libc.a(d0000.o)
                0x00066c50                __dpmi_allocate_ldt_descriptors
 .text          0x00066c80       0x30 D:\lib\dos/libc.a(d0001.o)
                0x00066c80                __dpmi_free_ldt_descriptor
 .text          0x00066cb0       0x30 D:\lib\dos/libc.a(d0006.o)
                0x00066cb0                __dpmi_get_segment_base_address
 .text          0x00066ce0       0x30 D:\lib\dos/libc.a(d0007.o)
                0x00066ce0                __dpmi_set_segment_base_address
 .text          0x00066d10       0x30 D:\lib\dos/libc.a(d0008.o)
                0x00066d10                __dpmi_set_segment_limit
 .text          0x00066d40       0x30 D:\lib\dos/libc.a(d000b.o)
                0x00066d40                __dpmi_get_descriptor
 .text          0x00066d70       0x40 D:\lib\dos/libc.a(d0100.o)
                0x00066d70                __dpmi_allocate_dos_memory
 .text          0x00066db0       0x30 D:\lib\dos/libc.a(d0101.o)
                0x00066db0                __dpmi_free_dos_memory
 .text          0x00066de0       0x30 D:\lib\dos/libc.a(d0204.o)
                0x00066de0                __dpmi_get_protected_mode_interrupt_vector
 .text          0x00066e10       0x30 D:\lib\dos/libc.a(d0205.o)
                0x00066e10                __dpmi_set_protected_mode_interrupt_vector
 .text          0x00066e40       0x40 D:\lib\dos/libc.a(d0300.o)
                0x00066e40                __dpmi_simulate_real_mode_interrupt
 .text          0x00066e80       0x90 D:\lib\dos/libc.a(d0300_z.o)
                0x00066e80                __dpmi_int
 .text          0x00066f10       0x40 D:\lib\dos/libc.a(d0303.o)
                0x00066f10                __dpmi_allocate_real_mode_callback
 .text          0x00066f50       0x30 D:\lib\dos/libc.a(d0304.o)
                0x00066f50                __dpmi_free_real_mode_callback
 .text          0x00066f80       0x40 D:\lib\dos/libc.a(d0400.o)
                0x00066f80                __dpmi_get_version
 .text          0x00066fc0       0x30 D:\lib\dos/libc.a(d0401.o)
                0x00066fc0                __dpmi_get_capabilities
 .text          0x00066ff0       0x30 D:\lib\dos/libc.a(d0500.o)
                0x00066ff0                __dpmi_get_free_memory_information
 .text          0x00067020       0x40 D:\lib\dos/libc.a(d0600.o)
                0x00067020                __dpmi_lock_linear_region
 .text          0x00067060       0x40 D:\lib\dos/libc.a(d0601.o)
                0x00067060                __dpmi_unlock_linear_region
 .text          0x000670a0       0x50 D:\lib\dos/libc.a(d0800.o)
                0x000670a0                __dpmi_physical_address_mapping
 .text          0x000670f0       0x30 D:\lib\dos/libc.a(d0801.o)
                0x000670f0                __dpmi_free_physical_address_mapping
 .text          0x00067120       0x20 D:\lib\dos/libc.a(dpmi_lar.o)
                0x00067120                __dpmi_get_descriptor_access_rights
 .text          0x00067140      0x2c0 D:\lib\dos/libc.a(npxsetup.o)
                0x00067230                _npxsetup
 .text          0x00067400       0x50 D:\lib\dos/libc.a(fpu.o)
                0x00067400                _detect_80387
 .text          0x00067450       0x90 D:\lib\dos/libc.a(fse_open.o)
                0x00067450                __FSEXT_add_open_handler
                0x00067490                __FSEXT_call_open_handlers
 .text          0x000674e0      0x310 D:\lib\dos/libc.a(fsext.o)
                0x00067530                __FSEXT_alloc_fd
                0x000676a0                __FSEXT_set_function
                0x000676e0                __FSEXT_get_function
                0x00067780                __FSEXT_set_data
                0x000677c0                __FSEXT_get_data
 .text          0x000677f0     0x1220 D:\lib\dos/libc.a(dpmiexcp.o)
                0x00068200                signal
                0x00068370                __djgpp_traceback_exit
                0x00068440                raise
                0x000684e0                __djgpp_exception_processor
                0x00068550                __djgpp_exception_toggle
                0x00068770                __djgpp_set_sigint_key
                0x00068790                __djgpp_set_sigquit_key
                0x000687b0                __djgpp_exception_setup
                0x00068940                __djgpp_set_ctrl_c
                0x00068980                __maybe_fix_w2k_ntvdm_bug
                0x000689c0                _exit
 .text          0x00068a10      0x3d0 D:\lib\dos/libc.a(exceptn.o)
                0x00068a10                __djgpp_exception_table
                0x00068b92                __djgpp_save_interrupt_regs
                0x00068c08                __djgpp_hw_lock_start
                0x00068c10                __djgpp_cbrk_count
                0x00068c14                __djgpp_timer_countdown
                0x00068c18                __djgpp_our_DS
                0x00068c1a                __djgpp_app_DS
                0x00068c1c                __djgpp_dos_sel
                0x00068c1e                __djgpp_hwint_flags
                0x00068c20                __djgpp_sigint_key
                0x00068c22                __djgpp_sigint_mask
                0x00068c24                __djgpp_sigquit_key
                0x00068c26                __djgpp_sigquit_mask
                0x00068c28                __djgpp_old_kbd
                0x00068c30                __djgpp_old_timer
                0x00068c38                __djgpp_exception_state_ptr
                0x00068c7c                __excep_ds_alias
                0x00068c80                __djgpp_npx_hdlr
                0x00068c95                __djgpp_kbd_hdlr
                0x00068cf6                __djgpp_kbd_hdlr_pc98
                0x00068d34                __djgpp_timer_hdlr
                0x00068d70                __djgpp_cbrk_hdlr
                0x00068d9c                __djgpp_i24
                0x00068d9e                __djgpp_iret
                0x00068da0                __djgpp_hw_exception
                0x00068dda                __djgpp_hw_lock_end
 .text          0x00068de0      0x400 D:\lib\dos/libc.a(gopint.o)
                0x00068de0                _go32_dpmi_lock_data
                0x00068e50                _go32_dpmi_lock_code
                0x00069030                _go32_dpmi_chain_protected_mode_interrupt_vector
                0x00069180                _go32_dpmi_allocate_iret_wrapper
                0x000691a0                _go32_dpmi_free_iret_wrapper
 .text          0x000691e0        0x0 D:\lib\dos/libc.a(infostrc.o)
 .text          0x000691e0     0x17e0 D:\lib\dos/libc.a(conio.o)
                0x00069270                puttext
                0x00069310                _conio_gettext
                0x00069380                gotoxy
                0x000693c0                wherex
                0x000693f0                wherey
                0x00069420                textmode
                0x000694f0                textattr
                0x00069510                textcolor
                0x00069560                textbackground
                0x000695a0                highvideo
                0x000695c0                lowvideo
                0x000695e0                normvideo
                0x00069600                _setcursortype
                0x00069660                clreol
                0x00069770                clrscr
                0x000698b0                putch
                0x00069a40                getche
                0x00069a70                getch
                0x00069b40                ungetch
                0x00069b70                _conio_kbhit
                0x00069bb0                insline
                0x00069c90                delline
                0x00069d80                window
                0x00069df0                cputs
                0x0006a120                cprintf
                0x0006a160                cgets
                0x0006a200                cscanf
                0x0006a230                movetext
                0x0006a320                gettextinfo
                0x0006a680                _set_screen_lines
                0x0006a800                blinkvideo
                0x0006a850                intensevideo
                0x0006a8a0                gppconio_init
 .text          0x0006a9c0        0x0 D:\lib\dos/libc.a(scattrib.o)
 .text          0x0006a9c0       0x20 D:\lib\dos/libc.a(sccols.o)
                0x0006a9c0                ScreenCols
 .text          0x0006a9e0       0x40 D:\lib\dos/libc.a(scgetc.o)
                0x0006a9e0                ScreenGetCursor
 .text          0x0006aa20       0x20 D:\lib\dos/libc.a(scmode.o)
                0x0006aa20                ScreenMode
 .text          0x0006aa40       0x80 D:\lib\dos/libc.a(scputc.o)
                0x0006aa40                ScreenPutChar
 .text          0x0006aac0       0x20 D:\lib\dos/libc.a(scrows.o)
                0x0006aac0                ScreenRows
 .text          0x0006aae0       0x30 D:\lib\dos/libc.a(scsetc.o)
                0x0006aae0                ScreenSetCursor
 .text          0x0006ab10       0x10 D:\lib\dos/libc.a(clear87.o)
                0x0006ab10                _clear87
 .text          0x0006ab20       0x30 D:\lib\dos/libc.a(cntrl87.o)
                0x0006ab20                _control87
 .text          0x0006ab50       0x10 D:\lib\dos/libc.a(stat87.o)
                0x0006ab50                _status87
 .text          0x0006ab60       0x60 D:\lib\dos/libc.a(kbhit.o)
                0x0006ab60                kbhit
 .text          0x0006abc0       0x30 D:\lib\dos/libc.a(djmd.o)
                0x0006abc0                __dj_movedata
 .text          0x0006abf0       0x40 D:\lib\dos/libc.a(djmdr.o)
                0x0006abf0                __dj_movedata_rev
 .text          0x0006ac30       0x30 D:\lib\dos/libc.a(dmg.o)
                0x0006ac30                __dosmemget
 .text          0x0006ac60       0x40 D:\lib\dos/libc.a(dmp.o)
                0x0006ac60                __dosmemput
 .text          0x0006aca0       0x30 D:\lib\dos/libc.a(md.o)
                0x0006aca0                __movedata
 .text          0x0006acd0       0x30 D:\lib\dos/libc.a(mdb.o)
                0x0006acd0                _movedatab
 .text          0x0006ad00       0x30 D:\lib\dos/libc.a(mdl.o)
                0x0006ad00                _movedatal
 .text          0x0006ad30       0x30 D:\lib\dos/libc.a(mdw.o)
                0x0006ad30                _movedataw
 .text          0x0006ad60       0xf0 D:\lib\dos/libc.a(nearptr.o)
                0x0006ad60                __djgpp_nearptr_enable
                0x0006ade0                __djgpp_nearptr_disable
 .text          0x0006ae50       0x80 D:\lib\dos/libc.a(clock.o)
                0x0006ae50                clock
 .text          0x0006aed0      0x4f0 D:\lib\dos/libc.a(open.o)
                0x0006aff0                __open
 .text          0x0006b3c0       0x20 D:\lib\dos/libc.a(fileno.o)
                0x0006b3c0                fileno
 .text          0x0006b3e0      0x180 D:\lib\dos/libc.a(lfilelen.o)
                0x0006b3e0                __lfilelength
 .text          0x0006b560        0x0 D:\lib\dos/libc.a(readhook.o)
 .text          0x0006b560        0x0 D:\lib\dos/libc.a(writhook.o)
 .text          0x0006b560      0x170 D:\lib\dos/libc.a(access.o)
                0x0006b570                __access
 .text          0x0006b6d0      0x130 D:\lib\dos/libc.a(chdir.o)
                0x0006b6d0                __chdir
 .text          0x0006b800       0x10 D:\lib\dos/libc.a(close.o)
                0x0006b800                __close
 .text          0x0006b810       0xc0 D:\lib\dos/libc.a(dup.o)
                0x0006b810                __dup
 .text          0x0006b8d0       0xf0 D:\lib\dos/libc.a(dup2.o)
                0x0006b8d0                __dup2
 .text          0x0006b9c0       0x20 D:\lib\dos/libc.a(execv.o)
                0x0006b9c0                execv
 .text          0x0006b9e0      0x2a0 D:\lib\dos/libc.a(getcwd.o)
                0x0006b9e0                __getcwd
 .text          0x0006bc80       0x40 D:\lib\dos/libc.a(isatty.o)
                0x0006bc80                __isatty
 .text          0x0006bcc0       0xb0 D:\lib\dos/libc.a(lseek.o)
                0x0006bcc0                __lseek
 .text          0x0006bd70      0x290 D:\lib\dos/libc.a(write.o)
                0x0006bd70                __write
 .text          0x0006c000       0x10 D:\lib\dos/libc.a(stub0007.o)
                0x0006c000                getcwd
 .text          0x0006c010       0x10 D:\lib\dos/libc.a(stub0009.o)
                0x0006c010                isatty
 .text          0x0006c020       0x10 D:\lib\dos/libc.a(stub0020.o)
                0x0006c020                dosmemget
 .text          0x0006c030       0x10 D:\lib\dos/libc.a(stub0021.o)
                0x0006c030                dosmemput
 .text          0x0006c040       0x10 D:\lib\dos/libc.a(stub0038.o)
                0x0006c040                movedata
 .text          0x0006c050        0x0 D:\lib\dos/libc.a(id_c.o)
 .text          0x0006c050        0x0 D:\lib\dos/libc.a(ct_upper.o)
 .text          0x0006c050        0x0 D:\lib\dos/libc.a(errno.o)
 .text          0x0006c050       0x10 D:\lib\dos/libc.a(lconv.o)
                0x0006c050                localeconv
 .text          0x0006c060        0x0 D:\lib\dos/libc.a(huge_val.o)
 .text          0x0006c060       0x70 D:\lib\dos/libc.a(longjmp.o)
                0x0006c060                longjmp
 .text          0x0006c0d0       0x60 D:\lib\dos/libc.a(setjmp.o)
                0x0006c0d0                setjmp
 .text          0x0006c130       0xb0 D:\lib\dos/libc.a(allocfil.o)
                0x0006c130                __alloc_file
 .text          0x0006c1e0     0x1a60 D:\lib\dos/libc.a(doprnt.o)
                0x0006c210                _doprnt
 .text          0x0006dc40      0xb70 D:\lib\dos/libc.a(doscan.o)
                0x0006dc40                _doscan
                0x0006dc70                _doscan_low
 .text          0x0006e7b0      0x260 D:\lib\dos/libc.a(flsbuf.o)
                0x0006e7b0                _flsbuf
 .text          0x0006ea10       0xe0 D:\lib\dos/libc.a(fputc.o)
                0x0006ea10                fputc
 .text          0x0006eaf0      0x110 D:\lib\dos/libc.a(frlist.o)
                0x0006eaf0                __setup_file_rec_list
 .text          0x0006ec00       0x40 D:\lib\dos/libc.a(puts.o)
                0x0006ec00                puts
 .text          0x0006ec40       0x60 D:\lib\dos/libc.a(sscanf.o)
                0x0006ec40                sscanf
 .text          0x0006eca0        0x0 D:\lib\dos/libc.a(stdaux.o)
 .text          0x0006eca0       0x50 D:\lib\dos/libc.a(stdiohk.o)
                0x0006ecd0                __stdio_cleanup_proc
 .text          0x0006ecf0        0x0 D:\lib\dos/libc.a(stdprn.o)
 .text          0x0006ecf0      0x1c0 D:\lib\dos/libc.a(tmpnam.o)
                0x0006ed90                tmpnam
 .text          0x0006eeb0       0x40 D:\lib\dos/libc.a(vsprintf.o)
                0x0006eeb0                vsprintf
 .text          0x0006eef0       0x20 D:\lib\dos/libc.a(atof.o)
                0x0006eef0                atof
 .text          0x0006ef10       0x20 D:\lib\dos/libc.a(atold.o)
                0x0006ef10                _atold
 .text          0x0006ef30      0x190 D:\lib\dos/libc.a(strtol.o)
                0x0006ef30                strtol
 .text          0x0006f0c0      0x320 D:\lib\dos/libc.a(strtold.o)
                0x0006f0f0                _strtold
 .text          0x0006f3e0       0x50 D:\lib\dos/libc.a(strcmp.o)
                0x0006f3e0                strcmp
 .text          0x0006f430       0x40 D:\lib\dos/libc.a(strncmp.o)
                0x0006f430                strncmp
 .text          0x0006f470       0x60 D:\lib\dos/libc.a(strpbrk.o)
                0x0006f470                strpbrk
 .text          0x0006f4d0        0x0 D:\lib\dos/libc.a(syserr1.o)
 .text          0x0006f4d0      0x370 D:\lib\dos/libc.a(putenv.o)
                0x0006f4d0                __putenv
 .text          0x0006f840      0x280 D:\lib\dos/libc.a(_irdlink.o)
                0x0006f850                __internal_readlink
 .text          0x0006fac0       0x50 D:\lib\dos/libc.a(basename.o)
                0x0006fac0                __basename
 .text          0x0006fb10       0x40 D:\lib\dos/libc.a(readlink.o)
                0x0006fb10                __readlink
 .text          0x0006fb50       0x50 D:\lib\dos/libc.a(_main.o)
                0x0006fb50                __main
 .text          0x0006fba0      0xe60 D:\lib\dos/libc.a(c1args.o)
                0x00070370                __crt0_setup_arguments
 .text          0x00070a00      0x6a0 D:\lib\dos/libc.a(c1loadef.o)
                0x00070a20                __crt0_load_environment_file
 .text          0x000710a0       0x30 D:\lib\dos/libc.a(c1pglob.o)
                0x000710a0                __crt0_glob_function
 .text          0x000710d0       0x30 D:\lib\dos/libc.a(d_getdrv.o)
                0x000710d0                _dos_getdrive
 .text          0x00071100      0x210 D:\lib\dos/libc.a(findfirs.o)
                0x00071100                __findfirst
 .text          0x00071310       0x40 D:\lib\dos/libc.a(fexistp.o)
                0x00071310                __file_exists
 .text          0x00071350       0x50 D:\lib\dos/libc.a(getdinfo.o)
                0x00071350                _get_dev_info
 .text          0x000713a0      0x2e0 D:\lib\dos/libc.a(truename.o)
                0x00071640                _truename
                0x00071660                _truename_sfn
 .text          0x00071680      0x190 D:\lib\dos/libc.a(_creat.o)
                0x00071680                _creat
 .text          0x00071810      0x1d0 D:\lib\dos/libc.a(_creat_n.o)
                0x00071810                _creatnew
 .text          0x000719e0      0x250 D:\lib\dos/libc.a(_open.o)
                0x000719e0                _open
 .text          0x00071c30       0x20 D:\lib\dos/libc.a(tell.o)
                0x00071c30                __tell
 .text          0x00071c50       0x60 D:\lib\dos/libc.a(fncase.o)
                0x00071c60                _preserve_fncase
 .text          0x00071cb0       0xa0 D:\lib\dos/libc.a(is_dos83.o)
                0x00071cb0                _is_DOS83
 .text          0x00071d50      0x4e0 D:\lib\dos/libc.a(chkv2prg.o)
                0x00071d50                _check_v2_prog
 .text          0x00072230       0x30 D:\lib\dos/libc.a(d0200.o)
                0x00072230                __dpmi_get_real_mode_interrupt_vector
 .text          0x00072260       0x30 D:\lib\dos/libc.a(d0201.o)
                0x00072260                __dpmi_set_real_mode_interrupt_vector
 .text          0x00072290       0x30 D:\lib\dos/libc.a(d0202.o)
                0x00072290                __dpmi_get_processor_exception_handler_vector
 .text          0x000722c0       0x30 D:\lib\dos/libc.a(d0203.o)
                0x000722c0                __dpmi_set_processor_exception_handler_vector
 .text          0x000722f0       0x30 D:\lib\dos/libc.a(d0e01.o)
                0x000722f0                __dpmi_set_coprocessor_emulation
 .text          0x00072320       0x20 D:\lib\dos/libc.a(dpmi_lsl.o)
                0x00072320                __dpmi_get_segment_limit
 .text          0x00072340       0xf0 D:\lib\dos/libc.a(dxeload.o)
                0x00072340                _dxe_load
 .text          0x00072430      0x250 D:\lib\dos/libc.a(opendir.o)
                0x00072430                _lfn_find_close
                0x00072480                __set_need_fake_dot_dotdot
                0x00072540                opendir
 .text          0x00072680      0x700 D:\lib\dos/libc.a(fcntl.o)
                0x00072a30                fcntl
 .text          0x00072d80      0xcf0 D:\lib\dos/libc.a(glob.o)
                0x00073830                __glob
 .text          0x00073a70      0x160 D:\lib\dos/libc.a(filelen.o)
                0x00073a70                __filelength
 .text          0x00073bd0      0x550 D:\lib\dos/libc.a(fixpath.o)
                0x00073d60                __canonicalize_path
                0x00074100                _fixpath
 .text          0x00074120      0x330 D:\lib\dos/libc.a(is_exec.o)
                0x00074120                _get_magic
                0x000742f0                _is_executable
 .text          0x00074450      0x340 D:\lib\dos/libc.a(xstat.o)
                0x00074450                _file_time_stamp
                0x000744c0                _getftime
                0x00074520                _get_cached_blksize
                0x000745f0                _invent_inode
 .text          0x00074790      0x100 D:\lib\dos/libc.a(read.o)
                0x00074790                __read
 .text          0x00074890        0x0 D:\lib\dos/libc.a(mbcurmax.o)
 .text          0x00074890       0x30 D:\lib\dos/libc.a(mblen.o)
                0x00074890                mblen
 .text          0x000748c0       0x60 D:\lib\dos/libc.a(modfl.o)
                0x000748c0                __modfl
 .text          0x00074920      0x110 D:\lib\dos/libc.a(putchar.o)
                0x00074920                putchar
 .text          0x00074a30      0x4a0 D:\lib\dos/libc.a(qsort.o)
                0x00074a30                qsort
 .text          0x00074ed0       0x40 D:\lib\dos/libc.a(strncat.o)
                0x00074ed0                strncat
 .text          0x00074f10       0x60 D:\lib\dos/libc.a(strstr.o)
                0x00074f10                strstr
 .text          0x00074f70     0x1fc0 D:\lib\dos/libc.a(ctime.o)
                0x00076050                __tzset
                0x000761c0                __tzsetwall
                0x000762e0                localtime
                0x00076370                gmtime
                0x000767f0                asctime
                0x00076840                ctime
                0x00076e30                mktime
 .text          0x00076f30      0x520 D:\lib\dos/libc.a(statfs.o)
                0x000771a0                __statfs
 .text          0x00077450       0x10 D:\lib\dos/libc.a(getdtabl.o)
                0x00077450                __getdtablesize
 .text          0x00077460      0x1c0 D:\lib\dos/libc.a(findnext.o)
                0x00077460                __findnext
 .text          0x00077620       0xa0 D:\lib\dos/libc.a(remotdrv.o)
                0x00077620                _is_remote_drive
 .text          0x000776c0       0x30 D:\lib\dos/libc.a(crlf2nl.o)
                0x000776c0                __crlf2nl
 .text          0x000776f0       0x70 D:\lib\dos/libc.a(doslk64.o)
                0x000776f0                _dos_lk64
 .text          0x00077760       0x70 D:\lib\dos/libc.a(dosunl64.o)
                0x00077760                _dos_unlk64
 .text          0x000777d0        0x0 D:\lib\dos/libc.a(odflags.o)
 .text          0x000777d0      0x320 D:\lib\dos/libc.a(fnmatch.o)
                0x000778f0                __fnmatch
 .text          0x00077af0      0x110 D:\lib\dos/libgcc.a(_udivdi3.o)
                0x00077af0                __udivdi3
 *(.text.*)
 .text.unlikely
                0x00077c00        0x0 D:\lib\dos\fbrt0.o
 .text.unlikely
                0x00077c00        0x0 D:\lib\dos/libfbgfx.a(gfx_access.o)
 .text.unlikely
                0x00077c00        0x0 D:\lib\dos/libfbgfx.a(gfx_bload.o)
 .text.unlikely
                0x00077c00        0x0 D:\lib\dos/libfbgfx.a(gfx_circle.o)
 .text.unlikely
                0x00077c00        0x0 D:\lib\dos/libfbgfx.a(gfx_core.o)
 .text.unlikely
                0x00077c00        0x0 D:\lib\dos/libfbgfx.a(gfx_drawstring.o)
 .text.unlikely
                0x00077c00        0x0 D:\lib\dos/libfbgfx.a(gfx_image.o)
 .text.unlikely
                0x00077c00        0x0 D:\lib\dos/libfbgfx.a(gfx_image_convert.o)
 .text.unlikely
                0x00077c00        0x0 D:\lib\dos/libfbgfx.a(gfx_line.o)
 .text.unlikely
                0x00077c00        0x0 D:\lib\dos/libfbgfx.a(gfx_paint.o)
 .text.unlikely
                0x00077c00        0x0 D:\lib\dos/libfbgfx.a(gfx_palette.o)
 .text.unlikely
                0x00077c00        0x0 D:\lib\dos/libfbgfx.a(gfx_pset.o)
 .text.unlikely
                0x00077c00        0x0 D:\lib\dos/libfbgfx.a(gfx_put.o)
 .text.unlikely
                0x00077c00        0x0 D:\lib\dos/libfbgfx.a(gfx_put_alpha.o)
 .text.unlikely
                0x00077c00        0x0 D:\lib\dos/libfbgfx.a(gfx_put_pset.o)
 .text.unlikely
                0x00077c00        0x0 D:\lib\dos/libfbgfx.a(gfx_screen.o)
 .text.unlikely
                0x00077c00        0x0 D:\lib\dos/libfbgfx.a(gfx_screeninfo.o)
 .text.unlikely
                0x00077c00        0x0 D:\lib\dos/libfbgfx.a(gfx_setmouse.o)
 .text.unlikely
                0x00077c00        0x0 D:\lib\dos/libfbgfx.a(gfx_sleep.o)
 .text.unlikely
                0x00077c00        0x0 D:\lib\dos/libfbgfx.a(gfx_vgaemu.o)
 .text.unlikely
                0x00077c00        0x0 D:\lib\dos/libfbgfx.a(gfx_width.o)
 .text.unlikely
                0x00077c00        0x0 D:\lib\dos/libfbgfx.a(gfx_box.o)
 .text.unlikely
                0x00077c00        0x0 D:\lib\dos/libfbgfx.a(gfx_cls.o)
 .text.unlikely
                0x00077c00        0x0 D:\lib\dos/libfbgfx.a(gfx_color.o)
 .text.unlikely
                0x00077c00        0x0 D:\lib\dos/libfbgfx.a(gfx_data.o)
 .text.unlikely
                0x00077c00        0x0 D:\lib\dos/libfbgfx.a(gfx_dos.o)
 .text.unlikely
                0x00077c00        0x0 D:\lib\dos/libfbgfx.a(gfx_driver_bios.o)
 .text.unlikely
                0x00077c00        0x0 D:\lib\dos/libfbgfx.a(gfx_driver_modex.o)
 .text.unlikely
                0x00077c00        0x0 D:\lib\dos/libfbgfx.a(gfx_driver_null.o)
 .text.unlikely
                0x00077c00        0x0 D:\lib\dos/libfbgfx.a(gfx_driver_vesa_bnk.o)
 .text.unlikely
                0x00077c00        0x0 D:\lib\dos/libfbgfx.a(gfx_driver_vesa_lin.o)
 .text.unlikely
                0x00077c00        0x0 D:\lib\dos/libfbgfx.a(gfx_driver_vga.o)
 .text.unlikely
                0x00077c00        0x0 D:\lib\dos/libfbgfx.a(gfx_getmouse.o)
 .text.unlikely
                0x00077c00        0x0 D:\lib\dos/libfbgfx.a(gfx_inkey.o)
 .text.unlikely
                0x00077c00        0x0 D:\lib\dos/libfbgfx.a(gfx_lineinp.o)
 .text.unlikely
                0x00077c00        0x0 D:\lib\dos/libfbgfx.a(gfx_lineinp_wstr.o)
 .text.unlikely
                0x00077c00        0x0 D:\lib\dos/libfbgfx.a(gfx_lzw.o)
 .text.unlikely
                0x00077c00        0x0 D:\lib\dos/libfbgfx.a(gfx_multikey.o)
 .text.unlikely
                0x00077c00        0x0 D:\lib\dos/libfbgfx.a(gfx_page.o)
 .text.unlikely
                0x00077c00        0x0 D:\lib\dos/libfbgfx.a(gfx_print.o)
 .text.unlikely
                0x00077c00        0x0 D:\lib\dos/libfbgfx.a(gfx_print_wstr.o)
 .text.unlikely
                0x00077c00        0x0 D:\lib\dos/libfbgfx.a(gfx_readstr.o)
 .text.unlikely
                0x00077c00        0x0 D:\lib\dos/libfbgfx.a(gfx_readxy.o)
 .text.unlikely
                0x00077c00        0x0 D:\lib\dos/libfbgfx.a(gfx_softcursor.o)
 .text.unlikely
                0x00077c00        0x0 D:\lib\dos/libfbgfx.a(gfx_vesa_core.o)
 .text.unlikely
                0x00077c00        0x0 D:\lib\dos/libfbgfx.a(gfx_view.o)
 .text.unlikely
                0x00077c00        0x0 D:\lib\dos/libfbgfx.a(gfx_blitter.o)
 .text.unlikely
                0x00077c00        0x0 D:\lib\dos/libfb.a(array_destructstr.o)
 .text.unlikely
                0x00077c00        0x0 D:\lib\dos/libfb.a(con_input.o)
 .text.unlikely
                0x00077c00        0x0 D:\lib\dos/libfb.a(con_locate.o)
 .text.unlikely
                0x00077c00        0x0 D:\lib\dos/libfb.a(con_print_tty.o)
 .text.unlikely
                0x00077c00        0x0 D:\lib\dos/libfb.a(con_readline.o)
 .text.unlikely
                0x00077c00        0x0 D:\lib\dos/libfb.a(data.o)
 .text.unlikely
                0x00077c00        0x0 D:\lib\dos/libfb.a(data_readint.o)
 .text.unlikely
                0x00077c00        0x0 D:\lib\dos/libfb.a(data_readstr.o)
 .text.unlikely
                0x00077c00        0x0 D:\lib\dos/libfb.a(data_readulong.o)
 .text.unlikely
                0x00077c00        0x0 D:\lib\dos/libfb.a(dev_scrn_init.o)
 .text.unlikely
                0x00077c00        0x0 D:\lib\dos/libfb.a(dev_scrn_read.o)
 .text.unlikely
                0x00077c00        0x0 D:\lib\dos/libfb.a(error_getset.o)
 .text.unlikely
                0x00077c00        0x0 D:\lib\dos/libfb.a(farmemset.o)
 .text.unlikely
                0x00077c00        0x0 D:\lib\dos/libfb.a(file_close.o)
 .text.unlikely
                0x00077c00        0x0 D:\lib\dos/libfb.a(file_eof.o)
 .text.unlikely
                0x00077c00        0x0 D:\lib\dos/libfb.a(file_free.o)
 .text.unlikely
                0x00077c00        0x0 D:\lib\dos/libfb.a(file_get.o)
 .text.unlikely
                0x00077c00        0x0 D:\lib\dos/libfb.a(file_hconvpath.o)
 .text.unlikely
                0x00077c00        0x0 D:\lib\dos/libfb.a(file_input_file.o)
 .text.unlikely
                0x00077c00        0x0 D:\lib\dos/libfb.a(file_input_str.o)
 .text.unlikely
                0x00077c00        0x0 D:\lib\dos/libfb.a(file_input_tok.o)
 .text.unlikely
                0x00077c00        0x0 D:\lib\dos/libfb.a(file_lineinp.o)
 .text.unlikely
                0x00077c00        0x0 D:\lib\dos/libfb.a(file_open.o)
 .text.unlikely
                0x00077c00        0x0 D:\lib\dos/libfb.a(file_put.o)
 .text.unlikely
                0x00077c00        0x0 D:\lib\dos/libfb.a(file_putback.o)
 .text.unlikely
                0x00077c00        0x0 D:\lib\dos/libfb.a(file_reset.o)
 .text.unlikely
                0x00077c00        0x0 D:\lib\dos/libfb.a(file_seek.o)
 .text.unlikely
                0x00077c00        0x0 D:\lib\dos/libfb.a(file_size.o)
 .text.unlikely
                0x00077c00        0x0 D:\lib\dos/libfb.a(hook_cls.o)
 .text.unlikely
                0x00077c00        0x0 D:\lib\dos/libfb.a(hook_getmouse.o)
 .text.unlikely
                0x00077c00        0x0 D:\lib\dos/libfb.a(hook_getsize.o)
 .text.unlikely
                0x00077c00        0x0 D:\lib\dos/libfb.a(hook_getx.o)
 .text.unlikely
                0x00077c00        0x0 D:\lib\dos/libfb.a(hook_getxy.o)
 .text.unlikely
                0x00077c00        0x0 D:\lib\dos/libfb.a(hook_inkey.o)
 .text.unlikely
                0x00077c00        0x0 D:\lib\dos/libfb.a(hook_isredir.o)
 .text.unlikely
                0x00077c00        0x0 D:\lib\dos/libfb.a(hook_lineinp.o)
 .text.unlikely
                0x00077c00        0x0 D:\lib\dos/libfb.a(hook_locate_ex.o)
 .text.unlikely
                0x00077c00        0x0 D:\lib\dos/libfb.a(hook_pageset.o)
 .text.unlikely
                0x00077c00        0x0 D:\lib\dos/libfb.a(hook_pcopy.o)
 .text.unlikely
                0x00077c00        0x0 D:\lib\dos/libfb.a(hook_printstr.o)
 .text.unlikely
                0x00077c00        0x0 D:\lib\dos/libfb.a(hook_sleep.o)
 .text.unlikely
                0x00077c00        0x0 D:\lib\dos/libfb.a(hook_width.o)
 .text.unlikely
                0x00077c00        0x0 D:\lib\dos/libfb.a(init.o)
 .text.unlikely
                0x00077c00        0x0 D:\lib\dos/libfb.a(io_cls.o)
 .text.unlikely
                0x00077c00        0x0 D:\lib\dos/libfb.a(io_getsize.o)
 .text.unlikely
                0x00077c00        0x0 D:\lib\dos/libfb.a(io_getx.o)
 .text.unlikely
                0x00077c00        0x0 D:\lib\dos/libfb.a(io_getxy.o)
 .text.unlikely
                0x00077c00        0x0 D:\lib\dos/libfb.a(io_hinkey.o)
 .text.unlikely
                0x00077c00        0x0 D:\lib\dos/libfb.a(io_inkey.o)
 .text.unlikely
                0x00077c00        0x0 D:\lib\dos/libfb.a(io_input.o)
 .text.unlikely
                0x00077c00        0x0 D:\lib\dos/libfb.a(io_isredir.o)
 .text.unlikely
                0x00077c00        0x0 D:\lib\dos/libfb.a(io_locate.o)
 .text.unlikely
                0x00077c00        0x0 D:\lib\dos/libfb.a(io_mouse.o)
 .text.unlikely
                0x00077c00        0x0 D:\lib\dos/libfb.a(io_multikey.o)
 .text.unlikely
                0x00077c00        0x0 D:\lib\dos/libfb.a(io_pageset.o)
 .text.unlikely
                0x00077c00        0x0 D:\lib\dos/libfb.a(io_pcopy.o)
 .text.unlikely
                0x00077c00        0x0 D:\lib\dos/libfb.a(io_print.o)
 .text.unlikely
                0x00077c00        0x0 D:\lib\dos/libfb.a(io_print_fix.o)
 .text.unlikely
                0x00077c00        0x0 D:\lib\dos/libfb.a(io_print_int.o)
 .text.unlikely
                0x00077c00        0x0 D:\lib\dos/libfb.a(io_print_wstr.o)
 .text.unlikely
                0x00077c00        0x0 D:\lib\dos/libfb.a(io_printbuff.o)
 .text.unlikely
                0x00077c00        0x0 D:\lib\dos/libfb.a(io_printpad.o)
 .text.unlikely
                0x00077c00        0x0 D:\lib\dos/libfb.a(io_printvoid.o)
 .text.unlikely
                0x00077c00        0x0 D:\lib\dos/libfb.a(io_printvoid_wstr.o)
 .text.unlikely
                0x00077c00        0x0 D:\lib\dos/libfb.a(io_scroll.o)
 .text.unlikely
                0x00077c00        0x0 D:\lib\dos/libfb.a(io_setpos.o)
 .text.unlikely
                0x00077c00        0x0 D:\lib\dos/libfb.a(io_view.o)
 .text.unlikely
                0x00077c00        0x0 D:\lib\dos/libfb.a(io_viewhlp.o)
 .text.unlikely
                0x00077c00        0x0 D:\lib\dos/libfb.a(io_width.o)
 .text.unlikely
                0x00077c00        0x0 D:\lib\dos/libfb.a(str_asc.o)
 .text.unlikely
                0x00077c00        0x0 D:\lib\dos/libfb.a(str_assign.o)
 .text.unlikely
                0x00077c00        0x0 D:\lib\dos/libfb.a(str_chr.o)
 .text.unlikely
                0x00077c00        0x0 D:\lib\dos/libfb.a(str_comp.o)
 .text.unlikely
                0x00077c00        0x0 D:\lib\dos/libfb.a(str_concat.o)
 .text.unlikely